[    0.000000] microcode: microcode updated early to revision 0xca, date = 2019-10-03
[    0.000000] Linux version 5.3.0-53-generic (buildd@lgw01-amd64-016) (gcc version 7.5.0 (Ubuntu 7.5.0-3ubuntu1~18.04)) #47~18.04.1-Ubuntu SMP Thu May 7 13:10:50 UTC 2020 (Ubuntu 5.3.0-53.47~18.04.1-generic 5.3.18)
[    0.000000] Command line: BOOT_IMAGE=/boot/vmlinuz-5.3.0-53-generic root=UUID=7bef8097-d51b-4535-a80c-6e0c2fdae0d6 ro quiet splash vt.handoff=1
[    0.000000] KERNEL supported cpus:
[    0.000000]   Intel GenuineIntel
[    0.000000]   AMD AuthenticAMD
[    0.000000]   Hygon HygonGenuine
[    0.000000]   Centaur CentaurHauls
[    0.000000]   zhaoxin   Shanghai  
[    0.000000] x86/fpu: Supporting XSAVE feature 0x001: 'x87 floating point registers'
[    0.000000] x86/fpu: Supporting XSAVE feature 0x002: 'SSE registers'
[    0.000000] x86/fpu: Supporting XSAVE feature 0x004: 'AVX registers'
[    0.000000] x86/fpu: Supporting XSAVE feature 0x008: 'MPX bounds registers'
[    0.000000] x86/fpu: Supporting XSAVE feature 0x010: 'MPX CSR'
[    0.000000] x86/fpu: xstate_offset[2]:  576, xstate_sizes[2]:  256
[    0.000000] x86/fpu: xstate_offset[3]:  832, xstate_sizes[3]:   64
[    0.000000] x86/fpu: xstate_offset[4]:  896, xstate_sizes[4]:   64
[    0.000000] x86/fpu: Enabled xstate features 0x1f, context size is 960 bytes, using 'compacted' format.
[    0.000000] BIOS-provided physical RAM map:
[    0.000000] BIOS-e820: [mem 0x0000000000000000-0x0000000000057fff] usable
[    0.000000] BIOS-e820: [mem 0x0000000000058000-0x0000000000058fff] reserved
[    0.000000] BIOS-e820: [mem 0x0000000000059000-0x000000000009dfff] usable
[    0.000000] BIOS-e820: [mem 0x000000000009e000-0x00000000000fffff] reserved
[    0.000000] BIOS-e820: [mem 0x0000000000100000-0x00000000849f0fff] usable
[    0.000000] BIOS-e820: [mem 0x00000000849f1000-0x00000000849f1fff] ACPI NVS
[    0.000000] BIOS-e820: [mem 0x00000000849f2000-0x00000000849f2fff] reserved
[    0.000000] BIOS-e820: [mem 0x00000000849f3000-0x0000000089e71fff] usable
[    0.000000] BIOS-e820: [mem 0x0000000089e72000-0x000000008ad1ffff] reserved
[    0.000000] BIOS-e820: [mem 0x000000008ad20000-0x000000008ad6afff] ACPI data
[    0.000000] BIOS-e820: [mem 0x000000008ad6b000-0x000000008ae01fff] ACPI NVS
[    0.000000] BIOS-e820: [mem 0x000000008ae02000-0x000000008b37efff] reserved
[    0.000000] BIOS-e820: [mem 0x000000008b37f000-0x000000008b3fefff] usable
[    0.000000] BIOS-e820: [mem 0x000000008b3ff000-0x000000008fffffff] reserved
[    0.000000] BIOS-e820: [mem 0x00000000f0000000-0x00000000f7ffffff] reserved
[    0.000000] BIOS-e820: [mem 0x00000000fe000000-0x00000000fe010fff] reserved
[    0.000000] BIOS-e820: [mem 0x00000000fec00000-0x00000000fec00fff] reserved
[    0.000000] BIOS-e820: [mem 0x00000000fed00000-0x00000000fed00fff] reserved
[    0.000000] BIOS-e820: [mem 0x00000000fee00000-0x00000000fee00fff] reserved
[    0.000000] BIOS-e820: [mem 0x00000000ff000000-0x00000000ffffffff] reserved
[    0.000000] BIOS-e820: [mem 0x0000000100000000-0x000000026effffff] usable
[    0.000000] NX (Execute Disable) protection: active
[    0.000000] e820: update [mem 0x83391018-0x833a1057] usable ==> usable
[    0.000000] e820: update [mem 0x83391018-0x833a1057] usable ==> usable
[    0.000000] e820: update [mem 0x83364018-0x83390057] usable ==> usable
[    0.000000] e820: update [mem 0x83364018-0x83390057] usable ==> usable
[    0.000000] extended physical RAM map:
[    0.000000] reserve setup_data: [mem 0x0000000000000000-0x0000000000057fff] usable
[    0.000000] reserve setup_data: [mem 0x0000000000058000-0x0000000000058fff] reserved
[    0.000000] reserve setup_data: [mem 0x0000000000059000-0x000000000009dfff] usable
[    0.000000] reserve setup_data: [mem 0x000000000009e000-0x00000000000fffff] reserved
[    0.000000] reserve setup_data: [mem 0x0000000000100000-0x0000000083364017] usable
[    0.000000] reserve setup_data: [mem 0x0000000083364018-0x0000000083390057] usable
[    0.000000] reserve setup_data: [mem 0x0000000083390058-0x0000000083391017] usable
[    0.000000] reserve setup_data: [mem 0x0000000083391018-0x00000000833a1057] usable
[    0.000000] reserve setup_data: [mem 0x00000000833a1058-0x00000000849f0fff] usable
[    0.000000] reserve setup_data: [mem 0x00000000849f1000-0x00000000849f1fff] ACPI NVS
[    0.000000] reserve setup_data: [mem 0x00000000849f2000-0x00000000849f2fff] reserved
[    0.000000] reserve setup_data: [mem 0x00000000849f3000-0x0000000089e71fff] usable
[    0.000000] reserve setup_data: [mem 0x0000000089e72000-0x000000008ad1ffff] reserved
[    0.000000] reserve setup_data: [mem 0x000000008ad20000-0x000000008ad6afff] ACPI data
[    0.000000] reserve setup_data: [mem 0x000000008ad6b000-0x000000008ae01fff] ACPI NVS
[    0.000000] reserve setup_data: [mem 0x000000008ae02000-0x000000008b37efff] reserved
[    0.000000] reserve setup_data: [mem 0x000000008b37f000-0x000000008b3fefff] usable
[    0.000000] reserve setup_data: [mem 0x000000008b3ff000-0x000000008fffffff] reserved
[    0.000000] reserve setup_data: [mem 0x00000000f0000000-0x00000000f7ffffff] reserved
[    0.000000] reserve setup_data: [mem 0x00000000fe000000-0x00000000fe010fff] reserved
[    0.000000] reserve setup_data: [mem 0x00000000fec00000-0x00000000fec00fff] reserved
[    0.000000] reserve setup_data: [mem 0x00000000fed00000-0x00000000fed00fff] reserved
[    0.000000] reserve setup_data: [mem 0x00000000fee00000-0x00000000fee00fff] reserved
[    0.000000] reserve setup_data: [mem 0x00000000ff000000-0x00000000ffffffff] reserved
[    0.000000] reserve setup_data: [mem 0x0000000100000000-0x000000026effffff] usable
[    0.000000] efi: EFI v2.60 by American Megatrends
[    0.000000] efi:  TPMFinalLog=0x8add1000  ACPI 2.0=0x8ad2f000  ACPI=0x8ad2f000  SMBIOS=0x8b203000  SMBIOS 3.0=0x8b202000  ESRT=0x8885e898  TPMEventLog=0x84ad2018 
[    0.000000] secureboot: Secure boot disabled
[    0.000000] SMBIOS 3.0.0 present.
[    0.000000] DMI: ASUSTeK COMPUTER INC. X510UNR/X510UNR, BIOS X510UNR.309 05/14/2019
[    0.000000] tsc: Detected 1800.000 MHz processor
[    0.000000] [Firmware Bug]: TSC ADJUST: CPU0: -16110630 force to 0
[    0.001099] e820: update [mem 0x00000000-0x00000fff] usable ==> reserved
[    0.001102] e820: remove [mem 0x000a0000-0x000fffff] usable
[    0.001113] last_pfn = 0x26f000 max_arch_pfn = 0x400000000
[    0.001119] MTRR default type: write-back
[    0.001120] MTRR fixed ranges enabled:
[    0.001122]   00000-9FFFF write-back
[    0.001123]   A0000-BFFFF uncachable
[    0.001124]   C0000-FFFFF write-protect
[    0.001125] MTRR variable ranges enabled:
[    0.001128]   0 base 00C0000000 mask 7FC0000000 uncachable
[    0.001129]   1 base 00A0000000 mask 7FE0000000 uncachable
[    0.001130]   2 base 0090000000 mask 7FF0000000 uncachable
[    0.001132]   3 base 008C000000 mask 7FFC000000 uncachable
[    0.001133]   4 base 008B800000 mask 7FFF800000 uncachable
[    0.001134]   5 disabled
[    0.001135]   6 disabled
[    0.001135]   7 disabled
[    0.001136]   8 disabled
[    0.001137]   9 disabled
[    0.001919] x86/PAT: Configuration [0-7]: WB  WC  UC- UC  WB  WP  UC- WT  
[    0.002228] last_pfn = 0x8b3ff max_arch_pfn = 0x400000000
[    0.021206] esrt: Reserving ESRT space from 0x000000008885e898 to 0x000000008885e8d0.
[    0.021213] e820: update [mem 0x8885e000-0x8885efff] usable ==> reserved
[    0.021236] check: Scanning 1 areas for low memory corruption
[    0.021242] Using GB pages for direct mapping
[    0.021244] BRK [0x185c01000, 0x185c01fff] PGTABLE
[    0.021247] BRK [0x185c02000, 0x185c02fff] PGTABLE
[    0.021249] BRK [0x185c03000, 0x185c03fff] PGTABLE
[    0.021288] BRK [0x185c04000, 0x185c04fff] PGTABLE
[    0.021290] BRK [0x185c05000, 0x185c05fff] PGTABLE
[    0.021456] BRK [0x185c06000, 0x185c06fff] PGTABLE
[    0.021531] BRK [0x185c07000, 0x185c07fff] PGTABLE
[    0.021762] BRK [0x185c08000, 0x185c08fff] PGTABLE
[    0.021896] BRK [0x185c09000, 0x185c09fff] PGTABLE
[    0.021986] RAMDISK: [mem 0x3d674000-0x3fffdfff]
[    0.022001] ACPI: Early table checksum verification disabled
[    0.022005] ACPI: RSDP 0x000000008AD2F000 000024 (v02 _ASUS_)
[    0.022010] ACPI: XSDT 0x000000008AD2F0B8 0000F4 (v01 _ASUS_ Notebook 01072009 AMI  00010013)
[    0.022018] ACPI: FACP 0x000000008AD5AD30 000114 (v06 _ASUS_ Notebook 01072009 AMI  00010013)
[    0.022026] ACPI: DSDT 0x000000008AD2F240 02BAEF (v02 _ASUS_ Notebook 01072009 INTL 20160422)
[    0.022031] ACPI: FACS 0x000000008ADD0F00 000040
[    0.022034] ACPI: APIC 0x000000008AD5AE48 0000BC (v03 _ASUS_ Notebook 01072009 AMI  00010013)
[    0.022039] ACPI: FPDT 0x000000008AD5AF08 000044 (v01 _ASUS_ Notebook 01072009 AMI  00010013)
[    0.022042] ACPI: FIDT 0x000000008AD5AF50 00009C (v01 _ASUS_ Notebook 01072009 AMI  00010013)
[    0.022047] ACPI: ECDT 0x000000008AD5AFF0 0000C1 (v01 _ASUS_ Notebook 01072009 AMI. 00000005)
[    0.022051] ACPI: MCFG 0x000000008AD5B0B8 00003C (v01 _ASUS_ Notebook 01072009 MSFT 00000097)
[    0.022055] ACPI: SSDT 0x000000008AD5B0F8 000359 (v01 SataRe SataTabl 00001000 INTL 20160422)
[    0.022059] ACPI: SSDT 0x000000008AD5B458 007394 (v02 DptfTa DptfTabl 00001000 INTL 20160422)
[    0.022063] ACPI: MSDM 0x000000008AD627F0 000055 (v03 _ASUS_ Notebook 01072009 ASUS 00000001)
[    0.022067] ACPI: SSDT 0x000000008AD62848 003147 (v02 SaSsdt SaSsdt   00003000 INTL 20160422)
[    0.022071] ACPI: HPET 0x000000008AD65990 000038 (v01 INTEL  KBL-ULT  00000001 MSFT 0000005F)
[    0.022075] ACPI: UEFI 0x000000008AD659C8 000042 (v01 _ASUS_ Notebook 00000002      01000013)
[    0.022079] ACPI: SSDT 0x000000008AD65A10 0017AE (v02 CpuRef CpuSsdt  00003000 INTL 20160422)
[    0.022083] ACPI: LPIT 0x000000008AD671C0 000094 (v01 INTEL  KBL-ULT  00000000 MSFT 0000005F)
[    0.022087] ACPI: SSDT 0x000000008AD67258 000141 (v02 INTEL  HdaDsp   00000000 INTL 20160422)
[    0.022091] ACPI: SSDT 0x000000008AD673A0 00029F (v02 INTEL  sensrhub 00000000 INTL 20160422)
[    0.022095] ACPI: SSDT 0x000000008AD67640 000517 (v02 INTEL  TbtTypeC 00000000 INTL 20160422)
[    0.022099] ACPI: DBGP 0x000000008AD67B58 000034 (v01 INTEL           00000002 MSFT 0000005F)
[    0.022103] ACPI: DBG2 0x000000008AD67B90 000054 (v00 INTEL           00000002 MSFT 0000005F)
[    0.022106] ACPI: SSDT 0x000000008AD67BE8 000829 (v02 SgRef  SgPch    00001000 INTL 20160422)
[    0.022111] ACPI: SSDT 0x000000008AD68418 00039B (v02 SgRef  SgUlx    00001000 INTL 20160422)
[    0.022115] ACPI: DMAR 0x000000008AD687B8 000138 (v01 INTEL  KBL      00000001 INTL 00000001)
[    0.022119] ACPI: BGRT 0x000000008AD688F0 000038 (v01 _ASUS_ Notebook 01072009 AMI  00010013)
[    0.022123] ACPI: TPM2 0x000000008AD68928 000034 (v03 _ASUS_ Notebook 00000001 AMI  00000000)
[    0.022126] ACPI: SSDT 0x000000008AD68960 001F33 (v01 OptRef OptTabl  00001000 INTL 20160422)
[    0.022130] ACPI: WSMT 0x000000008AD6A898 000028 (v01 _ASUS_ Notebook 01072009 AMI  00010013)
[    0.022144] ACPI: Local APIC address 0xfee00000
[    0.022398] No NUMA configuration found
[    0.022399] Faking a node at [mem 0x0000000000000000-0x000000026effffff]
[    0.022416] NODE_DATA(0) allocated [mem 0x26efd5000-0x26effffff]
[    0.022726] Zone ranges:
[    0.022727]   DMA      [mem 0x0000000000001000-0x0000000000ffffff]
[    0.022729]   DMA32    [mem 0x0000000001000000-0x00000000ffffffff]
[    0.022730]   Normal   [mem 0x0000000100000000-0x000000026effffff]
[    0.022732]   Device   empty
[    0.022733] Movable zone start for each node
[    0.022738] Early memory node ranges
[    0.022739]   node   0: [mem 0x0000000000001000-0x0000000000057fff]
[    0.022741]   node   0: [mem 0x0000000000059000-0x000000000009dfff]
[    0.022742]   node   0: [mem 0x0000000000100000-0x00000000849f0fff]
[    0.022743]   node   0: [mem 0x00000000849f3000-0x0000000089e71fff]
[    0.022744]   node   0: [mem 0x000000008b37f000-0x000000008b3fefff]
[    0.022745]   node   0: [mem 0x0000000100000000-0x000000026effffff]
[    0.023064] Zeroed struct page in unavailable ranges: 29044 pages
[    0.023066] Initmem setup node 0 [mem 0x0000000000001000-0x000000026effffff]
[    0.023068] On node 0 totalpages: 2068108
[    0.023069]   DMA zone: 64 pages used for memmap
[    0.023070]   DMA zone: 22 pages reserved
[    0.023072]   DMA zone: 3996 pages, LIFO batch:0
[    0.023147]   DMA32 zone: 8764 pages used for memmap
[    0.023149]   DMA32 zone: 560880 pages, LIFO batch:63
[    0.037476]   Normal zone: 23488 pages used for memmap
[    0.037477]   Normal zone: 1503232 pages, LIFO batch:63
[    0.064689] Reserving Intel graphics memory at [mem 0x8c000000-0x8fffffff]
[    0.065017] ACPI: PM-Timer IO Port: 0x1808
[    0.065019] ACPI: Local APIC address 0xfee00000
[    0.065029] ACPI: LAPIC_NMI (acpi_id[0x01] high edge lint[0x1])
[    0.065030] ACPI: LAPIC_NMI (acpi_id[0x02] high edge lint[0x1])
[    0.065031] ACPI: LAPIC_NMI (acpi_id[0x03] high edge lint[0x1])
[    0.065032] ACPI: LAPIC_NMI (acpi_id[0x04] high edge lint[0x1])
[    0.065033] ACPI: LAPIC_NMI (acpi_id[0x05] high edge lint[0x1])
[    0.065033] ACPI: LAPIC_NMI (acpi_id[0x06] high edge lint[0x1])
[    0.065034] ACPI: LAPIC_NMI (acpi_id[0x07] high edge lint[0x1])
[    0.065035] ACPI: LAPIC_NMI (acpi_id[0x08] high edge lint[0x1])
[    0.065065] IOAPIC[0]: apic_id 2, version 32, address 0xfec00000, GSI 0-119
[    0.065067] ACPI: INT_SRC_OVR (bus 0 bus_irq 0 global_irq 2 dfl dfl)
[    0.065069] ACPI: INT_SRC_OVR (bus 0 bus_irq 9 global_irq 9 high level)
[    0.065071] ACPI: IRQ0 used by override.
[    0.065073] ACPI: IRQ9 used by override.
[    0.065075] Using ACPI (MADT) for SMP configuration information
[    0.065077] ACPI: HPET id: 0x8086a201 base: 0xfed00000
[    0.065087] e820: update [mem 0x8868c000-0x886bafff] usable ==> reserved
[    0.065102] smpboot: Allowing 8 CPUs, 0 hotplug CPUs
[    0.065133] PM: Registered nosave memory: [mem 0x00000000-0x00000fff]
[    0.065135] PM: Registered nosave memory: [mem 0x00058000-0x00058fff]
[    0.065138] PM: Registered nosave memory: [mem 0x0009e000-0x000fffff]
[    0.065140] PM: Registered nosave memory: [mem 0x83364000-0x83364fff]
[    0.065142] PM: Registered nosave memory: [mem 0x83390000-0x83390fff]
[    0.065143] PM: Registered nosave memory: [mem 0x83391000-0x83391fff]
[    0.065146] PM: Registered nosave memory: [mem 0x833a1000-0x833a1fff]
[    0.065148] PM: Registered nosave memory: [mem 0x849f1000-0x849f1fff]
[    0.065149] PM: Registered nosave memory: [mem 0x849f2000-0x849f2fff]
[    0.065151] PM: Registered nosave memory: [mem 0x8868c000-0x886bafff]
[    0.065154] PM: Registered nosave memory: [mem 0x8885e000-0x8885efff]
[    0.065156] PM: Registered nosave memory: [mem 0x89e72000-0x8ad1ffff]
[    0.065157] PM: Registered nosave memory: [mem 0x8ad20000-0x8ad6afff]
[    0.065158] PM: Registered nosave memory: [mem 0x8ad6b000-0x8ae01fff]
[    0.065159] PM: Registered nosave memory: [mem 0x8ae02000-0x8b37efff]
[    0.065161] PM: Registered nosave memory: [mem 0x8b3ff000-0x8fffffff]
[    0.065162] PM: Registered nosave memory: [mem 0x90000000-0xefffffff]
[    0.065163] PM: Registered nosave memory: [mem 0xf0000000-0xf7ffffff]
[    0.065164] PM: Registered nosave memory: [mem 0xf8000000-0xfdffffff]
[    0.065164] PM: Registered nosave memory: [mem 0xfe000000-0xfe010fff]
[    0.065165] PM: Registered nosave memory: [mem 0xfe011000-0xfebfffff]
[    0.065166] PM: Registered nosave memory: [mem 0xfec00000-0xfec00fff]
[    0.065167] PM: Registered nosave memory: [mem 0xfec01000-0xfecfffff]
[    0.065168] PM: Registered nosave memory: [mem 0xfed00000-0xfed00fff]
[    0.065168] PM: Registered nosave memory: [mem 0xfed01000-0xfedfffff]
[    0.065169] PM: Registered nosave memory: [mem 0xfee00000-0xfee00fff]
[    0.065170] PM: Registered nosave memory: [mem 0xfee01000-0xfeffffff]
[    0.065171] PM: Registered nosave memory: [mem 0xff000000-0xffffffff]
[    0.065173] [mem 0x90000000-0xefffffff] available for PCI devices
[    0.065175] Booting paravirtualized kernel on bare hardware
[    0.065179] clocksource: refined-jiffies: mask: 0xffffffff max_cycles: 0xffffffff, max_idle_ns: 7645519600211568 ns
[    0.065188] setup_percpu: NR_CPUS:8192 nr_cpumask_bits:8 nr_cpu_ids:8 nr_node_ids:1
[    0.065535] percpu: Embedded 54 pages/cpu s184320 r8192 d28672 u262144
[    0.065546] pcpu-alloc: s184320 r8192 d28672 u262144 alloc=1*2097152
[    0.065547] pcpu-alloc: [0] 0 1 2 3 4 5 6 7 
[    0.065592] Built 1 zonelists, mobility grouping on.  Total pages: 2035770
[    0.065593] Policy zone: Normal
[    0.065595] Kernel command line: BOOT_IMAGE=/boot/vmlinuz-5.3.0-53-generic root=UUID=7bef8097-d51b-4535-a80c-6e0c2fdae0d6 ro quiet splash vt.handoff=1
[    0.066512] Dentry cache hash table entries: 1048576 (order: 11, 8388608 bytes, linear)
[    0.066938] Inode-cache hash table entries: 524288 (order: 10, 4194304 bytes, linear)
[    0.067060] mem auto-init: stack:off, heap alloc:on, heap free:off
[    0.073950] Calgary: detecting Calgary via BIOS EBDA area
[    0.073952] Calgary: Unable to locate Rio Grande table in EBDA - bailing!
[    0.111302] Memory: 7879916K/8272432K available (14339K kernel code, 2369K rwdata, 4668K rodata, 2664K init, 5072K bss, 392516K reserved, 0K cma-reserved)
[    0.111311] random: get_random_u64 called from __kmem_cache_create+0x41/0x550 with crng_init=0
[    0.111515] SLUB: HWalign=64, Order=0-3, MinObjects=0, CPUs=8, Nodes=1
[    0.111533] Kernel/User page tables isolation: enabled
[    0.111552] ftrace: allocating 43313 entries in 170 pages
[    0.138797] rcu: Hierarchical RCU implementation.
[    0.138799] rcu: 	RCU restricting CPUs from NR_CPUS=8192 to nr_cpu_ids=8.
[    0.138800] 	Tasks RCU enabled.
[    0.138801] rcu: RCU calculated value of scheduler-enlistment delay is 25 jiffies.
[    0.138802] rcu: Adjusting geometry for rcu_fanout_leaf=16, nr_cpu_ids=8
[    0.143940] NR_IRQS: 524544, nr_irqs: 2048, preallocated irqs: 16
[    0.144339] random: crng done (trusting CPU's manufacturer)
[    0.144376] vt handoff: transparent VT on vt#1
[    0.144390] Console: colour dummy device 80x25
[    0.144396] printk: console [tty0] enabled
[    0.144421] ACPI: Core revision 20190703
[    0.144949] clocksource: hpet: mask: 0xffffffff max_cycles: 0xffffffff, max_idle_ns: 79635855245 ns
[    0.145021] APIC: Switch to symmetric I/O mode setup
[    0.145023] DMAR: Host address width 39
[    0.145025] DMAR: DRHD base: 0x000000fed90000 flags: 0x0
[    0.145033] DMAR: dmar0: reg_base_addr fed90000 ver 1:0 cap 1c0000c40660462 ecap 19e2ff0505e
[    0.145035] DMAR: DRHD base: 0x000000fed91000 flags: 0x1
[    0.145040] DMAR: dmar1: reg_base_addr fed91000 ver 1:0 cap d2008c40660462 ecap f050da
[    0.145042] DMAR: RMRR base: 0x0000008a488000 end: 0x0000008a4a7fff
[    0.145043] DMAR: RMRR base: 0x0000008b800000 end: 0x0000008fffffff
[    0.145044] DMAR: ANDD device: 1 name: \_SB.PCI0.I2C0
[    0.145045] DMAR: ANDD device: 2 name: \_SB.PCI0.I2C1
[    0.145046] DMAR: ANDD device: 7 name: \_SB.PCI0.SPI0
[    0.145047] DMAR: ANDD device: 9 name: \_SB.PCI0.UA00
[    0.145049] DMAR-IR: IOAPIC id 2 under DRHD base  0xfed91000 IOMMU 1
[    0.145050] DMAR-IR: HPET id 0 under DRHD base 0xfed91000
[    0.145051] DMAR-IR: Queued invalidation will be enabled to support x2apic and Intr-remapping.
[    0.146965] DMAR-IR: Enabled IRQ remapping in x2apic mode
[    0.146966] x2apic enabled
[    0.146981] Switched APIC routing to cluster x2apic.
[    0.151058] ..TIMER: vector=0x30 apic1=0 pin1=2 apic2=-1 pin2=-1
[    0.168992] clocksource: tsc-early: mask: 0xffffffffffffffff max_cycles: 0x19f2297dd97, max_idle_ns: 440795236593 ns
[    0.168998] Calibrating delay loop (skipped), value calculated using timer frequency.. 3600.00 BogoMIPS (lpj=7200000)
[    0.169002] pid_max: default: 32768 minimum: 301
[    0.174827] LSM: Security Framework initializing
[    0.174840] Yama: becoming mindful.
[    0.174906] AppArmor: AppArmor initialized
[    0.174981] Mount-cache hash table entries: 16384 (order: 5, 131072 bytes, linear)
[    0.175007] Mountpoint-cache hash table entries: 16384 (order: 5, 131072 bytes, linear)
[    0.175252] *** VALIDATE proc ***
[    0.175324] *** VALIDATE cgroup1 ***
[    0.175326] *** VALIDATE cgroup2 ***
[    0.175410] mce: CPU0: Thermal monitoring enabled (TM1)
[    0.175448] process: using mwait in idle threads
[    0.175452] Last level iTLB entries: 4KB 64, 2MB 8, 4MB 8
[    0.175453] Last level dTLB entries: 4KB 64, 2MB 0, 4MB 0, 1GB 4
[    0.175457] Spectre V1 : Mitigation: usercopy/swapgs barriers and __user pointer sanitization
[    0.175459] Spectre V2 : Mitigation: Full generic retpoline
[    0.175459] Spectre V2 : Spectre v2 / SpectreRSB mitigation: Filling RSB on context switch
[    0.175460] Spectre V2 : Enabling Restricted Speculation for firmware calls
[    0.175462] Spectre V2 : mitigation: Enabling conditional Indirect Branch Prediction Barrier
[    0.175463] Spectre V2 : User space: Mitigation: STIBP via seccomp and prctl
[    0.175465] Speculative Store Bypass: Mitigation: Speculative Store Bypass disabled via prctl and seccomp
[    0.175469] MDS: Mitigation: Clear CPU buffers
[    0.175872] Freeing SMP alternatives memory: 40K
[    0.179677] TSC deadline timer enabled
[    0.179682] smpboot: CPU0: Intel(R) Core(TM) i5-8250U CPU @ 1.60GHz (family: 0x6, model: 0x8e, stepping: 0xa)
[    0.179837] Performance Events: PEBS fmt3+, Skylake events, 32-deep LBR, full-width counters, Intel PMU driver.
[    0.179846] ... version:                4
[    0.179846] ... bit width:              48
[    0.179847] ... generic registers:      4
[    0.179848] ... value mask:             0000ffffffffffff
[    0.179849] ... max period:             00007fffffffffff
[    0.179850] ... fixed-purpose events:   3
[    0.179851] ... event mask:             000000070000000f
[    0.179912] rcu: Hierarchical SRCU implementation.
[    0.180995] NMI watchdog: Enabled. Permanently consumes one hw-PMU counter.
[    0.180995] smp: Bringing up secondary CPUs ...
[    0.180995] x86: Booting SMP configuration:
[    0.180995] .... node  #0, CPUs:      #1
[    0.004727] [Firmware Bug]: TSC ADJUST differs within socket(s), fixing all errors
[    0.183430]  #2 #3 #4
[    0.190545] MDS CPU bug present and SMT on, data leak possible. See https://www.kernel.org/doc/html/latest/admin-guide/hw-vuln/mds.html for more details.
[    0.190545]  #5 #6 #7
[    0.193770] smp: Brought up 1 node, 8 CPUs
[    0.193770] smpboot: Max logical packages: 1
[    0.193770] smpboot: Total of 8 processors activated (28800.00 BogoMIPS)
[    0.197359] devtmpfs: initialized
[    0.197359] x86/mm: Memory block size: 128MB
[    0.198233] PM: Registering ACPI NVS region [mem 0x849f1000-0x849f1fff] (4096 bytes)
[    0.198233] PM: Registering ACPI NVS region [mem 0x8ad6b000-0x8ae01fff] (618496 bytes)
[    0.198233] clocksource: jiffies: mask: 0xffffffff max_cycles: 0xffffffff, max_idle_ns: 7645041785100000 ns
[    0.198233] futex hash table entries: 2048 (order: 5, 131072 bytes, linear)
[    0.198233] pinctrl core: initialized pinctrl subsystem
[    0.198233] PM: RTC time: 05:57:36, date: 2020-06-09
[    0.198233] NET: Registered protocol family 16
[    0.198233] audit: initializing netlink subsys (disabled)
[    0.198233] audit: type=2000 audit(1591682256.052:1): state=initialized audit_enabled=0 res=1
[    0.198233] EISA bus registered
[    0.198233] cpuidle: using governor ladder
[    0.198233] cpuidle: using governor menu
[    0.198233] ACPI FADT declares the system doesn't support PCIe ASPM, so disable it
[    0.198233] ACPI: bus type PCI registered
[    0.198233] acpiphp: ACPI Hot Plug PCI Controller Driver version: 0.5
[    0.198233] PCI: MMCONFIG for domain 0000 [bus 00-7f] at [mem 0xf0000000-0xf7ffffff] (base 0xf0000000)
[    0.198233] PCI: MMCONFIG at [mem 0xf0000000-0xf7ffffff] reserved in E820
[    0.198233] PCI: Using configuration type 1 for base access
[    0.198233] ENERGY_PERF_BIAS: Set to 'normal', was 'performance'
[    0.202568] HugeTLB registered 1.00 GiB page size, pre-allocated 0 pages
[    0.202568] HugeTLB registered 2.00 MiB page size, pre-allocated 0 pages
[    0.205135] ACPI: Added _OSI(Module Device)
[    0.205136] ACPI: Added _OSI(Processor Device)
[    0.205137] ACPI: Added _OSI(3.0 _SCP Extensions)
[    0.205138] ACPI: Added _OSI(Processor Aggregator Device)
[    0.205140] ACPI: Added _OSI(Linux-Dell-Video)
[    0.205141] ACPI: Added _OSI(Linux-Lenovo-NV-HDMI-Audio)
[    0.205142] ACPI: Added _OSI(Linux-HPI-Hybrid-Graphics)
[    0.290301] ACPI: 11 ACPI AML tables successfully acquired and loaded
[    0.293834] ACPI: EC: EC started
[    0.293835] ACPI: EC: interrupt blocked
[    0.297933] ACPI: \: Used as first EC
[    0.297936] ACPI: \: GPE=0x50, EC_CMD/EC_SC=0x66, EC_DATA=0x62
[    0.297937] ACPI: EC: Boot ECDT EC used to handle transactions
[    0.311431] ACPI: Dynamic OEM Table Load:
[    0.311449] ACPI: SSDT 0xFFFF8F77A53A9000 00058B (v02 PmRef  Cpu0Ist  00003000 INTL 20160422)
[    0.314658] ACPI: \_PR_.PR00: _OSC native thermal LVT Acked
[    0.317640] ACPI: Dynamic OEM Table Load:
[    0.317649] ACPI: SSDT 0xFFFF8F77A4F07000 0003FF (v02 PmRef  Cpu0Cst  00003001 INTL 20160422)
[    0.320778] ACPI: Dynamic OEM Table Load:
[    0.320785] ACPI: SSDT 0xFFFF8F77A4CE1B40 0000BA (v02 PmRef  Cpu0Hwp  00003000 INTL 20160422)
[    0.323754] ACPI: Dynamic OEM Table Load:
[    0.323762] ACPI: SSDT 0xFFFF8F77A53AD800 000628 (v02 PmRef  HwpLvt   00003000 INTL 20160422)
[    0.327516] ACPI: Dynamic OEM Table Load:
[    0.327528] ACPI: SSDT 0xFFFF8F77A4CAE000 000D14 (v02 PmRef  ApIst    00003000 INTL 20160422)
[    0.332079] ACPI: Dynamic OEM Table Load:
[    0.332087] ACPI: SSDT 0xFFFF8F77A4F04800 000317 (v02 PmRef  ApHwp    00003000 INTL 20160422)
[    0.335296] ACPI: Dynamic OEM Table Load:
[    0.335303] ACPI: SSDT 0xFFFF8F77A4F00800 00030A (v02 PmRef  ApCst    00003000 INTL 20160422)
[    0.344435] ACPI: Interpreter enabled
[    0.344511] ACPI: (supports S0 S3 S4 S5)
[    0.344512] ACPI: Using IOAPIC for interrupt routing
[    0.344582] PCI: Using host bridge windows from ACPI; if necessary, use "pci=nocrs" and report a bug
[    0.346832] ACPI: Enabled 6 GPEs in block 00 to 7F
[    0.355629] ACPI: Power Resource [WRST] (on)
[    0.355957] ACPI: Power Resource [WRST] (on)
[    0.356281] ACPI: Power Resource [WRST] (on)
[    0.356602] ACPI: Power Resource [WRST] (on)
[    0.356932] ACPI: Power Resource [WRST] (on)
[    0.357037] ACPI: Power Resource [PC01] (on)
[    0.359121] ACPI: Power Resource [WRST] (on)
[    0.359448] ACPI: Power Resource [WRST] (on)
[    0.359771] ACPI: Power Resource [WRST] (on)
[    0.360092] ACPI: Power Resource [WRST] (on)
[    0.360914] ACPI: Power Resource [WRST] (on)
[    0.361249] ACPI: Power Resource [WRST] (on)
[    0.361573] ACPI: Power Resource [WRST] (on)
[    0.361894] ACPI: Power Resource [WRST] (on)
[    0.362220] ACPI: Power Resource [WRST] (on)
[    0.362543] ACPI: Power Resource [WRST] (on)
[    0.362874] ACPI: Power Resource [WRST] (on)
[    0.363630] ACPI: Power Resource [WRST] (on)
[    0.363951] ACPI: Power Resource [WRST] (on)
[    0.364278] ACPI: Power Resource [WRST] (on)
[    0.391840] ACPI: PCI Root Bridge [PCI0] (domain 0000 [bus 00-7e])
[    0.391851] acpi PNP0A08:00: _OSC: OS supports [ExtendedConfig ASPM ClockPM Segments MSI HPX-Type3]
[    0.394739] acpi PNP0A08:00: _OSC: OS now controls [PCIeHotplug SHPCHotplug PME AER PCIeCapability LTR]
[    0.394740] acpi PNP0A08:00: FADT indicates ASPM is unsupported, using BIOS configuration
[    0.396097] PCI host bridge to bus 0000:00
[    0.396100] pci_bus 0000:00: root bus resource [io  0x0000-0x0cf7 window]
[    0.396102] pci_bus 0000:00: root bus resource [io  0x0d00-0xffff window]
[    0.396104] pci_bus 0000:00: root bus resource [mem 0x000a0000-0x000bffff window]
[    0.396105] pci_bus 0000:00: root bus resource [mem 0x000c0000-0x000c3fff window]
[    0.396107] pci_bus 0000:00: root bus resource [mem 0x000c4000-0x000c7fff window]
[    0.396108] pci_bus 0000:00: root bus resource [mem 0x000c8000-0x000cbfff window]
[    0.396110] pci_bus 0000:00: root bus resource [mem 0x000cc000-0x000cffff window]
[    0.396111] pci_bus 0000:00: root bus resource [mem 0x000d0000-0x000d3fff window]
[    0.396113] pci_bus 0000:00: root bus resource [mem 0x000d4000-0x000d7fff window]
[    0.396114] pci_bus 0000:00: root bus resource [mem 0x000d8000-0x000dbfff window]
[    0.396116] pci_bus 0000:00: root bus resource [mem 0x000dc000-0x000dffff window]
[    0.396117] pci_bus 0000:00: root bus resource [mem 0x000e0000-0x000e3fff window]
[    0.396118] pci_bus 0000:00: root bus resource [mem 0x000e4000-0x000e7fff window]
[    0.396120] pci_bus 0000:00: root bus resource [mem 0x000e8000-0x000ebfff window]
[    0.396121] pci_bus 0000:00: root bus resource [mem 0x000ec000-0x000effff window]
[    0.396123] pci_bus 0000:00: root bus resource [mem 0x000f0000-0x000fffff window]
[    0.396124] pci_bus 0000:00: root bus resource [mem 0x90000000-0xefffffff window]
[    0.396126] pci_bus 0000:00: root bus resource [mem 0xfd000000-0xfe7fffff window]
[    0.396128] pci_bus 0000:00: root bus resource [bus 00-7e]
[    0.396144] pci 0000:00:00.0: [8086:5914] type 00 class 0x060000
[    0.396857] pci 0000:00:02.0: [8086:5917] type 00 class 0x030000
[    0.396876] pci 0000:00:02.0: reg 0x10: [mem 0xed000000-0xedffffff 64bit]
[    0.396886] pci 0000:00:02.0: reg 0x18: [mem 0xc0000000-0xcfffffff 64bit pref]
[    0.396893] pci 0000:00:02.0: reg 0x20: [io  0xf000-0xf03f]
[    0.396920] pci 0000:00:02.0: BAR 2: assigned to efifb
[    0.397209] pci 0000:00:04.0: [8086:1903] type 00 class 0x118000
[    0.397229] pci 0000:00:04.0: reg 0x10: [mem 0xef220000-0xef227fff 64bit]
[    0.397624] pci 0000:00:14.0: [8086:9d2f] type 00 class 0x0c0330
[    0.397654] pci 0000:00:14.0: reg 0x10: [mem 0xef210000-0xef21ffff 64bit]
[    0.397748] pci 0000:00:14.0: PME# supported from D3hot D3cold
[    0.398183] pci 0000:00:14.2: [8086:9d31] type 00 class 0x118000
[    0.398212] pci 0000:00:14.2: reg 0x10: [mem 0xef23a000-0xef23afff 64bit]
[    0.398612] pci 0000:00:15.0: [8086:9d60] type 00 class 0x118000
[    0.398876] pci 0000:00:15.0: reg 0x10: [mem 0xef239000-0xef239fff 64bit]
[    0.400079] pci 0000:00:15.1: [8086:9d61] type 00 class 0x118000
[    0.400343] pci 0000:00:15.1: reg 0x10: [mem 0xef238000-0xef238fff 64bit]
[    0.401490] pci 0000:00:16.0: [8086:9d3a] type 00 class 0x078000
[    0.401524] pci 0000:00:16.0: reg 0x10: [mem 0xef237000-0xef237fff 64bit]
[    0.401621] pci 0000:00:16.0: PME# supported from D3hot
[    0.402008] pci 0000:00:17.0: [8086:9d03] type 00 class 0x010601
[    0.402033] pci 0000:00:17.0: reg 0x10: [mem 0xef230000-0xef231fff]
[    0.402043] pci 0000:00:17.0: reg 0x14: [mem 0xef236000-0xef2360ff]
[    0.402054] pci 0000:00:17.0: reg 0x18: [io  0xf090-0xf097]
[    0.402064] pci 0000:00:17.0: reg 0x1c: [io  0xf080-0xf083]
[    0.402074] pci 0000:00:17.0: reg 0x20: [io  0xf060-0xf07f]
[    0.402084] pci 0000:00:17.0: reg 0x24: [mem 0xef235000-0xef2357ff]
[    0.402144] pci 0000:00:17.0: PME# supported from D3hot
[    0.402469] pci 0000:00:1c.0: [8086:9d10] type 01 class 0x060400
[    0.402586] pci 0000:00:1c.0: PME# supported from D0 D3hot D3cold
[    0.402991] pci 0000:00:1c.5: [8086:9d15] type 01 class 0x060400
[    0.403121] pci 0000:00:1c.5: PME# supported from D0 D3hot D3cold
[    0.403599] pci 0000:00:1e.0: [8086:9d27] type 00 class 0x118000
[    0.403863] pci 0000:00:1e.0: reg 0x10: [mem 0xef234000-0xef234fff 64bit]
[    0.405066] pci 0000:00:1e.2: [8086:9d29] type 00 class 0x118000
[    0.405330] pci 0000:00:1e.2: reg 0x10: [mem 0xef233000-0xef233fff 64bit]
[    0.406477] pci 0000:00:1f.0: [8086:9d4e] type 00 class 0x060100
[    0.406891] pci 0000:00:1f.2: [8086:9d21] type 00 class 0x058000
[    0.406909] pci 0000:00:1f.2: reg 0x10: [mem 0xef22c000-0xef22ffff]
[    0.407246] pci 0000:00:1f.3: [8086:9d71] type 00 class 0x040300
[    0.407279] pci 0000:00:1f.3: reg 0x10: [mem 0xef228000-0xef22bfff 64bit]
[    0.407310] pci 0000:00:1f.3: reg 0x20: [mem 0xef200000-0xef20ffff 64bit]
[    0.407374] pci 0000:00:1f.3: PME# supported from D3hot D3cold
[    0.407876] pci 0000:00:1f.4: [8086:9d23] type 00 class 0x0c0500
[    0.407938] pci 0000:00:1f.4: reg 0x10: [mem 0xef232000-0xef2320ff 64bit]
[    0.408010] pci 0000:00:1f.4: reg 0x20: [io  0xf040-0xf05f]
[    0.408460] pci 0000:01:00.0: [10de:1d10] type 00 class 0x030200
[    0.408492] pci 0000:01:00.0: reg 0x10: [mem 0xee000000-0xeeffffff]
[    0.408509] pci 0000:01:00.0: reg 0x14: [mem 0xd0000000-0xdfffffff 64bit pref]
[    0.408524] pci 0000:01:00.0: reg 0x1c: [mem 0xe0000000-0xe1ffffff 64bit pref]
[    0.408535] pci 0000:01:00.0: reg 0x24: [io  0xe000-0xe07f]
[    0.408546] pci 0000:01:00.0: reg 0x30: [mem 0xef000000-0xef07ffff pref]
[    0.408573] pci 0000:01:00.0: Enabling HDA controller
[    0.408881] pci 0000:00:1c.0: PCI bridge to [bus 01]
[    0.408884] pci 0000:00:1c.0:   bridge window [io  0xe000-0xefff]
[    0.408888] pci 0000:00:1c.0:   bridge window [mem 0xee000000-0xef0fffff]
[    0.408894] pci 0000:00:1c.0:   bridge window [mem 0xd0000000-0xe1ffffff 64bit pref]
[    0.409371] pci 0000:02:00.0: [8086:24fd] type 00 class 0x028000
[    0.409522] pci 0000:02:00.0: reg 0x10: [mem 0xef100000-0xef101fff 64bit]
[    0.410069] pci 0000:02:00.0: PME# supported from D0 D3hot D3cold
[    0.411050] pci 0000:00:1c.5: PCI bridge to [bus 02]
[    0.411056] pci 0000:00:1c.5:   bridge window [mem 0xef100000-0xef1fffff]
[    0.416173] ACPI: PCI Interrupt Link [LNKA] (IRQs 3 4 5 6 10 *11 12 14 15)
[    0.416280] ACPI: PCI Interrupt Link [LNKB] (IRQs 3 4 5 6 *10 11 12 14 15)
[    0.416383] ACPI: PCI Interrupt Link [LNKC] (IRQs 3 4 5 6 10 *11 12 14 15)
[    0.416486] ACPI: PCI Interrupt Link [LNKD] (IRQs 3 4 5 6 10 *11 12 14 15)
[    0.416589] ACPI: PCI Interrupt Link [LNKE] (IRQs 3 4 5 6 10 *11 12 14 15)
[    0.416691] ACPI: PCI Interrupt Link [LNKF] (IRQs 3 4 5 6 10 *11 12 14 15)
[    0.416793] ACPI: PCI Interrupt Link [LNKG] (IRQs 3 4 5 6 10 *11 12 14 15)
[    0.416896] ACPI: PCI Interrupt Link [LNKH] (IRQs 3 4 5 6 10 *11 12 14 15)
[    0.418154] ACPI: EC: interrupt unblocked
[    0.418177] ACPI: EC: event unblocked
[    0.418193] ACPI: \_SB_.PCI0.LPCB.EC0_: GPE=0x50, EC_CMD/EC_SC=0x66, EC_DATA=0x62
[    0.418195] ACPI: \_SB_.PCI0.LPCB.EC0_: Boot DSDT EC used to handle transactions and events
[    0.418320] SCSI subsystem initialized
[    0.418320] libata version 3.00 loaded.
[    0.418320] pci 0000:00:02.0: vgaarb: setting as boot VGA device
[    0.418320] pci 0000:00:02.0: vgaarb: VGA device added: decodes=io+mem,owns=io+mem,locks=none
[    0.418320] pci 0000:00:02.0: vgaarb: bridge control possible
[    0.418320] vgaarb: loaded
[    0.418320] ACPI: bus type USB registered
[    0.418320] usbcore: registered new interface driver usbfs
[    0.418320] usbcore: registered new interface driver hub
[    0.418320] usbcore: registered new device driver usb
[    0.418320] pps_core: LinuxPPS API ver. 1 registered
[    0.418320] pps_core: Software ver. 5.3.6 - Copyright 2005-2007 Rodolfo Giometti <giometti@linux.it>
[    0.418320] PTP clock support registered
[    0.418320] EDAC MC: Ver: 3.0.0
[    0.418320] Registered efivars operations
[    0.418320] PCI: Using ACPI for IRQ routing
[    0.433743] PCI: pci_cache_line_size set to 64 bytes
[    0.434402] e820: reserve RAM buffer [mem 0x00058000-0x0005ffff]
[    0.434404] e820: reserve RAM buffer [mem 0x0009e000-0x0009ffff]
[    0.434405] e820: reserve RAM buffer [mem 0x83364018-0x83ffffff]
[    0.434406] e820: reserve RAM buffer [mem 0x83391018-0x83ffffff]
[    0.434408] e820: reserve RAM buffer [mem 0x849f1000-0x87ffffff]
[    0.434409] e820: reserve RAM buffer [mem 0x8868c000-0x8bffffff]
[    0.434411] e820: reserve RAM buffer [mem 0x8885e000-0x8bffffff]
[    0.434413] e820: reserve RAM buffer [mem 0x89e72000-0x8bffffff]
[    0.434414] e820: reserve RAM buffer [mem 0x8b3ff000-0x8bffffff]
[    0.434416] e820: reserve RAM buffer [mem 0x26f000000-0x26fffffff]
[    0.434553] NetLabel: Initializing
[    0.434554] NetLabel:  domain hash size = 128
[    0.434554] NetLabel:  protocols = UNLABELED CIPSOv4 CALIPSO
[    0.434575] NetLabel:  unlabeled traffic allowed by default
[    0.434596] hpet0: at MMIO 0xfed00000, IRQs 2, 8, 0, 0, 0, 0, 0, 0
[    0.434596] hpet0: 8 comparators, 64-bit 24.000000 MHz counter
[    0.437027] clocksource: Switched to clocksource tsc-early
[    0.454728] VFS: Disk quotas dquot_6.6.0
[    0.454751] VFS: Dquot-cache hash table entries: 512 (order 0, 4096 bytes)
[    0.454791] *** VALIDATE hugetlbfs ***
[    0.454914] AppArmor: AppArmor Filesystem Enabled
[    0.454954] pnp: PnP ACPI init
[    0.455513] system 00:00: [io  0x0680-0x069f] has been reserved
[    0.455516] system 00:00: [io  0xffff] has been reserved
[    0.455518] system 00:00: [io  0xffff] has been reserved
[    0.455520] system 00:00: [io  0xffff] has been reserved
[    0.455522] system 00:00: [io  0x1800-0x18fe] has been reserved
[    0.455523] system 00:00: [io  0x164e-0x164f] has been reserved
[    0.455530] system 00:00: Plug and Play ACPI device, IDs PNP0c02 (active)
[    0.455727] pnp 00:01: Plug and Play ACPI device, IDs PNP0b00 (active)
[    0.455796] system 00:02: [io  0x1854-0x1857] has been reserved
[    0.455801] system 00:02: Plug and Play ACPI device, IDs INT3f0d PNP0c02 (active)
[    0.456123] pnp 00:03: Plug and Play ACPI device, IDs ATK3001 PNP030b (active)
[    0.456618] system 00:04: [mem 0xfed10000-0xfed17fff] has been reserved
[    0.456620] system 00:04: [mem 0xfed18000-0xfed18fff] has been reserved
[    0.456622] system 00:04: [mem 0xfed19000-0xfed19fff] has been reserved
[    0.456624] system 00:04: [mem 0xf0000000-0xf7ffffff] has been reserved
[    0.456625] system 00:04: [mem 0xfed20000-0xfed3ffff] has been reserved
[    0.456628] system 00:04: [mem 0xfed90000-0xfed93fff] could not be reserved
[    0.456629] system 00:04: [mem 0xfed45000-0xfed8ffff] has been reserved
[    0.456632] system 00:04: [mem 0xff000000-0xffffffff] has been reserved
[    0.456634] system 00:04: [mem 0xfee00000-0xfeefffff] could not be reserved
[    0.456636] system 00:04: [mem 0xeffe0000-0xefffffff] has been reserved
[    0.456641] system 00:04: Plug and Play ACPI device, IDs PNP0c02 (active)
[    0.456716] system 00:05: [mem 0xfd000000-0xfdabffff] has been reserved
[    0.456718] system 00:05: [mem 0xfdad0000-0xfdadffff] has been reserved
[    0.456720] system 00:05: [mem 0xfdb00000-0xfdffffff] has been reserved
[    0.456722] system 00:05: [mem 0xfe000000-0xfe01ffff] could not be reserved
[    0.456724] system 00:05: [mem 0xfe036000-0xfe03bfff] has been reserved
[    0.456726] system 00:05: [mem 0xfe03d000-0xfe3fffff] has been reserved
[    0.456728] system 00:05: [mem 0xfe410000-0xfe7fffff] has been reserved
[    0.456732] system 00:05: Plug and Play ACPI device, IDs PNP0c02 (active)
[    0.457356] system 00:06: [io  0xff00-0xfffe] has been reserved
[    0.457361] system 00:06: Plug and Play ACPI device, IDs PNP0c02 (active)
[    0.459917] system 00:07: [mem 0xfe029000-0xfe029fff] has been reserved
[    0.459919] system 00:07: [mem 0xfe028000-0xfe028fff] has been reserved
[    0.459921] system 00:07: [mem 0xfdaf0000-0xfdafffff] has been reserved
[    0.459922] system 00:07: [mem 0xfdae0000-0xfdaeffff] has been reserved
[    0.459924] system 00:07: [mem 0xfdac0000-0xfdacffff] has been reserved
[    0.459929] system 00:07: Plug and Play ACPI device, IDs PNP0c02 (active)
[    0.462203] pnp: PnP ACPI: found 8 devices
[    0.464061] thermal_sys: Registered thermal governor 'fair_share'
[    0.464063] thermal_sys: Registered thermal governor 'bang_bang'
[    0.464064] thermal_sys: Registered thermal governor 'step_wise'
[    0.464065] thermal_sys: Registered thermal governor 'user_space'
[    0.464066] thermal_sys: Registered thermal governor 'power_allocator'
[    0.468585] clocksource: acpi_pm: mask: 0xffffff max_cycles: 0xffffff, max_idle_ns: 2085701024 ns
[    0.468640] pci 0000:00:1c.0: PCI bridge to [bus 01]
[    0.468644] pci 0000:00:1c.0:   bridge window [io  0xe000-0xefff]
[    0.468650] pci 0000:00:1c.0:   bridge window [mem 0xee000000-0xef0fffff]
[    0.468654] pci 0000:00:1c.0:   bridge window [mem 0xd0000000-0xe1ffffff 64bit pref]
[    0.468660] pci 0000:00:1c.5: PCI bridge to [bus 02]
[    0.468667] pci 0000:00:1c.5:   bridge window [mem 0xef100000-0xef1fffff]
[    0.468677] pci_bus 0000:00: resource 4 [io  0x0000-0x0cf7 window]
[    0.468678] pci_bus 0000:00: resource 5 [io  0x0d00-0xffff window]
[    0.468680] pci_bus 0000:00: resource 6 [mem 0x000a0000-0x000bffff window]
[    0.468682] pci_bus 0000:00: resource 7 [mem 0x000c0000-0x000c3fff window]
[    0.468683] pci_bus 0000:00: resource 8 [mem 0x000c4000-0x000c7fff window]
[    0.468685] pci_bus 0000:00: resource 9 [mem 0x000c8000-0x000cbfff window]
[    0.468687] pci_bus 0000:00: resource 10 [mem 0x000cc000-0x000cffff window]
[    0.468688] pci_bus 0000:00: resource 11 [mem 0x000d0000-0x000d3fff window]
[    0.468690] pci_bus 0000:00: resource 12 [mem 0x000d4000-0x000d7fff window]
[    0.468691] pci_bus 0000:00: resource 13 [mem 0x000d8000-0x000dbfff window]
[    0.468693] pci_bus 0000:00: resource 14 [mem 0x000dc000-0x000dffff window]
[    0.468694] pci_bus 0000:00: resource 15 [mem 0x000e0000-0x000e3fff window]
[    0.468696] pci_bus 0000:00: resource 16 [mem 0x000e4000-0x000e7fff window]
[    0.468697] pci_bus 0000:00: resource 17 [mem 0x000e8000-0x000ebfff window]
[    0.468699] pci_bus 0000:00: resource 18 [mem 0x000ec000-0x000effff window]
[    0.468700] pci_bus 0000:00: resource 19 [mem 0x000f0000-0x000fffff window]
[    0.468702] pci_bus 0000:00: resource 20 [mem 0x90000000-0xefffffff window]
[    0.468704] pci_bus 0000:00: resource 21 [mem 0xfd000000-0xfe7fffff window]
[    0.468705] pci_bus 0000:01: resource 0 [io  0xe000-0xefff]
[    0.468707] pci_bus 0000:01: resource 1 [mem 0xee000000-0xef0fffff]
[    0.468709] pci_bus 0000:01: resource 2 [mem 0xd0000000-0xe1ffffff 64bit pref]
[    0.468710] pci_bus 0000:02: resource 1 [mem 0xef100000-0xef1fffff]
[    0.469039] NET: Registered protocol family 2
[    0.469222] tcp_listen_portaddr_hash hash table entries: 4096 (order: 4, 65536 bytes, linear)
[    0.469288] TCP established hash table entries: 65536 (order: 7, 524288 bytes, linear)
[    0.469496] TCP bind hash table entries: 65536 (order: 8, 1048576 bytes, linear)
[    0.469612] TCP: Hash tables configured (established 65536 bind 65536)
[    0.469664] UDP hash table entries: 4096 (order: 5, 131072 bytes, linear)
[    0.469703] UDP-Lite hash table entries: 4096 (order: 5, 131072 bytes, linear)
[    0.469824] NET: Registered protocol family 1
[    0.469831] NET: Registered protocol family 44
[    0.469845] pci 0000:00:02.0: Video device with shadowed ROM at [mem 0x000c0000-0x000dffff]
[    0.470608] PCI: CLS 64 bytes, default 64
[    0.470662] Trying to unpack rootfs image as initramfs...
[    1.478971] Freeing initrd memory: 42536K
[    1.479059] DMAR: ACPI device "device:71" under DMAR at fed91000 as 00:15.0
[    1.479063] DMAR: ACPI device "device:72" under DMAR at fed91000 as 00:15.1
[    1.479067] DMAR: ACPI device "device:73" under DMAR at fed91000 as 00:1e.2
[    1.479071] DMAR: ACPI device "device:74" under DMAR at fed91000 as 00:1e.0
[    1.501058] PCI-DMA: Using software bounce buffering for IO (SWIOTLB)
[    1.501065] software IO TLB: mapped [mem 0x7f364000-0x83364000] (64MB)
[    1.501533] check: Scanning for low memory corruption every 60 seconds
[    1.503720] Initialise system trusted keyrings
[    1.503736] Key type blacklist registered
[    1.503789] workingset: timestamp_bits=36 max_order=21 bucket_order=0
[    1.505773] zbud: loaded
[    1.506310] squashfs: version 4.0 (2009/01/31) Phillip Lougher
[    1.506527] fuse: init (API version 7.31)
[    1.506679] Platform Keyring initialized
[    1.513294] Key type asymmetric registered
[    1.513297] Asymmetric key parser 'x509' registered
[    1.513311] Block layer SCSI generic (bsg) driver version 0.4 loaded (major 244)
[    1.513367] io scheduler mq-deadline registered
[    1.513921] pcieport 0000:00:1c.0: PME: Signaling with IRQ 122
[    1.513999] pcieport 0000:00:1c.0: AER: enabled with IRQ 122
[    1.514345] pcieport 0000:00:1c.5: PME: Signaling with IRQ 123
[    1.514413] pcieport 0000:00:1c.5: AER: enabled with IRQ 123
[    1.514508] shpchp: Standard Hot Plug PCI Controller Driver version: 0.4
[    1.514597] efifb: probing for efifb
[    1.514622] efifb: Ignoring BGRT: unexpected or invalid BMP data
[    1.514624] efifb: framebuffer at 0xc0000000, using 1876k, total 1875k
[    1.514625] efifb: mode is 800x600x32, linelength=3200, pages=1
[    1.514626] efifb: scrolling: redraw
[    1.514628] efifb: Truecolor: size=8:8:8:8, shift=24:16:8:0
[    1.514678] fbcon: Deferring console take-over
[    1.514679] fb0: EFI VGA frame buffer device
[    1.514689] intel_idle: MWAIT substates: 0x11142120
[    1.514690] intel_idle: v0.4.1 model 0x8E
[    1.515346] intel_idle: lapic_timer_reliable_states 0xffffffff
[    1.515682] ACPI: AC Adapter [AC0] (on-line)
[    1.515802] input: Lid Switch as /devices/LNXSYSTM:00/LNXSYBUS:00/PNP0A08:00/device:19/PNP0C09:01/PNP0C0D:00/input/input0
[    1.515812] ACPI: Lid Switch [LID]
[    1.515888] input: Sleep Button as /devices/LNXSYSTM:00/LNXSYBUS:00/PNP0C0E:00/input/input1
[    1.515897] ACPI: Sleep Button [SLPB]
[    1.515933] input: Power Button as /devices/LNXSYSTM:00/LNXSYBUS:00/PNP0C0C:00/input/input2
[    1.515941] ACPI: Power Button [PWRB]
[    1.515979] input: Power Button as /devices/LNXSYSTM:00/LNXPWRBN:00/input/input3
[    1.515995] ACPI: Power Button [PWRF]
[    1.519075] thermal LNXTHERM:00: registered as thermal_zone0
[    1.519076] ACPI: Thermal Zone [THRM] (34 C)
[    1.519353] Serial: 8250/16550 driver, 32 ports, IRQ sharing enabled
[    1.522579] Linux agpgart interface v0.103
[    1.530444] battery: ACPI: Battery Slot [BAT0] (battery present)
[    1.543189] loop: module loaded
[    1.543515] libphy: Fixed MDIO Bus: probed
[    1.543516] tun: Universal TUN/TAP device driver, 1.6
[    1.543610] PPP generic driver version 2.4.2
[    1.543719] ehci_hcd: USB 2.0 'Enhanced' Host Controller (EHCI) Driver
[    1.543722] ehci-pci: EHCI PCI platform driver
[    1.543735] ehci-platform: EHCI generic platform driver
[    1.543750] ohci_hcd: USB 1.1 'Open' Host Controller (OHCI) Driver
[    1.543752] ohci-pci: OHCI PCI platform driver
[    1.543762] ohci-platform: OHCI generic platform driver
[    1.543773] uhci_hcd: USB Universal Host Controller Interface driver
[    1.544037] xhci_hcd 0000:00:14.0: xHCI Host Controller
[    1.544044] xhci_hcd 0000:00:14.0: new USB bus registered, assigned bus number 1
[    1.545143] xhci_hcd 0000:00:14.0: hcc params 0x200077c1 hci version 0x100 quirks 0x0000000081109810
[    1.545936] xhci_hcd 0000:00:14.0: cache line size of 64 is not supported
[    1.546172] usb usb1: New USB device found, idVendor=1d6b, idProduct=0002, bcdDevice= 5.03
[    1.546174] usb usb1: New USB device strings: Mfr=3, Product=2, SerialNumber=1
[    1.546176] usb usb1: Product: xHCI Host Controller
[    1.546178] usb usb1: Manufacturer: Linux 5.3.0-53-generic xhci-hcd
[    1.546179] usb usb1: SerialNumber: 0000:00:14.0
[    1.546372] hub 1-0:1.0: USB hub found
[    1.546390] hub 1-0:1.0: 12 ports detected
[    1.547876] xhci_hcd 0000:00:14.0: xHCI Host Controller
[    1.547880] xhci_hcd 0000:00:14.0: new USB bus registered, assigned bus number 2
[    1.547884] xhci_hcd 0000:00:14.0: Host supports USB 3.0 SuperSpeed
[    1.547930] usb usb2: New USB device found, idVendor=1d6b, idProduct=0003, bcdDevice= 5.03
[    1.547932] usb usb2: New USB device strings: Mfr=3, Product=2, SerialNumber=1
[    1.547933] usb usb2: Product: xHCI Host Controller
[    1.547935] usb usb2: Manufacturer: Linux 5.3.0-53-generic xhci-hcd
[    1.547936] usb usb2: SerialNumber: 0000:00:14.0
[    1.548109] hub 2-0:1.0: USB hub found
[    1.548122] hub 2-0:1.0: 6 ports detected
[    1.548470] usb: port power management may be unreliable
[    1.548930] i8042: PNP: PS/2 Controller [PNP030b:PS2K] at 0x60,0x64 irq 1
[    1.548931] i8042: PNP: PS/2 appears to have AUX port disabled, if this is incorrect please boot with i8042.nopnp
[    1.550132] serio: i8042 KBD port at 0x60,0x64 irq 1
[    1.550363] mousedev: PS/2 mouse device common for all mice
[    1.550896] rtc_cmos 00:01: RTC can wake from S4
[    1.551390] rtc_cmos 00:01: registered as rtc0
[    1.551407] rtc_cmos 00:01: alarms up to one month, y3k, 242 bytes nvram, hpet irqs
[    1.551416] i2c /dev entries driver
[    1.551474] device-mapper: uevent: version 1.0.3
[    1.551623] device-mapper: ioctl: 4.40.0-ioctl (2019-01-18) initialised: dm-devel@redhat.com
[    1.551660] platform eisa.0: Probing EISA bus 0
[    1.551662] platform eisa.0: EISA: Cannot allocate resource for mainboard
[    1.551664] platform eisa.0: Cannot allocate resource for EISA slot 1
[    1.551666] platform eisa.0: Cannot allocate resource for EISA slot 2
[    1.551667] platform eisa.0: Cannot allocate resource for EISA slot 3
[    1.551668] platform eisa.0: Cannot allocate resource for EISA slot 4
[    1.551670] platform eisa.0: Cannot allocate resource for EISA slot 5
[    1.551671] platform eisa.0: Cannot allocate resource for EISA slot 6
[    1.551672] platform eisa.0: Cannot allocate resource for EISA slot 7
[    1.551674] platform eisa.0: Cannot allocate resource for EISA slot 8
[    1.551675] platform eisa.0: EISA: Detected 0 cards
[    1.551680] intel_pstate: Intel P-state driver initializing
[    1.552853] intel_pstate: HWP enabled
[    1.552934] ledtrig-cpu: registered to indicate activity on CPUs
[    1.552937] EFI Variables Facility v0.08 2004-May-17
[    1.576600] intel_pmc_core INT33A1:00:  initialized
[    1.576776] NET: Registered protocol family 10
[    1.580973] Segment Routing with IPv6
[    1.580985] NET: Registered protocol family 17
[    1.581016] Key type dns_resolver registered
[    1.581465] RAS: Correctable Errors collector initialized.
[    1.581486] microcode: sig=0x806ea, pf=0x80, revision=0xca
[    1.581693] microcode: Microcode Update Driver: v2.2.
[    1.581700] sched_clock: Marking stable (1580963048, 727429)->(1587114398, -5423921)
[    1.582072] registered taskstats version 1
[    1.582079] Loading compiled-in X.509 certificates
[    1.583314] Loaded X.509 cert 'Build time autogenerated kernel key: 08838d266c8704d3d582ec0b8cbad5486d1a5fab'
[    1.583339] zswap: loaded using pool lzo/zbud
[    1.587846] Key type big_key registered
[    1.587849] Key type trusted registered
[    1.590195] Key type encrypted registered
[    1.590198] AppArmor: AppArmor sha1 policy hashing enabled
[    1.591147] input: AT Translated Set 2 keyboard as /devices/platform/i8042/serio0/input/input4
[    1.592055] ima: Allocated hash algorithm: sha1
[    1.641105] No architecture policies found
[    1.641113] evm: Initialising EVM extended attributes:
[    1.641114] evm: security.selinux
[    1.641114] evm: security.SMACK64
[    1.641115] evm: security.SMACK64EXEC
[    1.641115] evm: security.SMACK64TRANSMUTE
[    1.641115] evm: security.SMACK64MMAP
[    1.641115] evm: security.apparmor
[    1.641116] evm: security.ima
[    1.641116] evm: security.capability
[    1.641117] evm: HMAC attrs: 0x1
[    1.642164] PM:   Magic number: 8:645:971
[    1.642430] rtc_cmos 00:01: setting system clock to 2020-06-09T05:57:37 UTC (1591682257)
[    1.643504] Freeing unused decrypted memory: 2040K
[    1.643971] Freeing unused kernel image memory: 2664K
[    1.649133] Write protecting the kernel read-only data: 22528k
[    1.649980] Freeing unused kernel image memory: 2008K
[    1.650272] Freeing unused kernel image memory: 1476K
[    1.656948] x86/mm: Checked W+X mappings: passed, no W+X pages found.
[    1.656949] x86/mm: Checking user space page tables
[    1.663508] x86/mm: Checked W+X mappings: passed, no W+X pages found.
[    1.663509] Run /init as init process
[    1.735821] hidraw: raw HID events driver (C) Jiri Kosina
[    1.737768] ahci 0000:00:17.0: version 3.0
[    1.738007] ahci 0000:00:17.0: AHCI 0001.0301 32 slots 3 ports 6 Gbps 0x7 impl SATA mode
[    1.738009] ahci 0000:00:17.0: flags: 64bit ncq pm led clo only pio slum part deso sadm sds apst 
[    1.738608] scsi host0: ahci
[    1.738750] scsi host1: ahci
[    1.738998] scsi host2: ahci
[    1.739052] ata1: SATA max UDMA/133 abar m2048@0xef235000 port 0xef235100 irq 125
[    1.739053] ata2: SATA max UDMA/133 abar m2048@0xef235000 port 0xef235180 irq 125
[    1.739055] ata3: SATA max UDMA/133 abar m2048@0xef235000 port 0xef235200 irq 125
[    1.881458] usb 1-3: new low-speed USB device number 2 using xhci_hcd
[    2.032570] usb 1-3: New USB device found, idVendor=0581, idProduct=0105, bcdDevice= 0.01
[    2.032571] usb 1-3: New USB device strings: Mfr=0, Product=0, SerialNumber=0
[    2.051994] ata1: SATA link up 6.0 Gbps (SStatus 133 SControl 300)
[    2.052012] ata2: SATA link up 6.0 Gbps (SStatus 133 SControl 300)
[    2.053610] ata2.00: ACPI cmd ef/10:06:00:00:00:00 (SET FEATURES) succeeded
[    2.053612] ata2.00: ACPI cmd f5/00:00:00:00:00:00 (SECURITY FREEZE LOCK) filtered out
[    2.053613] ata2.00: ACPI cmd b1/c1:00:00:00:00:00 (DEVICE CONFIGURATION OVERLAY) filtered out
[    2.054528] ata1.00: ACPI cmd ef/10:06:00:00:00:00 (SET FEATURES) succeeded
[    2.054530] ata1.00: ACPI cmd f5/00:00:00:00:00:00 (SECURITY FREEZE LOCK) filtered out
[    2.054531] ata1.00: ACPI cmd b1/c1:00:00:00:00:00 (DEVICE CONFIGURATION OVERLAY) filtered out
[    2.055495] ata2.00: ATA-9: SanDisk SD8SN8U128G1002, X4131002, max UDMA/133
[    2.055497] ata2.00: 250069680 sectors, multi 1: LBA48 NCQ (depth 32), AA
[    2.055960] ata3: SATA link down (SStatus 4 SControl 300)
[    2.057213] ata2.00: ACPI cmd ef/10:06:00:00:00:00 (SET FEATURES) succeeded
[    2.057215] ata2.00: ACPI cmd f5/00:00:00:00:00:00 (SECURITY FREEZE LOCK) filtered out
[    2.057216] ata2.00: ACPI cmd b1/c1:00:00:00:00:00 (DEVICE CONFIGURATION OVERLAY) filtered out
[    2.057956] ata1.00: ATA-10: TOSHIBA MQ04ABF100, JU0C0J, max UDMA/100
[    2.057957] ata1.00: 1953525168 sectors, multi 16: LBA48 NCQ (depth 32), AA
[    2.059740] ata2.00: configured for UDMA/133
[    2.062716] ata1.00: ACPI cmd ef/10:06:00:00:00:00 (SET FEATURES) succeeded
[    2.062719] ata1.00: ACPI cmd f5/00:00:00:00:00:00 (SECURITY FREEZE LOCK) filtered out
[    2.062720] ata1.00: ACPI cmd b1/c1:00:00:00:00:00 (DEVICE CONFIGURATION OVERLAY) filtered out
[    2.066565] ata1.00: configured for UDMA/100
[    2.067950] scsi 0:0:0:0: Direct-Access     ATA      TOSHIBA MQ04ABF1 0J   PQ: 0 ANSI: 5
[    2.068239] sd 0:0:0:0: Attached scsi generic sg0 type 0
[    2.068557] sd 0:0:0:0: [sda] 1953525168 512-byte logical blocks: (1.00 TB/932 GiB)
[    2.068558] sd 0:0:0:0: [sda] 4096-byte physical blocks
[    2.068607] sd 0:0:0:0: [sda] Write Protect is off
[    2.068609] sd 0:0:0:0: [sda] Mode Sense: 00 3a 00 00
[    2.068627] sd 0:0:0:0: [sda] Write cache: enabled, read cache: enabled, doesn't support DPO or FUA
[    2.069868] ahci 0000:00:17.0: port does not support device sleep
[    2.070190] scsi 1:0:0:0: Direct-Access     ATA      SanDisk SD8SN8U1 1002 PQ: 0 ANSI: 5
[    2.070426] sd 1:0:0:0: Attached scsi generic sg1 type 0
[    2.070427] sd 1:0:0:0: [sdb] 250069680 512-byte logical blocks: (128 GB/119 GiB)
[    2.070438] sd 1:0:0:0: [sdb] Write Protect is off
[    2.070439] sd 1:0:0:0: [sdb] Mode Sense: 00 3a 00 00
[    2.070454] sd 1:0:0:0: [sdb] Write cache: enabled, read cache: enabled, doesn't support DPO or FUA
[    2.072172]  sdb: sdb1 sdb2 sdb3 sdb4
[    2.072424] sd 1:0:0:0: [sdb] Attached SCSI disk
[    2.135784]  sda: sda1 sda2 sda3
[    2.136384] sd 0:0:0:0: [sda] Attached SCSI disk
[    2.165326] usb 1-6: new high-speed USB device number 3 using xhci_hcd
[    2.210772] usb 1-6: New USB device found, idVendor=13d3, idProduct=5a07, bcdDevice=16.01
[    2.210774] usb 1-6: New USB device strings: Mfr=3, Product=1, SerialNumber=2
[    2.210775] usb 1-6: Product: USB2.0 VGA UVC WebCam
[    2.210776] usb 1-6: Manufacturer: Azurewave
[    2.210776] usb 1-6: SerialNumber: 0x0001
[    2.341412] usb 1-8: new full-speed USB device number 4 using xhci_hcd
[    2.491762] usb 1-8: New USB device found, idVendor=8087, idProduct=0a2b, bcdDevice= 0.10
[    2.491764] usb 1-8: New USB device strings: Mfr=0, Product=0, SerialNumber=0
[    2.498352] usbcore: registered new interface driver usbhid
[    2.498352] usbhid: USB HID core driver
[    2.499752] input: HID 0581:0105 as /devices/pci0000:00/0000:00:14.0/usb1/1-3/1-3:1.0/0003:0581:0105.0001/input/input5
[    2.499904] hid-generic 0003:0581:0105.0001: input,hidraw0: USB HID v1.10 Mouse [HID 0581:0105] on usb-0000:00:14.0-3/input0
[    2.517364] tsc: Refined TSC clocksource calibration: 1800.006 MHz
[    2.517371] clocksource: tsc: mask: 0xffffffffffffffff max_cycles: 0x19f22f68897, max_idle_ns: 440795282550 ns
[    2.517458] clocksource: Switched to clocksource tsc
[    2.684782] fbcon: Taking over console
[    2.684847] Console: switching to colour frame buffer device 100x37
[    2.727398] EXT4-fs (sda2): mounted filesystem with ordered data mode. Opts: (null)
[    4.834944] systemd[1]: systemd 237 running in system mode. (+PAM +AUDIT +SELINUX +IMA +APPARMOR +SMACK +SYSVINIT +UTMP +LIBCRYPTSETUP +GCRYPT +GNUTLS +ACL +XZ +LZ4 +SECCOMP +BLKID +ELFUTILS +KMOD -IDN2 +IDN -PCRE2 default-hierarchy=hybrid)
[    4.853882] systemd[1]: Detected architecture x86-64.
[    4.863464] systemd[1]: Set hostname to <delorian-pc>.
[    7.382476] systemd[1]: /lib/systemd/system/bluetooth.service:3: Invalid URL, ignoring: -d
[    7.382482] systemd[1]: /lib/systemd/system/bluetooth.service:3: Invalid URL, ignoring: -d
[    7.382484] systemd[1]: /lib/systemd/system/bluetooth.service:3: Invalid URL, ignoring: -d(8)
[    7.940508] systemd[1]: Set up automount Arbitrary Executable File Formats File System Automount Point.
[    7.940538] systemd[1]: Reached target User and Group Name Lookups.
[    7.940674] systemd[1]: Created slice System Slice.
[    7.940719] systemd[1]: Listening on fsck to fsckd communication Socket.
[    8.090000] EXT4-fs (sda2): re-mounted. Opts: errors=remount-ro
[    8.500680] lp: driver loaded but no devices found
[    8.585517] systemd-journald[378]: Received request to flush runtime journal from PID 1
[    8.619593] ppdev: user-space parallel port driver
[   17.217624] input: Asus Wireless Radio Control as /devices/LNXSYSTM:00/LNXSYBUS:00/ATK4002:00/input/input6
[   17.628904] proc_thermal 0000:00:04.0: enabling device (0000 -> 0002)
[   17.629792] intel_rapl_common: Found RAPL domain package
[   17.629793] intel_rapl_common: Found RAPL domain dram
[   17.629949] proc_thermal 0000:00:04.0: Creating sysfs group for PROC_THERMAL_PCI
[   17.915515] cfg80211: Loading compiled-in X.509 certificates for regulatory database
[   17.916804] cfg80211: Loaded X.509 cert 'sforshee: 00b28ddf47aef9cea7'
[   18.055389] intel-lpss 0000:00:15.0: enabling device (0000 -> 0002)
[   18.116512] Intel(R) Wireless WiFi driver for Linux
[   18.116513] Copyright(c) 2003- 2015 Intel Corporation
[   18.116830] iwlwifi 0000:02:00.0: enabling device (0000 -> 0002)
[   18.230416] mei_me 0000:00:16.0: enabling device (0000 -> 0002)
[   18.354472] IPMI message handler: version 39.2
[   18.386673] asus_wmi: ASUS WMI generic driver loaded
[   18.388147] asus_wmi: Initialization: 0x1
[   18.388187] asus_wmi: BIOS WMI version: 9.0
[   18.388214] asus_wmi: SFUN value: 0x21
[   18.388216] asus-nb-wmi asus-nb-wmi: Detected ATK, not ASUSWMI, use DSTS
[   18.388217] asus-nb-wmi asus-nb-wmi: Detected ATK, enable event queue
[   18.389176] input: Asus WMI hotkeys as /devices/platform/asus-nb-wmi/input/input7
[   18.389309] asus_wmi: Number of fans: 0
[   18.476608] idma64 idma64.0: Found Intel integrated DMA 64-bit
[   18.482011] intel-lpss 0000:00:15.1: enabling device (0000 -> 0002)
[   18.482183] idma64 idma64.1: Found Intel integrated DMA 64-bit
[   18.486521] i2c_hid i2c-ELAN1200:00: i2c-ELAN1200:00 supply vdd not found, using dummy regulator
[   18.486529] i2c_hid i2c-ELAN1200:00: i2c-ELAN1200:00 supply vddl not found, using dummy regulator
[   18.697585] input: ELAN1200:00 04F3:303E Mouse as /devices/pci0000:00/0000:00:15.1/i2c_designware.1/i2c-1/i2c-ELAN1200:00/0018:04F3:303E.0002/input/input8
[   18.697659] input: ELAN1200:00 04F3:303E Touchpad as /devices/pci0000:00/0000:00:15.1/i2c_designware.1/i2c-1/i2c-ELAN1200:00/0018:04F3:303E.0002/input/input9
[   18.697716] hid-generic 0018:04F3:303E.0002: input,hidraw1: I2C HID v1.00 Mouse [ELAN1200:00 04F3:303E] on i2c-ELAN1200:00
[   18.698676] intel-lpss 0000:00:1e.0: enabling device (0000 -> 0002)
[   18.698928] idma64 idma64.2: Found Intel integrated DMA 64-bit
[   18.699172] intel-lpss 0000:00:1e.2: enabling device (0000 -> 0002)
[   18.699362] idma64 idma64.3: Found Intel integrated DMA 64-bit
[   18.893535] ipmi device interface
[   19.257624] RAPL PMU: API unit is 2^-32 Joules, 4 fixed counters, 655360 ms ovfl timer
[   19.257625] RAPL PMU: hw unit of domain pp0-core 2^-14 Joules
[   19.257625] RAPL PMU: hw unit of domain package 2^-14 Joules
[   19.257625] RAPL PMU: hw unit of domain dram 2^-14 Joules
[   19.257626] RAPL PMU: hw unit of domain pp1-gpu 2^-14 Joules
[   19.882683] iwlwifi 0000:02:00.0: loaded firmware version 36.9f0a2d68.0 op_mode iwlmvm
[   20.057464] cryptd: max_cpu_qlen set to 1000
[   20.442813] nvidia: loading out-of-tree module taints kernel.
[   20.442819] nvidia: module license 'NVIDIA' taints kernel.
[   20.442819] Disabling lock debugging due to kernel taint
[   20.450230] nvidia: module verification failed: signature and/or required key missing - tainting kernel
[   20.455834] nvidia-nvlink: Nvlink Core is being initialized, major device number 238
[   20.456123] nvidia 0000:01:00.0: enabling device (0006 -> 0007)
[   20.456349] NVRM: loading NVIDIA UNIX x86_64 Kernel Module  390.132  Fri Nov  1 00:40:14 PDT 2019 (using threaded interrupts)
[   20.585577] checking generic (c0000000 1d5000) vs hw (c0000000 10000000)
[   20.585578] fb0: switching to inteldrmfb from EFI VGA
[   20.585633] Console: switching to colour dummy device 80x25
[   20.585659] i915 0000:00:02.0: vgaarb: deactivate vga console
[   20.586639] [drm] Supports vblank timestamp caching Rev 2 (21.10.2013).
[   20.586639] [drm] Driver supports precise vblank timestamp query.
[   20.608082] [drm] Initialized i915 1.6.0 20190619 for 0000:00:02.0 on minor 0
[   20.609830] ACPI: Video Device [GFX0] (multi-head: yes  rom: no  post: no)
[   20.609979] input: Video Bus as /devices/LNXSYSTM:00/LNXSYBUS:00/PNP0A08:00/LNXVIDEO:00/input/input10
[   20.610069] ACPI: Video Device [PEGP] (multi-head: no  rom: yes  post: no)
[   20.610087] input: Video Bus as /devices/LNXSYSTM:00/LNXSYBUS:00/PNP0A08:00/device:24/LNXVIDEO:01/input/input11
[   20.615628] fbcon: i915drmfb (fb0) is primary device
[   20.615663] Console: switching to colour frame buffer device 240x67
[   20.615694] i915 0000:00:02.0: fb0: i915drmfb frame buffer device
[   21.225775] nvidia-modeset: Loading NVIDIA Kernel Mode Setting Driver for UNIX platforms  390.132  Fri Nov  1 04:06:17 PDT 2019
[   21.250099] [drm] [nvidia-drm] [GPU ID 0x00000100] Loading driver
[   21.250100] [drm] Initialized nvidia-drm 0.0.0 20160202 for 0000:01:00.0 on minor 1
[   21.296138] [drm] Finished loading DMC firmware i915/kbl_dmc_ver1_04.bin (v1.4)
[   21.583948] AVX2 version of gcm_enc/dec engaged.
[   21.583949] AES CTR mode by8 optimization enabled
[   21.773588] iwlwifi 0000:02:00.0: Detected Intel(R) Dual Band Wireless AC 8265, REV=0x230
[   21.778625] snd_hda_intel 0000:00:1f.3: enabling device (0000 -> 0002)
[   21.779010] snd_hda_intel 0000:00:1f.3: bound 0000:00:02.0 (ops i915_audio_component_bind_ops [i915])
[   21.835421] iwlwifi 0000:02:00.0: base HW address: a0:a4:c5:68:0f:d8
[   21.909496] ieee80211 phy0: Selected rate control algorithm 'iwl-mvm-rs'
[   21.909718] thermal thermal_zone8: failed to read out thermal zone (-61)
[   22.562860] snd_hda_codec_generic hdaudioC0D0: autoconfig for Generic: line_outs=1 (0x17/0x0/0x0/0x0/0x0) type:speaker
[   22.562865] snd_hda_codec_generic hdaudioC0D0:    speaker_outs=0 (0x0/0x0/0x0/0x0/0x0)
[   22.562866] snd_hda_codec_generic hdaudioC0D0:    hp_outs=1 (0x16/0x0/0x0/0x0/0x0)
[   22.562867] snd_hda_codec_generic hdaudioC0D0:    mono: mono_out=0x0
[   22.562867] snd_hda_codec_generic hdaudioC0D0:    inputs:
[   22.562868] snd_hda_codec_generic hdaudioC0D0:      Internal Mic=0x1a
[   22.562869] snd_hda_codec_generic hdaudioC0D0:      Mic=0x19
[   22.778468] input: HDA Intel PCH Mic as /devices/pci0000:00/0000:00:1f.3/sound/card0/input12
[   22.778507] input: HDA Intel PCH Headphone as /devices/pci0000:00/0000:00:1f.3/sound/card0/input13
[   22.778556] input: HDA Intel PCH HDMI/DP,pcm=3 as /devices/pci0000:00/0000:00:1f.3/sound/card0/input14
[   22.778588] input: HDA Intel PCH HDMI/DP,pcm=7 as /devices/pci0000:00/0000:00:1f.3/sound/card0/input15
[   22.778623] input: HDA Intel PCH HDMI/DP,pcm=8 as /devices/pci0000:00/0000:00:1f.3/sound/card0/input16
[   22.778658] input: HDA Intel PCH HDMI/DP,pcm=9 as /devices/pci0000:00/0000:00:1f.3/sound/card0/input17
[   22.778691] input: HDA Intel PCH HDMI/DP,pcm=10 as /devices/pci0000:00/0000:00:1f.3/sound/card0/input18
[   23.269349] Bluetooth: Core ver 2.22
[   23.269369] NET: Registered protocol family 31
[   23.269370] Bluetooth: HCI device and connection manager initialized
[   23.269373] Bluetooth: HCI socket layer initialized
[   23.269374] Bluetooth: L2CAP socket layer initialized
[   23.269376] Bluetooth: SCO socket layer initialized
[   23.612015] mc: Linux media interface: v0.10
[   23.645959] videodev: Linux video capture interface: v2.00
[   24.137256] usbcore: registered new interface driver btusb
[   24.137634] Bluetooth: hci0: Bootloader revision 0.0 build 26 week 38 2015
[   24.138635] Bluetooth: hci0: Device revision is 16
[   24.138635] Bluetooth: hci0: Secure boot is enabled
[   24.138636] Bluetooth: hci0: OTP lock is enabled
[   24.138636] Bluetooth: hci0: API lock is enabled
[   24.138637] Bluetooth: hci0: Debug lock is disabled
[   24.138637] Bluetooth: hci0: Minimum firmware build 1 week 10 2014
[   24.609561] mei_hdcp 0000:00:16.0-b638ab7e-94e2-4ea2-a552-d1c54b627f04: bound 0000:00:02.0 (ops i915_hdcp_component_ops [i915])
[   24.631241] intel_rapl_common: Found RAPL domain package
[   24.631242] intel_rapl_common: Found RAPL domain core
[   24.631243] intel_rapl_common: Found RAPL domain uncore
[   24.631244] intel_rapl_common: Found RAPL domain dram
[   24.687772] iwlwifi 0000:02:00.0 wlp2s0: renamed from wlan0
[   24.958224] dw-apb-uart.2: ttyS4 at MMIO 0xef234000 (irq = 20, base_baud = 115200) is a 16550A
[   25.120682] Bluetooth: hci0: Found device firmware: intel/ibt-12-16.sfi
[   25.255389] input: ELAN1200:00 04F3:303E Touchpad as /devices/pci0000:00/0000:00:15.1/i2c_designware.1/i2c-1/i2c-ELAN1200:00/0018:04F3:303E.0002/input/input20
[   25.255443] hid-multitouch 0018:04F3:303E.0002: input,hidraw1: I2C HID v1.00 Mouse [ELAN1200:00 04F3:303E] on i2c-ELAN1200:00
[   25.534726] nvidia-uvm: Loaded the UVM driver in 8 mode, major device number 236
[   25.653701] uvcvideo: Found UVC 1.00 device USB2.0 VGA UVC WebCam (13d3:5a07)
[   25.656411] uvcvideo 1-6:1.0: Entity type for entity Extension 4 was not initialized!
[   25.656412] uvcvideo 1-6:1.0: Entity type for entity Processing 2 was not initialized!
[   25.656413] uvcvideo 1-6:1.0: Entity type for entity Camera 1 was not initialized!
[   25.656455] input: USB2.0 VGA UVC WebCam: USB2.0 V as /devices/pci0000:00/0000:00:14.0/usb1/1-6/1-6:1.0/input/input21
[   25.656496] usbcore: registered new interface driver uvcvideo
[   25.656496] USB Video Class driver (1.1.1)
[   26.615778] Bluetooth: hci0: Waiting for firmware download to complete
[   26.616734] Bluetooth: hci0: Firmware loaded in 2421390 usecs
[   26.616826] Bluetooth: hci0: Waiting for device to boot
[   26.628958] Bluetooth: hci0: Device booted in 11918 usecs
[   26.668380] ACPI Warning: \_SB.PCI0.RP01.PEGP._DSM: Argument #4 type mismatch - Found [Buffer], ACPI requires [Package] (20190703/nsarguments-66)
[   26.740587] Bluetooth: hci0: Found Intel DDC parameters: intel/ibt-12-16.ddc
[   26.743654] Bluetooth: hci0: Applying Intel DDC parameters completed
[   30.705019] Adding 3999740k swap on /dev/sda3.  Priority:-2 extents:1 across:3999740k FS
[   31.442886] audit: type=1400 audit(1591682287.295:2): apparmor="STATUS" operation="profile_load" profile="unconfined" name="/usr/bin/man" pid=1028 comm="apparmor_parser"
[   31.442889] audit: type=1400 audit(1591682287.295:3): apparmor="STATUS" operation="profile_load" profile="unconfined" name="man_filter" pid=1028 comm="apparmor_parser"
[   31.442890] audit: type=1400 audit(1591682287.295:4): apparmor="STATUS" operation="profile_load" profile="unconfined" name="man_groff" pid=1028 comm="apparmor_parser"
[   31.452860] audit: type=1400 audit(1591682287.303:5): apparmor="STATUS" operation="profile_load" profile="unconfined" name="/sbin/dhclient" pid=1025 comm="apparmor_parser"
[   31.452862] audit: type=1400 audit(1591682287.303:6): apparmor="STATUS" operation="profile_load" profile="unconfined" name="/usr/lib/NetworkManager/nm-dhcp-client.action" pid=1025 comm="apparmor_parser"
[   31.452864] audit: type=1400 audit(1591682287.303:7): apparmor="STATUS" operation="profile_load" profile="unconfined" name="/usr/lib/NetworkManager/nm-dhcp-helper" pid=1025 comm="apparmor_parser"
[   31.452865] audit: type=1400 audit(1591682287.303:8): apparmor="STATUS" operation="profile_load" profile="unconfined" name="/usr/lib/connman/scripts/dhclient-script" pid=1025 comm="apparmor_parser"
[   31.454861] audit: type=1400 audit(1591682287.307:9): apparmor="STATUS" operation="profile_load" profile="unconfined" name="/usr/sbin/cups-browsed" pid=1035 comm="apparmor_parser"
[   31.490966] audit: type=1400 audit(1591682287.343:10): apparmor="STATUS" operation="profile_load" profile="unconfined" name="/usr/bin/evince" pid=1026 comm="apparmor_parser"
[   31.490968] audit: type=1400 audit(1591682287.343:11): apparmor="STATUS" operation="profile_load" profile="unconfined" name="/usr/bin/evince//sanitized_helper" pid=1026 comm="apparmor_parser"
[   35.759059] Bluetooth: BNEP (Ethernet Emulation) ver 1.3
[   35.759060] Bluetooth: BNEP filters: protocol multicast
[   35.759064] Bluetooth: BNEP socket layer initialized
[   37.750945] vboxdrv: Found 8 processor cores
[   37.769734] vboxdrv: TSC mode is Invariant, tentative frequency 1800005897 Hz
[   37.769734] vboxdrv: Successfully loaded version 6.0.22 (interface 0x00290008)
[   38.061266] VBoxNetFlt: Successfully started.
[   38.273285] VBoxNetAdp: Successfully started.
[   48.705607] wlp2s0: authenticate with 74:da:88:9e:6c:0c
[   48.718038] wlp2s0: send auth to 74:da:88:9e:6c:0c (try 1/3)
[   48.727901] wlp2s0: authenticated
[   48.729126] wlp2s0: associate with 74:da:88:9e:6c:0c (try 1/3)
[   48.739649] wlp2s0: RX AssocResp from 74:da:88:9e:6c:0c (capab=0x411 status=0 aid=2)
[   48.742386] wlp2s0: associated
[   48.982081] IPv6: ADDRCONF(NETDEV_CHANGE): wlp2s0: link becomes ready
[   52.967646] /dev/vmmon[1673]: Module vmmon: registered with major=10 minor=165
[   52.967653] /dev/vmmon[1673]: Using tsc_khz as TSC frequency: 1800006
[   52.967656] /dev/vmmon[1673]: Module vmmon: initialized
[   54.161573] Guest personality initialized and is inactive
[   54.161641] VMCI host device registered (name=vmci, major=10, minor=51)
[   54.161642] Initialized host personality
[   54.516086] bpfilter: Loaded bpfilter_umh pid 1698
[   54.516890] Started bpfilter
[   54.516898] testing the buffer
[   54.516920] testing the buffer
[   54.517778] testing the buffer
[   54.913997] testing the buffer
[   55.442016] NET: Registered protocol family 40
[   58.965131] bridge: filtering via arp/ip/ip6tables is no longer available by default. Update your scripts to load br_netfilter if you need this.
[   58.966900] virbr0: port 1(virbr0-nic) entered blocking state
[   58.966903] virbr0: port 1(virbr0-nic) entered disabled state
[   58.967013] device virbr0-nic entered promiscuous mode
[   58.979808] testing the buffer
[   58.979870] testing the buffer
[   58.979926] testing the buffer
[   58.982253] testing the buffer
[   58.990544] testing the buffer
[   59.103155] virbr0: port 1(virbr0-nic) entered blocking state
[   59.103158] virbr0: port 1(virbr0-nic) entered listening state
[   59.411800] virbr0: port 1(virbr0-nic) entered disabled state
[   60.533848] userif-3: sent link down event.
[   60.533855] userif-3: sent link up event.
[  112.360624] kauditd_printk_skb: 42 callbacks suppressed
[  112.360626] audit: type=1400 audit(1591682368.842:54): apparmor="STATUS" operation="profile_replace" profile="unconfined" name="snap.gimp.hook.post-refresh" pid=2905 comm="apparmor_parser"
[  112.372499] audit: type=1400 audit(1591682368.854:55): apparmor="STATUS" operation="profile_replace" profile="unconfined" name="snap.gimp.hook.install" pid=2904 comm="apparmor_parser"
[  112.375091] Bluetooth: RFCOMM TTY layer initialized
[  112.375097] Bluetooth: RFCOMM socket layer initialized
[  112.375100] Bluetooth: RFCOMM ver 1.11
[  112.831321] audit: type=1400 audit(1591682369.311:56): apparmor="STATUS" operation="profile_replace" profile="unconfined" name="snap.gimp.gimp" pid=2903 comm="apparmor_parser"
[  112.854938] audit: type=1400 audit(1591682369.335:57): apparmor="STATUS" operation="profile_replace" info="same as current profile, skipping" profile="unconfined" name="snap-update-ns.gimp" pid=2902 comm="apparmor_parser"
[  116.318341] rfkill: input handler disabled
[  148.158588] audit: type=1400 audit(1591682404.645:58): apparmor="STATUS" operation="profile_replace" info="same as current profile, skipping" profile="unconfined" name="/snap/core/9289/usr/lib/snapd/snap-confine" pid=3263 comm="apparmor_parser"
[  148.158610] audit: type=1400 audit(1591682404.645:59): apparmor="STATUS" operation="profile_replace" info="same as current profile, skipping" profile="unconfined" name="/snap/core/9289/usr/lib/snapd/snap-confine//mount-namespace-capture-helper" pid=3263 comm="apparmor_parser"
[  148.550101] audit: type=1400 audit(1591682405.037:60): apparmor="STATUS" operation="profile_replace" profile="unconfined" name="snap-update-ns.telegram-desktop" pid=3265 comm="apparmor_parser"
[  148.636332] audit: type=1400 audit(1591682405.121:61): apparmor="STATUS" operation="profile_replace" profile="unconfined" name="snap.telegram-desktop.telegram-desktop" pid=3266 comm="apparmor_parser"
[  148.639807] audit: type=1400 audit(1591682405.125:62): apparmor="STATUS" operation="profile_replace" info="same as current profile, skipping" profile="unconfined" name="snap-update-ns.core" pid=3268 comm="apparmor_parser"
[  148.640626] audit: type=1400 audit(1591682405.125:63): apparmor="STATUS" operation="profile_replace" info="same as current profile, skipping" profile="unconfined" name="snap.core.hook.configure" pid=3269 comm="apparmor_parser"
[ 1546.788662] debugfs: File 'le_min_key_size' in directory 'hci0' already present!
[ 1546.788676] debugfs: File 'le_max_key_size' in directory 'hci0' already present!
[ 2738.387508] Bluetooth: hci0: ACL packet for unknown connection handle 256
[ 2850.564764] userif-3: sent link down event.
[ 2850.564771] userif-3: sent link up event.
[ 6021.354338] userif-3: sent link down event.
[ 6021.354345] userif-3: sent link up event.
[ 7290.121494] userif-3: sent link down event.
[ 7290.121500] userif-3: sent link up event.
[ 7306.131467] userif-3: sent link down event.
[ 7306.131471] userif-3: sent link up event.
[ 8232.084419] Bluetooth: hci0: ACL packet for unknown connection handle 256
[ 8360.210041] debugfs: File 'le_min_key_size' in directory 'hci0' already present!
[ 8360.210047] debugfs: File 'le_max_key_size' in directory 'hci0' already present!
[ 8487.261719] debugfs: File 'le_min_key_size' in directory 'hci0' already present!
[ 8487.261723] debugfs: File 'le_max_key_size' in directory 'hci0' already present!
[ 8591.102313] debugfs: File 'le_min_key_size' in directory 'hci0' already present!
[ 8591.102317] debugfs: File 'le_max_key_size' in directory 'hci0' already present!
[ 8627.393110] debugfs: File 'le_min_key_size' in directory 'hci0' already present!
[ 8627.393114] debugfs: File 'le_max_key_size' in directory 'hci0' already present!
[ 8735.299735] debugfs: File 'le_min_key_size' in directory 'hci0' already present!
[ 8735.299741] debugfs: File 'le_max_key_size' in directory 'hci0' already present!
[ 9582.937924] debugfs: File 'le_min_key_size' in directory 'hci0' already present!
[ 9582.937928] debugfs: File 'le_max_key_size' in directory 'hci0' already present!
[ 9863.458703] usb 1-1: new high-speed USB device number 5 using xhci_hcd
[ 9863.480483] usb 1-1: New USB device found, idVendor=18d1, idProduct=4ee7, bcdDevice= 3.10
[ 9863.480489] usb 1-1: New USB device strings: Mfr=1, Product=2, SerialNumber=3
[ 9863.480494] usb 1-1: Product: Android
[ 9863.480498] usb 1-1: Manufacturer: Android
[ 9863.480502] usb 1-1: SerialNumber: 56f41a00
[ 9937.948030] usb 1-1: USB disconnect, device number 5
[10045.077606] PM: suspend entry (deep)
[10045.748939] Filesystems sync: 0.671 seconds
[10046.056976] rfkill: input handler enabled
[10046.112410] Freezing user space processes ... (elapsed 0.002 seconds) done.
[10046.114895] OOM killer disabled.
[10046.114896] Freezing remaining freezable tasks ... (elapsed 0.001 seconds) done.
[10046.116140] printk: Suspending console(s) (use no_console_suspend to debug)
[10046.147611] sd 0:0:0:0: [sda] Synchronizing SCSI cache
[10046.147649] sd 1:0:0:0: [sdb] Synchronizing SCSI cache
[10046.147814] sd 0:0:0:0: [sda] Stopping disk
[10046.153904] sd 1:0:0:0: [sdb] Stopping disk
[10046.926204] ACPI: EC: interrupt blocked
[10046.978991] ACPI: Preparing to enter system sleep state S3
[10046.983185] ACPI: EC: event blocked
[10046.983187] ACPI: EC: EC stopped
[10046.983188] PM: Saving platform NVS memory
[10046.983203] Disabling non-boot CPUs ...
[10046.985070] smpboot: CPU 1 is now offline
[10046.987731] smpboot: CPU 2 is now offline
[10046.990352] smpboot: CPU 3 is now offline
[10046.991982] IRQ 125: no longer affine to CPU4
[10046.993868] smpboot: CPU 4 is now offline
[10046.995190] IRQ 124: no longer affine to CPU5
[10046.995207] IRQ 128: no longer affine to CPU5
[10046.996260] smpboot: CPU 5 is now offline
[10046.997516] IRQ 123: no longer affine to CPU6
[10046.997534] IRQ 130: no longer affine to CPU6
[10046.998567] smpboot: CPU 6 is now offline
[10046.999862] IRQ 122: no longer affine to CPU7
[10046.999876] IRQ 126: no longer affine to CPU7
[10047.000911] smpboot: CPU 7 is now offline
[18446744064.494476] [Firmware Bug]: TSC ADJUST differs: CPU0 0 --> -16224577. Restoring
[10047.004293] ACPI: Low-level resume complete
[10047.004389] ACPI: EC: EC started
[10047.004390] PM: Restoring platform NVS memory
[10047.007894] Enabling non-boot CPUs ...
[10047.007955] x86: Booting SMP configuration:
[10047.007956] smpboot: Booting Node 0 Processor 1 APIC 0x2
[10047.011121] microcode: sig=0x806ea, pf=0x80, revision=0x96
[10047.013799] microcode: updated to revision 0xca, date = 2019-10-03
[10047.014226] CPU1 is up
[10047.014255] smpboot: Booting Node 0 Processor 2 APIC 0x4
[10047.016364] CPU2 is up
[10047.016390] smpboot: Booting Node 0 Processor 3 APIC 0x6
[10047.018523] CPU3 is up
[10047.018549] smpboot: Booting Node 0 Processor 4 APIC 0x1
[10047.018922] microcode: sig=0x806ea, pf=0x80, revision=0xca
[10047.019286] CPU4 is up
[10047.019316] smpboot: Booting Node 0 Processor 5 APIC 0x3
[10047.019963] CPU5 is up
[10047.019988] smpboot: Booting Node 0 Processor 6 APIC 0x5
[10047.020665] CPU6 is up
[10047.020690] smpboot: Booting Node 0 Processor 7 APIC 0x7
[10047.021364] CPU7 is up
[10047.024161] ACPI: Waking up from system sleep state S3
[10047.036165] ACPI: EC: interrupt unblocked
[10047.037857] nvidia 0000:01:00.0: Enabling HDA controller
[10047.077153] ACPI: EC: event unblocked
[10047.077868] sd 0:0:0:0: [sda] Starting disk
[10047.077878] sd 1:0:0:0: [sdb] Starting disk
[10047.371207] usb 1-6: reset high-speed USB device number 3 using xhci_hcd
[10047.394928] ata2: SATA link up 6.0 Gbps (SStatus 133 SControl 300)
[10047.394966] ata3: SATA link down (SStatus 4 SControl 300)
[10047.397027] ata2.00: ACPI cmd ef/10:06:00:00:00:00 (SET FEATURES) succeeded
[10047.397031] ata2.00: ACPI cmd f5/00:00:00:00:00:00 (SECURITY FREEZE LOCK) filtered out
[10047.397035] ata2.00: ACPI cmd b1/c1:00:00:00:00:00 (DEVICE CONFIGURATION OVERLAY) filtered out
[10047.401003] ata2.00: ACPI cmd ef/10:06:00:00:00:00 (SET FEATURES) succeeded
[10047.401008] ata2.00: ACPI cmd f5/00:00:00:00:00:00 (SECURITY FREEZE LOCK) filtered out
[10047.401011] ata2.00: ACPI cmd b1/c1:00:00:00:00:00 (DEVICE CONFIGURATION OVERLAY) filtered out
[10047.402740] ata2.00: configured for UDMA/133
[10047.412854] ahci 0000:00:17.0: port does not support device sleep
[10047.519454] usb 1-8: reset full-speed USB device number 4 using xhci_hcd
[10047.672197] acpi LNXPOWER:13: Turning OFF
[10047.672440] acpi LNXPOWER:12: Turning OFF
[10047.672670] acpi LNXPOWER:11: Turning OFF
[10047.672899] acpi LNXPOWER:10: Turning OFF
[10047.673127] acpi LNXPOWER:0f: Turning OFF
[10047.673355] acpi LNXPOWER:0e: Turning OFF
[10047.673583] acpi LNXPOWER:0d: Turning OFF
[10047.673811] acpi LNXPOWER:0c: Turning OFF
[10047.674039] acpi LNXPOWER:0b: Turning OFF
[10047.674269] acpi LNXPOWER:0a: Turning OFF
[10047.674498] acpi LNXPOWER:09: Turning OFF
[10047.674843] acpi LNXPOWER:08: Turning OFF
[10047.675081] acpi LNXPOWER:07: Turning OFF
[10047.675343] acpi LNXPOWER:06: Turning OFF
[10047.675719] mei_hdcp 0000:00:16.0-b638ab7e-94e2-4ea2-a552-d1c54b627f04: bound 0000:00:02.0 (ops i915_hdcp_component_ops [i915])
[10047.676742] acpi LNXPOWER:04: Turning OFF
[10047.677297] Bluetooth: hci0: Bootloader revision 0.0 build 26 week 38 2015
[10047.677813] acpi LNXPOWER:03: Turning OFF
[10047.678090] acpi LNXPOWER:02: Turning OFF
[10047.678247] Bluetooth: hci0: Device revision is 16
[10047.678249] Bluetooth: hci0: Secure boot is enabled
[10047.678251] Bluetooth: hci0: OTP lock is enabled
[10047.678252] Bluetooth: hci0: API lock is enabled
[10047.678254] Bluetooth: hci0: Debug lock is disabled
[10047.678256] Bluetooth: hci0: Minimum firmware build 1 week 10 2014
[10047.678262] Bluetooth: hci0: Found device firmware: intel/ibt-12-16.sfi
[10047.678335] acpi LNXPOWER:01: Turning OFF
[10047.678577] acpi LNXPOWER:00: Turning OFF
[10047.678766] OOM killer enabled.
[10047.678768] Restarting tasks ... done.
[10047.705355] thermal thermal_zone8: failed to read out thermal zone (-61)
[10047.715582] PM: suspend exit
[10048.012662] rfkill: input handler disabled
[10049.177692] Bluetooth: hci0: Waiting for firmware download to complete
[10049.178213] Bluetooth: hci0: Firmware loaded in 1466996 usecs
[10049.178233] Bluetooth: hci0: Waiting for device to boot
[10049.195278] Bluetooth: hci0: Device booted in 16660 usecs
[10049.195282] Bluetooth: hci0: Found Intel DDC parameters: intel/ibt-12-16.ddc
[10049.198259] Bluetooth: hci0: Applying Intel DDC parameters completed
[10049.502681] ata1: SATA link up 6.0 Gbps (SStatus 133 SControl 300)
[10049.511925] ata1.00: ACPI cmd ef/10:06:00:00:00:00 (SET FEATURES) succeeded
[10049.511927] ata1.00: ACPI cmd f5/00:00:00:00:00:00 (SECURITY FREEZE LOCK) filtered out
[10049.511928] ata1.00: ACPI cmd b1/c1:00:00:00:00:00 (DEVICE CONFIGURATION OVERLAY) filtered out
[10049.514929] ata1.00: ACPI cmd ef/10:06:00:00:00:00 (SET FEATURES) succeeded
[10049.514931] ata1.00: ACPI cmd f5/00:00:00:00:00:00 (SECURITY FREEZE LOCK) filtered out
[10049.514932] ata1.00: ACPI cmd b1/c1:00:00:00:00:00 (DEVICE CONFIGURATION OVERLAY) filtered out
[10049.516055] ata1.00: configured for UDMA/100
[10226.515566] usb 1-1: new high-speed USB device number 6 using xhci_hcd
[10226.541213] usb 1-1: New USB device found, idVendor=18d1, idProduct=4ee7, bcdDevice= 3.10
[10226.541227] usb 1-1: New USB device strings: Mfr=1, Product=2, SerialNumber=3
[10226.541232] usb 1-1: Product: Android
[10226.541235] usb 1-1: Manufacturer: Android
[10226.541237] usb 1-1: SerialNumber: 56f41a00
[10589.524974] wlp2s0: authenticate with 74:da:88:9e:6c:0c
[10589.532182] wlp2s0: send auth to 74:da:88:9e:6c:0c (try 1/3)
[10589.540153] wlp2s0: authenticated
[10589.541108] wlp2s0: associate with 74:da:88:9e:6c:0c (try 1/3)
[10589.551689] wlp2s0: RX AssocResp from 74:da:88:9e:6c:0c (capab=0x411 status=0 aid=3)
[10589.553405] wlp2s0: associated
[10589.661268] IPv6: ADDRCONF(NETDEV_CHANGE): wlp2s0: link becomes ready
[10589.861990] userif-3: sent link down event.
[10589.861996] userif-3: sent link up event.
[10590.574487] userif-3: sent link down event.
[10590.574489] userif-3: sent link up event.
[10595.066872] userif-3: sent link down event.
[10595.066879] userif-3: sent link up event.
[12878.641606] wlp2s0: deauthenticating from 74:da:88:9e:6c:0c by local choice (Reason: 3=DEAUTH_LEAVING)
[12878.859260] userif-3: sent link down event.
[12878.859263] userif-3: sent link up event.
[12880.136333] PM: suspend entry (deep)
[12880.792528] Filesystems sync: 0.656 seconds
[12881.097708] rfkill: input handler enabled
[12881.139433] Freezing user space processes ... (elapsed 0.002 seconds) done.
[12881.142010] OOM killer disabled.
[12881.142010] Freezing remaining freezable tasks ... (elapsed 0.001 seconds) done.
[12881.143309] printk: Suspending console(s) (use no_console_suspend to debug)
[12881.199858] sd 1:0:0:0: [sdb] Synchronizing SCSI cache
[12881.199930] sd 0:0:0:0: [sda] Synchronizing SCSI cache
[12881.200260] sd 0:0:0:0: [sda] Stopping disk
[12881.206284] sd 1:0:0:0: [sdb] Stopping disk
[12881.969472] ACPI: EC: interrupt blocked
[12882.027206] ACPI: Preparing to enter system sleep state S3
[12882.032680] ACPI: EC: event blocked
[12882.032681] ACPI: EC: EC stopped
[12882.032683] PM: Saving platform NVS memory
[12882.032698] Disabling non-boot CPUs ...
[12882.034634] smpboot: CPU 1 is now offline
[12882.038027] smpboot: CPU 2 is now offline
[12882.040296] smpboot: CPU 3 is now offline
[12882.041961] IRQ 125: no longer affine to CPU4
[12882.043875] smpboot: CPU 4 is now offline
[12882.044993] IRQ 124: no longer affine to CPU5
[12882.045009] IRQ 128: no longer affine to CPU5
[12882.046036] smpboot: CPU 5 is now offline
[12882.047125] IRQ 123: no longer affine to CPU6
[12882.047144] IRQ 130: no longer affine to CPU6
[12882.048209] smpboot: CPU 6 is now offline
[12882.049544] IRQ 122: no longer affine to CPU7
[12882.049567] IRQ 126: no longer affine to CPU7
[12882.050616] smpboot: CPU 7 is now offline
[10047.002210] [Firmware Bug]: TSC ADJUST differs: CPU0 0 --> -15936861. Restoring
[12882.054088] ACPI: Low-level resume complete
[12882.054184] ACPI: EC: EC started
[12882.054185] PM: Restoring platform NVS memory
[12882.057606] Enabling non-boot CPUs ...
[12882.057669] x86: Booting SMP configuration:
[12882.057670] smpboot: Booting Node 0 Processor 1 APIC 0x2
[12882.058240] microcode: sig=0x806ea, pf=0x80, revision=0x96
[12882.061317] CPU1 is up
[12882.061345] smpboot: Booting Node 0 Processor 2 APIC 0x4
[12882.063555] CPU2 is up
[12882.063582] smpboot: Booting Node 0 Processor 3 APIC 0x6
[12882.065717] CPU3 is up
[12882.065743] smpboot: Booting Node 0 Processor 4 APIC 0x1
[12882.066126] microcode: sig=0x806ea, pf=0x80, revision=0xca
[12882.066500] CPU4 is up
[12882.066531] smpboot: Booting Node 0 Processor 5 APIC 0x3
[12882.067196] CPU5 is up
[12882.067241] smpboot: Booting Node 0 Processor 6 APIC 0x5
[12882.067917] CPU6 is up
[12882.067946] smpboot: Booting Node 0 Processor 7 APIC 0x7
[12882.068630] CPU7 is up
[12882.071423] ACPI: Waking up from system sleep state S3
[12882.084259] ACPI: EC: interrupt unblocked
[12882.085932] nvidia 0000:01:00.0: Enabling HDA controller
[12882.125850] ACPI: EC: event unblocked
[12882.127070] sd 0:0:0:0: [sda] Starting disk
[12882.128188] sd 1:0:0:0: [sdb] Starting disk
[12882.419964] usb 1-8: reset full-speed USB device number 4 using xhci_hcd
[12882.443915] ata2: SATA link up 6.0 Gbps (SStatus 133 SControl 300)
[12882.443953] ata3: SATA link down (SStatus 4 SControl 300)
[12882.446012] ata2.00: ACPI cmd ef/10:06:00:00:00:00 (SET FEATURES) succeeded
[12882.446018] ata2.00: ACPI cmd f5/00:00:00:00:00:00 (SECURITY FREEZE LOCK) filtered out
[12882.446021] ata2.00: ACPI cmd b1/c1:00:00:00:00:00 (DEVICE CONFIGURATION OVERLAY) filtered out
[12882.450100] ata2.00: ACPI cmd ef/10:06:00:00:00:00 (SET FEATURES) succeeded
[12882.450105] ata2.00: ACPI cmd f5/00:00:00:00:00:00 (SECURITY FREEZE LOCK) filtered out
[12882.450109] ata2.00: ACPI cmd b1/c1:00:00:00:00:00 (DEVICE CONFIGURATION OVERLAY) filtered out
[12882.451866] ata2.00: configured for UDMA/133
[12882.461986] ahci 0000:00:17.0: port does not support device sleep
[12882.695997] usb 1-6: reset high-speed USB device number 3 using xhci_hcd
[12882.739795] acpi LNXPOWER:13: Turning OFF
[12882.740036] acpi LNXPOWER:12: Turning OFF
[12882.740266] acpi LNXPOWER:11: Turning OFF
[12882.740497] acpi LNXPOWER:10: Turning OFF
[12882.740727] acpi LNXPOWER:0f: Turning OFF
[12882.740955] acpi LNXPOWER:0e: Turning OFF
[12882.741183] acpi LNXPOWER:0d: Turning OFF
[12882.741414] acpi LNXPOWER:0c: Turning OFF
[12882.741643] acpi LNXPOWER:0b: Turning OFF
[12882.741875] acpi LNXPOWER:0a: Turning OFF
[12882.742108] acpi LNXPOWER:09: Turning OFF
[12882.742338] acpi LNXPOWER:08: Turning OFF
[12882.742568] acpi LNXPOWER:07: Turning OFF
[12882.742805] acpi LNXPOWER:06: Turning OFF
[12882.743042] acpi LNXPOWER:04: Turning OFF
[12882.743272] acpi LNXPOWER:03: Turning OFF
[12882.743562] acpi LNXPOWER:02: Turning OFF
[12882.743742] acpi LNXPOWER:01: Turning OFF
[12882.743818] acpi LNXPOWER:00: Turning OFF
[12882.743869] OOM killer enabled.
[12882.743870] Restarting tasks ... done.
[12882.748465] mei_hdcp 0000:00:16.0-b638ab7e-94e2-4ea2-a552-d1c54b627f04: bound 0000:00:02.0 (ops i915_hdcp_component_ops [i915])
[12882.755879] Bluetooth: hci0: Bootloader revision 0.0 build 26 week 38 2015
[12882.756890] Bluetooth: hci0: Device revision is 16
[12882.756892] Bluetooth: hci0: Secure boot is enabled
[12882.756893] Bluetooth: hci0: OTP lock is enabled
[12882.756893] Bluetooth: hci0: API lock is enabled
[12882.756894] Bluetooth: hci0: Debug lock is disabled
[12882.756895] Bluetooth: hci0: Minimum firmware build 1 week 10 2014
[12882.757122] Bluetooth: hci0: Found device firmware: intel/ibt-12-16.sfi
[12882.772028] thermal thermal_zone8: failed to read out thermal zone (-61)
[12882.781586] PM: suspend exit
[12883.004868] rfkill: input handler disabled
[12884.192083] Bluetooth: hci0: Waiting for firmware download to complete
[12884.192843] Bluetooth: hci0: Firmware loaded in 1409225 usecs
[12884.192909] Bluetooth: hci0: Waiting for device to boot
[12884.209891] Bluetooth: hci0: Device booted in 16590 usecs
[12884.209919] Bluetooth: hci0: Found Intel DDC parameters: intel/ibt-12-16.ddc
[12884.212911] Bluetooth: hci0: Applying Intel DDC parameters completed
[12884.499691] ata1: SATA link up 6.0 Gbps (SStatus 133 SControl 300)
[12884.508444] ata1.00: ACPI cmd ef/10:06:00:00:00:00 (SET FEATURES) succeeded
[12884.508447] ata1.00: ACPI cmd f5/00:00:00:00:00:00 (SECURITY FREEZE LOCK) filtered out
[12884.508448] ata1.00: ACPI cmd b1/c1:00:00:00:00:00 (DEVICE CONFIGURATION OVERLAY) filtered out
[12884.511739] ata1.00: ACPI cmd ef/10:06:00:00:00:00 (SET FEATURES) succeeded
[12884.511741] ata1.00: ACPI cmd f5/00:00:00:00:00:00 (SECURITY FREEZE LOCK) filtered out
[12884.511743] ata1.00: ACPI cmd b1/c1:00:00:00:00:00 (DEVICE CONFIGURATION OVERLAY) filtered out
[12884.512853] ata1.00: configured for UDMA/100
[12888.595119] wlp2s0: authenticate with 74:da:88:9e:6c:0c
[12888.602269] wlp2s0: send auth to 74:da:88:9e:6c:0c (try 1/3)
[12888.609124] wlp2s0: authenticated
[12888.612536] wlp2s0: associate with 74:da:88:9e:6c:0c (try 1/3)
[12888.624176] wlp2s0: RX AssocResp from 74:da:88:9e:6c:0c (capab=0x411 status=0 aid=4)
[12888.628074] wlp2s0: associated
[12888.734515] IPv6: ADDRCONF(NETDEV_CHANGE): wlp2s0: link becomes ready
[12888.934785] userif-3: sent link down event.
[12888.934786] userif-3: sent link up event.
[12889.503403] userif-3: sent link down event.
[12889.503405] userif-3: sent link up event.
[12890.931600] userif-3: sent link down event.
[12890.931609] userif-3: sent link up event.
[14017.220197] debugfs: File 'le_min_key_size' in directory 'hci0' already present!
[14017.220201] debugfs: File 'le_max_key_size' in directory 'hci0' already present!
[14067.474993] debugfs: File 'le_min_key_size' in directory 'hci0' already present!
[14067.474998] debugfs: File 'le_max_key_size' in directory 'hci0' already present!
[14145.393018] usb 1-1: USB disconnect, device number 6
[14520.311326] usb 1-1: new high-speed USB device number 7 using xhci_hcd
[14520.332579] usb 1-1: New USB device found, idVendor=18d1, idProduct=4ee7, bcdDevice= 3.10
[14520.332586] usb 1-1: New USB device strings: Mfr=1, Product=2, SerialNumber=3
[14520.332591] usb 1-1: Product: Android
[14520.332594] usb 1-1: Manufacturer: Android
[14520.332598] usb 1-1: SerialNumber: 56f41a00
[14525.747551] Bluetooth: hci0: link tx timeout
[14525.747575] Bluetooth: hci0: link tx timeout
[14529.897023] Bluetooth: hci0: link tx timeout
[14529.897501] Bluetooth: hci0: link tx timeout
[14529.897617] Bluetooth: hci0: link tx timeout
[14529.897731] Bluetooth: hci0: link tx timeout
[14707.443805] debugfs: File 'le_min_key_size' in directory 'hci0' already present!
[14707.443810] debugfs: File 'le_max_key_size' in directory 'hci0' already present!
