Jun  9 00:08:08 delorian-pc rsyslogd:  [origin software="rsyslogd" swVersion="8.32.0" x-pid="1155" x-info="http://www.rsyslog.com"] rsyslogd was HUPed
Jun  9 00:08:34 delorian-pc wpa_supplicant[1223]: wlp2s0: CTRL-EVENT-SIGNAL-CHANGE above=0 signal=-29 noise=9999 txrate=144400
Jun  9 00:08:45 delorian-pc anacron[5688]: Job `cron.daily' terminated
Jun  9 00:09:12 delorian-pc org.gnome.Shell.desktop[2599]: Window manager warning: Invalid WM_TRANSIENT_FOR window 0x3000007 specified for 0x3000023 (Unsaved pa).
Jun  9 00:09:23 delorian-pc wpa_supplicant[1223]: wlp2s0: CTRL-EVENT-SIGNAL-CHANGE above=1 signal=-32 noise=9999 txrate=144400
Jun  9 00:09:51 delorian-pc org.gnome.Shell.desktop[2599]: [0609/000951.112531:ERROR:nacl_helper_linux.cc(308)] NaCl helper process running without a sandbox!
Jun  9 00:09:51 delorian-pc org.gnome.Shell.desktop[2599]: Most likely you need to configure your SUID sandbox correctly
Jun  9 00:09:57 delorian-pc systemd[2402]: Stopping D-Bus User Message Bus...
Jun  9 00:09:57 delorian-pc gsd-print-notif[2723]: Source ID 2 was not found when attempting to remove it
Jun  9 00:09:57 delorian-pc gvfsd[2605]: A connection to the bus can't be made
Jun  9 00:09:57 delorian-pc gnome-session[2476]: gnome-session-binary[2476]: WARNING: Lost name on bus: org.gnome.SessionManager
Jun  9 00:09:57 delorian-pc gnome-session[2476]: gnome-session-binary[2476]: CRITICAL: We failed, but the fail whale is dead. Sorry....
Jun  9 00:09:57 delorian-pc gnome-session-binary[2476]: WARNING: Lost name on bus: org.gnome.SessionManager
Jun  9 00:09:57 delorian-pc gnome-session-binary[2476]: CRITICAL: We failed, but the fail whale is dead. Sorry....
Jun  9 00:09:57 delorian-pc deja-dup-monito[3705]: Owner of volume monitor org.gtk.vfs.UDisks2VolumeMonitor disconnected from the bus; removing drives/volumes/mounts
Jun  9 00:09:57 delorian-pc deja-dup-monito[3705]: Owner of volume monitor org.gtk.vfs.GoaVolumeMonitor disconnected from the bus; removing drives/volumes/mounts
Jun  9 00:09:57 delorian-pc deja-dup-monito[3705]: Owner of volume monitor org.gtk.vfs.GPhoto2VolumeMonitor disconnected from the bus; removing drives/volumes/mounts
Jun  9 00:09:57 delorian-pc deja-dup-monito[3705]: Owner of volume monitor org.gtk.vfs.AfcVolumeMonitor disconnected from the bus; removing drives/volumes/mounts
Jun  9 00:09:57 delorian-pc deja-dup-monito[3705]: Owner of volume monitor org.gtk.vfs.MTPVolumeMonitor disconnected from the bus; removing drives/volumes/mounts
Jun  9 00:09:57 delorian-pc gsd-rfkill[2724]: Error releasing name org.gnome.SettingsDaemon.Rfkill: The connection is closed
Jun  9 00:09:57 delorian-pc gsd-screensaver[2725]: Error releasing name org.freedesktop.ScreenSaver: The connection is closed
Jun  9 00:09:57 delorian-pc gsd-wacom[2746]: Error releasing name org.gnome.SettingsDaemon.Wacom: The connection is closed
Jun  9 00:09:57 delorian-pc systemd[2402]: xdg-permission-store.service: Main process exited, code=exited, status=1/FAILURE
Jun  9 00:09:57 delorian-pc systemd[2402]: xdg-permission-store.service: Failed with result 'exit-code'.
Jun  9 00:09:57 delorian-pc kernel: [ 3235.136586] rfkill: input handler enabled
Jun  9 00:09:57 delorian-pc gsd-color[2765]: Error releasing name org.gnome.SettingsDaemon.Color: The connection is closed
Jun  9 00:09:57 delorian-pc evolution-calen[2863]: Error releasing name org.gnome.evolution.dataserver.Subprocess.Backend.Calendarx2846x2: The connection is closed
Jun  9 00:09:57 delorian-pc gsd-media-keys[2779]: Error releasing name org.gnome.SettingsDaemon.MediaKeys: The connection is closed
Jun  9 00:09:57 delorian-pc xdg-desktop-por[3077]: xdg-desktop-portal-gtk: Fatal IO error 11 (Resource temporarily unavailable) on X server :0.
Jun  9 00:09:57 delorian-pc systemd[2402]: xdg-desktop-portal-gtk.service: Main process exited, code=exited, status=1/FAILURE
Jun  9 00:09:57 delorian-pc systemd[2402]: xdg-desktop-portal-gtk.service: Failed with result 'exit-code'.
Jun  9 00:09:57 delorian-pc zeitgeist-fts[5025]: zeitgeist-fts.vala:252: The connection is closed
Jun  9 00:09:57 delorian-pc systemd[2402]: Stopped D-Bus User Message Bus.
Jun  9 00:09:57 delorian-pc update-notifier[3207]: update-notifier: Fatal IO error 11 (Resource temporarily unavailable) on X server :0.
Jun  9 00:09:57 delorian-pc zeitgeist-daemon[5018]: #033[31m[21:09:57.558903 WARNING]#033[0m zeitgeist-daemon.vala:454: The connection is closed
Jun  9 00:09:57 delorian-pc /usr/lib/gdm3/gdm-x-session[2420]: (**) Option "fd" "41"
Jun  9 00:09:57 delorian-pc /usr/lib/gdm3/gdm-x-session[2420]: (II) event3  - Power Button: device removed
Jun  9 00:09:57 delorian-pc /usr/lib/gdm3/gdm-x-session[2420]: (**) Option "fd" "44"
Jun  9 00:09:57 delorian-pc /usr/lib/gdm3/gdm-x-session[2420]: (II) event6  - Asus Wireless Radio Control: device removed
Jun  9 00:09:57 delorian-pc /usr/lib/gdm3/gdm-x-session[2420]: (**) Option "fd" "45"
Jun  9 00:09:57 delorian-pc /usr/lib/gdm3/gdm-x-session[2420]: (II) event10 - Video Bus: device removed
Jun  9 00:09:57 delorian-pc /usr/lib/gdm3/gdm-x-session[2420]: (**) Option "fd" "46"
Jun  9 00:09:57 delorian-pc /usr/lib/gdm3/gdm-x-session[2420]: (II) event11 - Video Bus: device removed
Jun  9 00:09:57 delorian-pc /usr/lib/gdm3/gdm-x-session[2420]: (**) Option "fd" "47"
Jun  9 00:09:57 delorian-pc /usr/lib/gdm3/gdm-x-session[2420]: (II) event2  - Power Button: device removed
Jun  9 00:09:57 delorian-pc /usr/lib/gdm3/gdm-x-session[2420]: (**) Option "fd" "48"
Jun  9 00:09:57 delorian-pc /usr/lib/gdm3/gdm-x-session[2420]: (II) event1  - Sleep Button: device removed
Jun  9 00:09:57 delorian-pc /usr/lib/gdm3/gdm-x-session[2420]: (**) Option "fd" "49"
Jun  9 00:09:57 delorian-pc /usr/lib/gdm3/gdm-x-session[2420]: (II) event5  - HID 0581:0105: device removed
Jun  9 00:09:57 delorian-pc /usr/lib/gdm3/gdm-x-session[2420]: (**) Option "fd" "50"
Jun  9 00:09:57 delorian-pc /usr/lib/gdm3/gdm-x-session[2420]: (II) event18 - USB2.0 VGA UVC WebCam: USB2.0 V: device removed
Jun  9 00:09:57 delorian-pc /usr/lib/gdm3/gdm-x-session[2420]: (**) Option "fd" "51"
Jun  9 00:09:57 delorian-pc /usr/lib/gdm3/gdm-x-session[2420]: (II) event17 - ELAN1200:00 04F3:303E Touchpad: device removed
Jun  9 00:09:57 delorian-pc /usr/lib/gdm3/gdm-x-session[2420]: (**) Option "fd" "52"
Jun  9 00:09:57 delorian-pc /usr/lib/gdm3/gdm-x-session[2420]: (II) event9  - Asus WMI hotkeys: device removed
Jun  9 00:09:57 delorian-pc /usr/lib/gdm3/gdm-x-session[2420]: (**) Option "fd" "53"
Jun  9 00:09:57 delorian-pc /usr/lib/gdm3/gdm-x-session[2420]: (II) event4  - AT Translated Set 2 keyboard: device removed
Jun  9 00:09:57 delorian-pc kernel: [ 3235.153504] telegram-deskto[2940]: segfault at 8 ip 00007f3fab9ddc8c sp 00007ffc99e3c6d0 error 4 in libQt5XcbQpa.so.5.12.3[7f3fab971000+16e000]
Jun  9 00:09:57 delorian-pc kernel: [ 3235.153513] Code: fd 48 89 f7 48 89 f3 e8 52 d2 fc ff 48 8b 7d 20 48 89 d9 0f b7 d0 31 f6 e8 01 ee fc ff 48 8b 7d 20 31 d2 89 c6 e8 d4 db fc ff <8b> 58 08 48 89 c7 e8 89 c0 fc ff 48 83 c4 08 89 d8 5b 5d c3 41 56
Jun  9 00:09:57 delorian-pc gsd-color[2175]: failed to connect to device: Failed to connect to missing device /org/freedesktop/ColorManager/devices/xrandr_AU_Optronics_copied_wonder_1000
Jun  9 00:09:57 delorian-pc systemd[2402]: xdg-document-portal.service: Main process exited, code=exited, status=20/n/a
Jun  9 00:09:57 delorian-pc systemd[2402]: xdg-document-portal.service: Failed with result 'exit-code'.
Jun  9 00:09:57 delorian-pc systemd[2402]: Started D-Bus User Message Bus.
Jun  9 00:09:57 delorian-pc dbus-daemon[6588]: [session uid=1000 pid=6588] AppArmor D-Bus mediation is enabled
Jun  9 00:09:57 delorian-pc gnome-shell[2599]: [AppIndicatorSupport-DEBUG] Lost nameorg.kde.StatusNotifierWatcher
Jun  9 00:09:57 delorian-pc gnome-shell[2599]: Object .Gjs_AppIndicatorIconActor__1 (0x5612a51bbfd0), has been already finalized. Impossible to set any property to it.
Jun  9 00:09:57 delorian-pc org.gnome.Shell.desktop[2599]: == Stack trace for context 0x56129f2e6340 ==
Jun  9 00:09:57 delorian-pc org.gnome.Shell.desktop[2599]: #0 0x7ffe2b14f5d0 I   resource:///org/gnome/gjs/modules/_legacy.js:83 (0x7f08501b5de0 @ 87)
Jun  9 00:09:57 delorian-pc org.gnome.Shell.desktop[2599]: #1 0x56129f77b3f0 i   /usr/share/gnome-shell/extensions/ubuntu-appindicators@ubuntu.com/indicatorStatusIcon.js:93 (0x7f08002c76f8 @ 58)
Jun  9 00:09:57 delorian-pc org.gnome.Shell.desktop[2599]: #2 0x7ffe2b1501b0 I   resource:///org/gnome/gjs/modules/_legacy.js:82 (0x7f08501b5de0 @ 71)
Jun  9 00:09:57 delorian-pc org.gnome.Shell.desktop[2599]: #3 0x7ffe2b150270 b   self-hosted:916 (0x7f08501f12b8 @ 367)
Jun  9 00:09:57 delorian-pc org.gnome.Shell.desktop[2599]: #4 0x7ffe2b1502f0 I   resource:///org/gnome/gjs/modules/signals.js:128 (0x7f08501d2230 @ 386)
Jun  9 00:09:57 delorian-pc org.gnome.Shell.desktop[2599]: #5 0x56129f77b368 i   /usr/share/gnome-shell/extensions/ubuntu-appindicators@ubuntu.com/appIndicator.js:190 (0x7f08002b63c8 @ 22)
Jun  9 00:09:57 delorian-pc org.gnome.Shell.desktop[2599]: #6 0x7ffe2b150ed0 I   resource:///org/gnome/gjs/modules/_legacy.js:82 (0x7f08501b5de0 @ 71)
Jun  9 00:09:57 delorian-pc org.gnome.Shell.desktop[2599]: #7 0x56129f77b2c0 i   /usr/share/gnome-shell/extensions/ubuntu-appindicators@ubuntu.com/statusNotifierWatcher.js:176 (0x7f08002b3670 @ 26)
Jun  9 00:09:57 delorian-pc org.gnome.Shell.desktop[2599]: #8 0x7ffe2b151ab0 I   resource:///org/gnome/gjs/modules/_legacy.js:82 (0x7f08501b5de0 @ 71)
Jun  9 00:09:57 delorian-pc org.gnome.Shell.desktop[2599]: #9 0x56129f77b220 i   /usr/share/gnome-shell/extensions/ubuntu-appindicators@ubuntu.com/statusNotifierWatcher.js:170 (0x7f08002b35e8 @ 68)
Jun  9 00:09:57 delorian-pc org.gnome.Shell.desktop[2599]: #10 0x7ffe2b1526a0 I   resource:///org/gnome/gjs/modules/_legacy.js:82 (0x7f08501b5de0 @ 71)
Jun  9 00:09:57 delorian-pc org.gnome.Shell.desktop[2599]: #11 0x7ffe2b152770 b   self-hosted:918 (0x7f08501f12b8 @ 394)
Jun  9 00:09:57 delorian-pc gnome-shell[2599]: Object .Gjs_AppIndicatorIconActor__1 (0x5612a06bb840), has been already finalized. Impossible to set any property to it.
Jun  9 00:09:57 delorian-pc org.gnome.Shell.desktop[2599]: == Stack trace for context 0x56129f2e6340 ==
Jun  9 00:09:57 delorian-pc org.gnome.Shell.desktop[2599]: #0 0x7ffe2b14f5d0 I   resource:///org/gnome/gjs/modules/_legacy.js:83 (0x7f08501b5de0 @ 87)
Jun  9 00:09:57 delorian-pc org.gnome.Shell.desktop[2599]: #1 0x56129f77b3f0 i   /usr/share/gnome-shell/extensions/ubuntu-appindicators@ubuntu.com/indicatorStatusIcon.js:93 (0x7f08002c76f8 @ 58)
Jun  9 00:09:57 delorian-pc org.gnome.Shell.desktop[2599]: #2 0x7ffe2b1501b0 I   resource:///org/gnome/gjs/modules/_legacy.js:82 (0x7f08501b5de0 @ 71)
Jun  9 00:09:57 delorian-pc org.gnome.Shell.desktop[2599]: #3 0x7ffe2b150270 b   self-hosted:916 (0x7f08501f12b8 @ 367)
Jun  9 00:09:57 delorian-pc org.gnome.Shell.desktop[2599]: #4 0x7ffe2b1502f0 I   resource:///org/gnome/gjs/modules/signals.js:128 (0x7f08501d2230 @ 386)
Jun  9 00:09:57 delorian-pc org.gnome.Shell.desktop[2599]: #5 0x56129f77b368 i   /usr/share/gnome-shell/extensions/ubuntu-appindicators@ubuntu.com/appIndicator.js:190 (0x7f08002b63c8 @ 22)
Jun  9 00:09:57 delorian-pc org.gnome.Shell.desktop[2599]: #6 0x7ffe2b150ed0 I   resource:///org/gnome/gjs/modules/_legacy.js:82 (0x7f08501b5de0 @ 71)
Jun  9 00:09:57 delorian-pc org.gnome.Shell.desktop[2599]: #7 0x56129f77b2c0 i   /usr/share/gnome-shell/extensions/ubuntu-appindicators@ubuntu.com/statusNotifierWatcher.js:176 (0x7f08002b3670 @ 26)
Jun  9 00:09:57 delorian-pc org.gnome.Shell.desktop[2599]: #8 0x7ffe2b151ab0 I   resource:///org/gnome/gjs/modules/_legacy.js:82 (0x7f08501b5de0 @ 71)
Jun  9 00:09:57 delorian-pc org.gnome.Shell.desktop[2599]: #9 0x56129f77b220 i   /usr/share/gnome-shell/extensions/ubuntu-appindicators@ubuntu.com/statusNotifierWatcher.js:170 (0x7f08002b35e8 @ 68)
Jun  9 00:09:57 delorian-pc org.gnome.Shell.desktop[2599]: #10 0x7ffe2b1526a0 I   resource:///org/gnome/gjs/modules/_legacy.js:82 (0x7f08501b5de0 @ 71)
Jun  9 00:09:57 delorian-pc org.gnome.Shell.desktop[2599]: #11 0x7ffe2b152770 b   self-hosted:918 (0x7f08501f12b8 @ 394)
Jun  9 00:09:57 delorian-pc /usr/lib/gdm3/gdm-x-session[2420]: (II) UnloadModule: "libinput"
Jun  9 00:09:57 delorian-pc /usr/lib/gdm3/gdm-x-session[2420]: (II) systemd-logind: releasing fd for 13:68
Jun  9 00:09:57 delorian-pc gnome-shell[2599]: Object .Gjs_AppIndicatorIconActor__1 (0x56129fd062c0), has been already finalized. Impossible to set any property to it.
Jun  9 00:09:57 delorian-pc org.gnome.Shell.desktop[2599]: == Stack trace for context 0x56129f2e6340 ==
Jun  9 00:09:57 delorian-pc org.gnome.Shell.desktop[2599]: #0 0x7ffe2b14f5d0 I   resource:///org/gnome/gjs/modules/_legacy.js:83 (0x7f08501b5de0 @ 87)
Jun  9 00:09:57 delorian-pc org.gnome.Shell.desktop[2599]: #1 0x56129f77b3f0 i   /usr/share/gnome-shell/extensions/ubuntu-appindicators@ubuntu.com/indicatorStatusIcon.js:93 (0x7f08002c76f8 @ 58)
Jun  9 00:09:57 delorian-pc org.gnome.Shell.desktop[2599]: #2 0x7ffe2b1501b0 I   resource:///org/gnome/gjs/modules/_legacy.js:82 (0x7f08501b5de0 @ 71)
Jun  9 00:09:57 delorian-pc org.gnome.Shell.desktop[2599]: #3 0x7ffe2b150270 b   self-hosted:916 (0x7f08501f12b8 @ 367)
Jun  9 00:09:57 delorian-pc org.gnome.Shell.desktop[2599]: #4 0x7ffe2b1502f0 I   resource:///org/gnome/gjs/modules/signals.js:128 (0x7f08501d2230 @ 386)
Jun  9 00:09:57 delorian-pc org.gnome.Shell.desktop[2599]: #5 0x56129f77b368 i   /usr/share/gnome-shell/extensions/ubuntu-appindicators@ubuntu.com/appIndicator.js:190 (0x7f08002b63c8 @ 22)
Jun  9 00:09:57 delorian-pc org.gnome.Shell.desktop[2599]: #6 0x7ffe2b150ed0 I   resource:///org/gnome/gjs/modules/_legacy.js:82 (0x7f08501b5de0 @ 71)
Jun  9 00:09:57 delorian-pc org.gnome.Shell.desktop[2599]: #7 0x56129f77b2c0 i   /usr/share/gnome-shell/extensions/ubuntu-appindicators@ubuntu.com/statusNotifierWatcher.js:176 (0x7f08002b3670 @ 26)
Jun  9 00:09:57 delorian-pc org.gnome.Shell.desktop[2599]: #8 0x7ffe2b151ab0 I   resource:///org/gnome/gjs/modules/_legacy.js:82 (0x7f08501b5de0 @ 71)
Jun  9 00:09:57 delorian-pc org.gnome.Shell.desktop[2599]: #9 0x56129f77b220 i   /usr/share/gnome-shell/extensions/ubuntu-appindicators@ubuntu.com/statusNotifierWatcher.js:170 (0x7f08002b35e8 @ 68)
Jun  9 00:09:57 delorian-pc org.gnome.Shell.desktop[2599]: #10 0x7ffe2b1526a0 I   resource:///org/gnome/gjs/modules/_legacy.js:82 (0x7f08501b5de0 @ 71)
Jun  9 00:09:57 delorian-pc org.gnome.Shell.desktop[2599]: #11 0x7ffe2b152770 b   self-hosted:918 (0x7f08501f12b8 @ 394)
Jun  9 00:09:57 delorian-pc gnome-shell[2599]: gnome-shell: Fatal IO error 0 (Success) on X server :0.
Jun  9 00:09:57 delorian-pc /usr/lib/gdm3/gdm-x-session[2420]: (II) UnloadModule: "libinput"
Jun  9 00:09:57 delorian-pc /usr/lib/gdm3/gdm-x-session[2420]: (II) systemd-logind: releasing fd for 13:73
Jun  9 00:09:57 delorian-pc /usr/lib/gdm3/gdm-x-session[2420]: (II) UnloadModule: "libinput"
Jun  9 00:09:57 delorian-pc /usr/lib/gdm3/gdm-x-session[2420]: (II) systemd-logind: releasing fd for 13:81
Jun  9 00:09:57 delorian-pc /usr/lib/gdm3/gdm-x-session[2420]: (II) UnloadModule: "libinput"
Jun  9 00:09:57 delorian-pc /usr/lib/gdm3/gdm-x-session[2420]: (II) systemd-logind: releasing fd for 13:82
Jun  9 00:09:57 delorian-pc systemd[1]: Unmounted /run/user/1000/doc.
Jun  9 00:09:57 delorian-pc systemd[1]: Unmounted /run/user/1000/gvfs.
Jun  9 00:09:57 delorian-pc /usr/lib/gdm3/gdm-x-session[2420]: (II) UnloadModule: "libinput"
Jun  9 00:09:57 delorian-pc /usr/lib/gdm3/gdm-x-session[2420]: (II) systemd-logind: releasing fd for 13:69
Jun  9 00:09:57 delorian-pc /usr/lib/gdm3/gdm-x-session[2420]: (II) UnloadModule: "libinput"
Jun  9 00:09:57 delorian-pc /usr/lib/gdm3/gdm-x-session[2420]: (II) systemd-logind: releasing fd for 13:65
Jun  9 00:09:57 delorian-pc /usr/lib/gdm3/gdm-x-session[2420]: (II) UnloadModule: "libinput"
Jun  9 00:09:57 delorian-pc /usr/lib/gdm3/gdm-x-session[2420]: (II) systemd-logind: releasing fd for 13:66
Jun  9 00:09:57 delorian-pc /usr/lib/gdm3/gdm-x-session[2420]: (II) UnloadModule: "libinput"
Jun  9 00:09:57 delorian-pc /usr/lib/gdm3/gdm-x-session[2420]: (II) systemd-logind: releasing fd for 13:75
Jun  9 00:09:57 delorian-pc /usr/lib/gdm3/gdm-x-session[2420]: (II) UnloadModule: "libinput"
Jun  9 00:09:57 delorian-pc /usr/lib/gdm3/gdm-x-session[2420]: (II) systemd-logind: releasing fd for 13:74
Jun  9 00:09:57 delorian-pc /usr/lib/gdm3/gdm-x-session[2420]: (II) UnloadModule: "libinput"
Jun  9 00:09:57 delorian-pc /usr/lib/gdm3/gdm-x-session[2420]: (II) systemd-logind: releasing fd for 13:70
Jun  9 00:09:57 delorian-pc /usr/lib/gdm3/gdm-x-session[2420]: (II) UnloadModule: "libinput"
Jun  9 00:09:57 delorian-pc /usr/lib/gdm3/gdm-x-session[2420]: (II) systemd-logind: releasing fd for 13:67
Jun  9 00:09:57 delorian-pc /usr/lib/gdm3/gdm-x-session[2420]: (II) NVIDIA(GPU-0): Deleting GPU-0
Jun  9 00:09:57 delorian-pc /usr/lib/gdm3/gdm-x-session[2420]: (II) Server terminated successfully (0). Closing log file.
Jun  9 00:09:57 delorian-pc at-spi-bus-launcher[2090]: XIO:  fatal IO error 11 (Resource temporarily unavailable) on X server ":1024"
Jun  9 00:09:57 delorian-pc at-spi-bus-launcher[2090]:       after 21 requests (21 known processed) with 0 events remaining.
Jun  9 00:09:57 delorian-pc systemd[1]: Stopping Session c1 of user gdm.
Jun  9 00:09:57 delorian-pc systemd[1]: Stopped target Bluetooth.
Jun  9 00:09:57 delorian-pc systemd[1]: Stopping RealtimeKit Scheduling Policy Service...
Jun  9 00:09:57 delorian-pc systemd[1]: Stopping Availability of block devices...
Jun  9 00:09:57 delorian-pc systemd[1]: Stopping ACPI event daemon...
Jun  9 00:09:57 delorian-pc systemd[1]: Stopped QEMU KVM preparation - module, ksm, hugepages.
Jun  9 00:09:57 delorian-pc systemd[1]: Stopping Manage, Install and Generate Color Profiles...
Jun  9 00:09:57 delorian-pc systemd[1]: Stopping User Manager for UID 1000...
Jun  9 00:09:57 delorian-pc systemd[1]: Stopping Save/Restore Sound Card State...
Jun  9 00:09:57 delorian-pc systemd[1]: Removed slice system-getty.slice.
Jun  9 00:09:57 delorian-pc systemd[1]: Stopped Stop ureadahead data collection 45s after completed startup.
Jun  9 00:09:57 delorian-pc systemd[1]: Stopping Daemon for power management...
Jun  9 00:09:57 delorian-pc systemd[1]: Stopping TLP system startup/shutdown...
Jun  9 00:09:57 delorian-pc systemd[1]: Stopped target Timers.
Jun  9 00:09:57 delorian-pc systemd[1]: Stopped Discard unused blocks once a week.
Jun  9 00:09:57 delorian-pc systemd[1]: Stopped Daily apt upgrade and clean activities.
Jun  9 00:09:57 delorian-pc systemd[1]: session-3.scope: Killing process 2572 (ssh-agent) with signal SIGTERM.
Jun  9 00:09:57 delorian-pc systemd[1]: session-3.scope: Killing process 2621 (pulseaudio) with signal SIGTERM.
Jun  9 00:09:57 delorian-pc systemd[1]: session-3.scope: Killing process 2940 (telegram-deskto) with signal SIGTERM.
Jun  9 00:09:57 delorian-pc systemd[1]: Stopping Session 3 of user copied_wonder.
Jun  9 00:09:57 delorian-pc systemd[1]: Stopping User Manager for UID 121...
Jun  9 00:09:57 delorian-pc systemd[1]: Stopped target Sound Card.
Jun  9 00:09:57 delorian-pc systemd[1]: Stopped target Graphical Interface.
Jun  9 00:09:57 delorian-pc systemd[1]: Stopping GNOME Display Manager...
Jun  9 00:09:57 delorian-pc systemd[1]: Stopping Disk Manager...
Jun  9 00:09:57 delorian-pc systemd[1]: Stopped Daily Cleanup of Temporary Directories.
Jun  9 00:09:57 delorian-pc systemd[1]: Stopped Daily apt download activities.
Jun  9 00:09:57 delorian-pc systemd[1]: Stopping PackageKit Daemon...
Jun  9 00:09:57 delorian-pc systemd[1]: Stopped Message of the Day.
Jun  9 00:09:57 delorian-pc systemd[1]: Stopping Accounts Service...
Jun  9 00:09:57 delorian-pc systemd[1]: Stopping Thunderbolt system service...
Jun  9 00:09:57 delorian-pc systemd[1]: Stopped Accounts Service.
Jun  9 00:09:57 delorian-pc systemd[1]: Stopped RealtimeKit Scheduling Policy Service.
Jun  9 00:09:57 delorian-pc systemd[1]: Stopped Thunderbolt system service.
Jun  9 00:09:57 delorian-pc udisksd[1137]: udisks daemon version 2.7.6 exiting
Jun  9 00:09:57 delorian-pc systemd[1]: Stopped Manage, Install and Generate Color Profiles.
Jun  9 00:09:57 delorian-pc bluetoothd[1147]: src/adapter.c:adapter_service_remove() /org/bluez/hci0
Jun  9 00:09:57 delorian-pc bluetoothd[1147]: src/adapter.c:remove_uuid() sending remove uuid command for index 0
Jun  9 00:09:57 delorian-pc bluetoothd[1147]: src/sdpd-service.c:remove_record_from_server() Removing record with handle 0x10003
Jun  9 00:09:57 delorian-pc bluetoothd[1147]: profiles/audio/media.c:release_endpoint() sender=:1.87 path=/MediaEndpoint/A2DPSource
Jun  9 00:09:57 delorian-pc bluetoothd[1147]: Endpoint unregistered: sender=:1.87 path=/MediaEndpoint/A2DPSource
Jun  9 00:09:57 delorian-pc bluetoothd[1147]: profiles/audio/media.c:media_endpoint_destroy() sender=:1.87 path=/MediaEndpoint/A2DPSource
Jun  9 00:09:57 delorian-pc bluetoothd[1147]: profiles/audio/avdtp.c:avdtp_unregister_sep() SEP 0x55a5830d5600 unregistered: type:0 codec:0 seid:1
Jun  9 00:09:57 delorian-pc bluetoothd[1147]: src/adapter.c:adapter_service_remove() /org/bluez/hci0
Jun  9 00:09:57 delorian-pc bluetoothd[1147]: src/adapter.c:remove_uuid() sending remove uuid command for index 0
Jun  9 00:09:57 delorian-pc bluetoothd[1147]: src/sdpd-service.c:remove_record_from_server() Removing record with handle 0x10004
Jun  9 00:09:57 delorian-pc bluetoothd[1147]: profiles/audio/media.c:release_endpoint() sender=:1.87 path=/MediaEndpoint/A2DPSink
Jun  9 00:09:57 delorian-pc bluetoothd[1147]: Endpoint unregistered: sender=:1.87 path=/MediaEndpoint/A2DPSink
Jun  9 00:09:57 delorian-pc bluetoothd[1147]: profiles/audio/media.c:media_endpoint_destroy() sender=:1.87 path=/MediaEndpoint/A2DPSink
Jun  9 00:09:57 delorian-pc bluetoothd[1147]: profiles/audio/avdtp.c:avdtp_unregister_sep() SEP 0x55a5830e1740 unregistered: type:1 codec:0 seid:2
Jun  9 00:09:57 delorian-pc bluetoothd[1147]: src/profile.c:ext_exited() "Headset Voice gateway" exited
Jun  9 00:09:57 delorian-pc bluetoothd[1147]: src/service.c:change_state() 0x55a5830dcff0: device 30:C0:1B:21:62:1E profile Headset Voice gateway state changed: disconnected -> unavailable (0)
Jun  9 00:09:57 delorian-pc bluetoothd[1147]: src/profile.c:ext_device_remove() Headset Voice gateway
Jun  9 00:09:57 delorian-pc bluetoothd[1147]: src/service.c:btd_service_unref() 0x55a5830dcff0: ref=0
Jun  9 00:09:57 delorian-pc bluetoothd[1147]: src/profile.c:ext_adapter_remove() "Headset Voice gateway" removed
Jun  9 00:09:57 delorian-pc bluetoothd[1147]: src/adapter.c:adapter_service_remove() /org/bluez/hci0
Jun  9 00:09:57 delorian-pc bluetoothd[1147]: src/adapter.c:remove_uuid() sending remove uuid command for index 0
Jun  9 00:09:57 delorian-pc bluetoothd[1147]: src/sdpd-service.c:remove_record_from_server() Removing record with handle 0x10005
Jun  9 00:09:57 delorian-pc bluetoothd[1147]: src/profile.c:remove_ext() Removed "Headset Voice gateway"
Jun  9 00:09:57 delorian-pc bluetoothd[1147]: src/profile.c:ext_exited() ":1.87/Profile/HSPHSProfile/00001108-0000-1000-8000-00805f9b34fb" exited
Jun  9 00:09:57 delorian-pc bluetoothd[1147]: src/service.c:change_state() 0x55a5830e3190: device 30:C0:1B:21:62:1E profile :1.87/Profile/HSPHSProfile/00001108-0000-1000-8000-00805f9b34fb state changed: disconnected -> unavailable (0)
Jun  9 00:09:57 delorian-pc bluetoothd[1147]: src/profile.c:ext_device_remove() :1.87/Profile/HSPHSProfile/00001108-0000-1000-8000-00805f9b34fb
Jun  9 00:09:57 delorian-pc bluetoothd[1147]: src/service.c:btd_service_unref() 0x55a5830e3190: ref=0
Jun  9 00:09:57 delorian-pc bluetoothd[1147]: src/profile.c:ext_adapter_remove() ":1.87/Profile/HSPHSProfile/00001108-0000-1000-8000-00805f9b34fb" removed
Jun  9 00:09:57 delorian-pc bluetoothd[1147]: src/adapter.c:adapter_service_remove() /org/bluez/hci0
Jun  9 00:09:57 delorian-pc bluetoothd[1147]: src/adapter.c:remove_uuid() sending remove uuid command for index 0
Jun  9 00:09:57 delorian-pc bluetoothd[1147]: src/sdpd-service.c:remove_record_from_server() Removing record with handle 0x10006
Jun  9 00:09:57 delorian-pc bluetoothd[1147]: src/profile.c:remove_ext() Removed ":1.87/Profile/HSPHSProfile/00001108-0000-1000-8000-00805f9b34fb"
Jun  9 00:09:58 delorian-pc bluetoothd[1147]: src/adapter.c:dev_class_changed_callback() Class: 0x04010c
Jun  9 00:09:58 delorian-pc systemd[1]: Stopped Disk Manager.
Jun  9 00:09:58 delorian-pc systemd[1]: Stopped Daemon for power management.
Jun  9 00:09:58 delorian-pc bluetoothd[1147]: src/adapter.c:dev_class_changed_callback() Class: 0x00010c
Jun  9 00:09:58 delorian-pc systemd[1]: Stopped PackageKit Daemon.
Jun  9 00:09:58 delorian-pc systemd[1]: Stopping Authorization Manager...
Jun  9 00:09:58 delorian-pc systemd[2402]: Stopped target Default.
Jun  9 00:09:58 delorian-pc systemd[2402]: Stopping D-Bus User Message Bus...
Jun  9 00:09:58 delorian-pc systemd[1417]: Stopping Sound Service...
Jun  9 00:09:58 delorian-pc systemd[1417]: Stopping sandboxed app permission store...
Jun  9 00:09:58 delorian-pc systemd[1417]: Stopping Accessibility services bus...
Jun  9 00:09:58 delorian-pc systemd[1417]: Stopped target Default.
Jun  9 00:09:58 delorian-pc systemd[1417]: Stopping D-Bus User Message Bus...
Jun  9 00:09:58 delorian-pc systemd[1417]: Stopped sandboxed app permission store.
Jun  9 00:09:58 delorian-pc blkdeactivate[6592]: Deactivating block devices:
Jun  9 00:09:58 delorian-pc systemd[1417]: Stopped D-Bus User Message Bus.
Jun  9 00:09:58 delorian-pc systemd[2402]: Stopped D-Bus User Message Bus.
Jun  9 00:09:58 delorian-pc systemd[2402]: Stopped target Basic System.
Jun  9 00:09:58 delorian-pc systemd[2402]: Stopped target Paths.
Jun  9 00:09:58 delorian-pc systemd[2402]: Stopped Pending report trigger for Ubuntu Report.
Jun  9 00:09:58 delorian-pc systemd[2402]: Stopped target Sockets.
Jun  9 00:09:58 delorian-pc systemd[2402]: Closed GnuPG cryptographic agent and passphrase cache (restricted).
Jun  9 00:09:58 delorian-pc systemd[2402]: Closed GnuPG cryptographic agent and passphrase cache (access for web browsers).
Jun  9 00:09:58 delorian-pc systemd[2402]: Closed REST API socket for snapd user session agent.
Jun  9 00:09:58 delorian-pc systemd[2402]: Closed GnuPG cryptographic agent (ssh-agent emulation).
Jun  9 00:09:58 delorian-pc systemd[2402]: Closed GnuPG cryptographic agent and passphrase cache.
Jun  9 00:09:58 delorian-pc systemd[2402]: Closed GnuPG network certificate management daemon.
Jun  9 00:09:58 delorian-pc systemd[2402]: Stopped target Timers.
Jun  9 00:09:58 delorian-pc systemd[2402]: Closed D-Bus User Message Bus Socket.
Jun  9 00:09:58 delorian-pc systemd[2402]: Reached target Shutdown.
Jun  9 00:09:58 delorian-pc systemd[2402]: Starting Exit the Session...
Jun  9 00:09:58 delorian-pc systemd[1417]: Stopped Sound Service.
Jun  9 00:09:58 delorian-pc systemd[1417]: Stopped Accessibility services bus.
Jun  9 00:09:58 delorian-pc systemd[1417]: Stopped target Basic System.
Jun  9 00:09:58 delorian-pc systemd[1417]: Stopped target Paths.
Jun  9 00:09:58 delorian-pc systemd[1417]: Stopped Pending report trigger for Ubuntu Report.
Jun  9 00:09:58 delorian-pc systemd[1417]: Stopped target Sockets.
Jun  9 00:09:58 delorian-pc systemd[1417]: Closed GnuPG network certificate management daemon.
Jun  9 00:09:58 delorian-pc systemd[1417]: Closed Sound System.
Jun  9 00:09:58 delorian-pc systemd[1417]: Closed REST API socket for snapd user session agent.
Jun  9 00:09:58 delorian-pc systemd[1417]: Closed GnuPG cryptographic agent and passphrase cache (restricted).
Jun  9 00:09:58 delorian-pc systemd[1417]: Closed GnuPG cryptographic agent (ssh-agent emulation).
Jun  9 00:09:58 delorian-pc systemd[1417]: Closed GnuPG cryptographic agent and passphrase cache (access for web browsers).
Jun  9 00:09:58 delorian-pc systemd[1417]: Closed GnuPG cryptographic agent and passphrase cache.
Jun  9 00:09:58 delorian-pc systemd[1417]: Stopped target Timers.
Jun  9 00:09:58 delorian-pc systemd[1417]: Closed D-Bus User Message Bus Socket.
Jun  9 00:09:58 delorian-pc systemd[1417]: Reached target Shutdown.
Jun  9 00:09:58 delorian-pc systemd[1417]: Starting Exit the Session...
Jun  9 00:09:58 delorian-pc systemd[1417]: Received SIGRTMIN+24 from PID 6666 (kill).
Jun  9 00:09:58 delorian-pc systemd[2402]: Received SIGRTMIN+24 from PID 6640 (kill).
Jun  9 00:09:58 delorian-pc gdm3: Tried to look up non-existent conversation gdm-launch-environment
Jun  9 00:09:58 delorian-pc tlp[6595]: Applying power save settings...done.
Jun  9 00:09:58 delorian-pc gdm3: Freeing conversation 'gdm-launch-environment' with active job
Jun  9 00:09:58 delorian-pc systemd[1]: Stopped ACPI event daemon.
Jun  9 00:09:58 delorian-pc systemd[1]: Stopped Authorization Manager.
Jun  9 00:09:58 delorian-pc systemd[1]: Stopped User Manager for UID 121.
Jun  9 00:09:58 delorian-pc systemd[1]: Stopped User Manager for UID 1000.
Jun  9 00:09:58 delorian-pc systemd[1]: Stopped Availability of block devices.
Jun  9 00:09:58 delorian-pc systemd[1]: Stopped Save/Restore Sound Card State.
Jun  9 00:09:58 delorian-pc systemd[1]: Stopped TLP system startup/shutdown.
Jun  9 00:09:58 delorian-pc systemd[1]: Stopped Session c1 of user gdm.
Jun  9 00:09:58 delorian-pc systemd[1]: Stopped Session 3 of user copied_wonder.
Jun  9 00:09:58 delorian-pc systemd[1]: Stopping Bluetooth service...
Jun  9 00:09:58 delorian-pc bluetoothd[1147]: Terminating
Jun  9 00:09:58 delorian-pc systemd[1]: Stopped target Multi-User System.
Jun  9 00:09:58 delorian-pc bluetoothd[1147]: src/adapter.c:adapter_shutdown()
Jun  9 00:09:58 delorian-pc systemd[1]: Stopping irqbalance daemon...
Jun  9 00:09:58 delorian-pc bluetoothd[1147]: src/adapter.c:set_mode() sending set mode command for index 0
Jun  9 00:09:58 delorian-pc systemd[1]: Stopping Regular background program processing daemon...
Jun  9 00:09:58 delorian-pc ModemManager[1154]: <info>  Caught signal, shutting down...
Jun  9 00:09:58 delorian-pc systemd[1]: Stopping Run anacron jobs...
Jun  9 00:09:58 delorian-pc systemd[1]: Stopping Modem Manager...
Jun  9 00:09:58 delorian-pc systemd[1]: Stopped target Login Prompts.
Jun  9 00:09:58 delorian-pc systemd[1]: Stopping vboxballoonctrl-service.service...
Jun  9 00:09:58 delorian-pc systemd[1]: Stopping Deferred execution scheduler...
Jun  9 00:09:58 delorian-pc systemd[1]: Stopping Tool to automatically collect and submit kernel crash signatures...
Jun  9 00:09:58 delorian-pc systemd[1]: Stopped Wait until snapd is fully seeded.
Jun  9 00:09:58 delorian-pc systemd[1]: Stopping Snappy daemon...
Jun  9 00:09:58 delorian-pc snapd[1225]: main.go:155: Exiting on terminated signal.
Jun  9 00:09:58 delorian-pc systemd[1]: Stopping vboxautostart-service.service...
Jun  9 00:09:58 delorian-pc NetworkManager[1224]: <info>  [1591650598.6770] modem-manager: ModemManager no longer available
Jun  9 00:09:58 delorian-pc thermald[1162]: Terminating ...
Jun  9 00:09:58 delorian-pc ModemManager[1154]: <info>  ModemManager is shut down
Jun  9 00:09:58 delorian-pc systemd[1]: Stopping Thermal Daemon Service...
Jun  9 00:09:58 delorian-pc systemd[1]: Stopping Suspend/Resume Running libvirt Guests...
Jun  9 00:09:58 delorian-pc systemd[1]: Stopped OpenVPN service.
Jun  9 00:09:58 delorian-pc systemd[1]: Stopping vboxweb-service.service...
Jun  9 08:58:11 delorian-pc systemd[1]: Starting Flush Journal to Persistent Storage...
Jun  9 08:58:11 delorian-pc kernel: [    0.000000] microcode: microcode updated early to revision 0xca, date = 2019-10-03
Jun  9 08:58:11 delorian-pc kernel: [    0.000000] Linux version 5.3.0-53-generic (buildd@lgw01-amd64-016) (gcc version 7.5.0 (Ubuntu 7.5.0-3ubuntu1~18.04)) #47~18.04.1-Ubuntu SMP Thu May 7 13:10:50 UTC 2020 (Ubuntu 5.3.0-53.47~18.04.1-generic 5.3.18)
Jun  9 08:58:11 delorian-pc kernel: [    0.000000] Command line: BOOT_IMAGE=/boot/vmlinuz-5.3.0-53-generic root=UUID=7bef8097-d51b-4535-a80c-6e0c2fdae0d6 ro quiet splash vt.handoff=1
Jun  9 08:58:11 delorian-pc kernel: [    0.000000] KERNEL supported cpus:
Jun  9 08:58:11 delorian-pc kernel: [    0.000000]   Intel GenuineIntel
Jun  9 08:58:11 delorian-pc systemd-modules-load[375]: Inserted module 'lp'
Jun  9 08:58:11 delorian-pc kernel: [    0.000000]   AMD AuthenticAMD
Jun  9 08:58:11 delorian-pc kernel: [    0.000000]   Hygon HygonGenuine
Jun  9 08:58:11 delorian-pc kernel: [    0.000000]   Centaur CentaurHauls
Jun  9 08:58:11 delorian-pc kernel: [    0.000000]   zhaoxin   Shanghai  
Jun  9 08:58:11 delorian-pc kernel: [    0.000000] x86/fpu: Supporting XSAVE feature 0x001: 'x87 floating point registers'
Jun  9 08:58:11 delorian-pc kernel: [    0.000000] x86/fpu: Supporting XSAVE feature 0x002: 'SSE registers'
Jun  9 08:58:11 delorian-pc kernel: [    0.000000] x86/fpu: Supporting XSAVE feature 0x004: 'AVX registers'
Jun  9 08:58:11 delorian-pc mtp-probe: checking bus 1, device 2: "/sys/devices/pci0000:00/0000:00:14.0/usb1/1-3"
Jun  9 08:58:11 delorian-pc kernel: [    0.000000] x86/fpu: Supporting XSAVE feature 0x008: 'MPX bounds registers'
Jun  9 08:58:11 delorian-pc kernel: [    0.000000] x86/fpu: Supporting XSAVE feature 0x010: 'MPX CSR'
Jun  9 08:58:11 delorian-pc kernel: [    0.000000] x86/fpu: xstate_offset[2]:  576, xstate_sizes[2]:  256
Jun  9 08:58:11 delorian-pc kernel: [    0.000000] x86/fpu: xstate_offset[3]:  832, xstate_sizes[3]:   64
Jun  9 08:58:11 delorian-pc kernel: [    0.000000] x86/fpu: xstate_offset[4]:  896, xstate_sizes[4]:   64
Jun  9 08:58:11 delorian-pc systemd-modules-load[375]: Inserted module 'ppdev'
Jun  9 08:58:11 delorian-pc kernel: [    0.000000] x86/fpu: Enabled xstate features 0x1f, context size is 960 bytes, using 'compacted' format.
Jun  9 08:58:11 delorian-pc kernel: [    0.000000] BIOS-provided physical RAM map:
Jun  9 08:58:11 delorian-pc kernel: [    0.000000] BIOS-e820: [mem 0x0000000000000000-0x0000000000057fff] usable
Jun  9 08:58:11 delorian-pc kernel: [    0.000000] BIOS-e820: [mem 0x0000000000058000-0x0000000000058fff] reserved
Jun  9 08:58:11 delorian-pc kernel: [    0.000000] BIOS-e820: [mem 0x0000000000059000-0x000000000009dfff] usable
Jun  9 08:58:11 delorian-pc kernel: [    0.000000] BIOS-e820: [mem 0x000000000009e000-0x00000000000fffff] reserved
Jun  9 08:58:11 delorian-pc kernel: [    0.000000] BIOS-e820: [mem 0x0000000000100000-0x00000000849f0fff] usable
Jun  9 08:58:11 delorian-pc mtp-probe: checking bus 1, device 3: "/sys/devices/pci0000:00/0000:00:14.0/usb1/1-6"
Jun  9 08:58:11 delorian-pc kernel: [    0.000000] BIOS-e820: [mem 0x00000000849f1000-0x00000000849f1fff] ACPI NVS
Jun  9 08:58:11 delorian-pc kernel: [    0.000000] BIOS-e820: [mem 0x00000000849f2000-0x00000000849f2fff] reserved
Jun  9 08:58:11 delorian-pc kernel: [    0.000000] BIOS-e820: [mem 0x00000000849f3000-0x0000000089e71fff] usable
Jun  9 08:58:11 delorian-pc kernel: [    0.000000] BIOS-e820: [mem 0x0000000089e72000-0x000000008ad1ffff] reserved
Jun  9 08:58:11 delorian-pc kernel: [    0.000000] BIOS-e820: [mem 0x000000008ad20000-0x000000008ad6afff] ACPI data
Jun  9 08:58:11 delorian-pc kernel: [    0.000000] BIOS-e820: [mem 0x000000008ad6b000-0x000000008ae01fff] ACPI NVS
Jun  9 08:58:11 delorian-pc systemd-modules-load[375]: Inserted module 'parport_pc'
Jun  9 08:58:11 delorian-pc kernel: [    0.000000] BIOS-e820: [mem 0x000000008ae02000-0x000000008b37efff] reserved
Jun  9 08:58:11 delorian-pc kernel: [    0.000000] BIOS-e820: [mem 0x000000008b37f000-0x000000008b3fefff] usable
Jun  9 08:58:11 delorian-pc kernel: [    0.000000] BIOS-e820: [mem 0x000000008b3ff000-0x000000008fffffff] reserved
Jun  9 08:58:11 delorian-pc kernel: [    0.000000] BIOS-e820: [mem 0x00000000f0000000-0x00000000f7ffffff] reserved
Jun  9 08:58:11 delorian-pc kernel: [    0.000000] BIOS-e820: [mem 0x00000000fe000000-0x00000000fe010fff] reserved
Jun  9 08:58:11 delorian-pc mtp-probe: bus: 1, device: 2 was not an MTP device
Jun  9 08:58:11 delorian-pc kernel: [    0.000000] BIOS-e820: [mem 0x00000000fec00000-0x00000000fec00fff] reserved
Jun  9 08:58:11 delorian-pc kernel: [    0.000000] BIOS-e820: [mem 0x00000000fed00000-0x00000000fed00fff] reserved
Jun  9 08:58:11 delorian-pc kernel: [    0.000000] BIOS-e820: [mem 0x00000000fee00000-0x00000000fee00fff] reserved
Jun  9 08:58:11 delorian-pc kernel: [    0.000000] BIOS-e820: [mem 0x00000000ff000000-0x00000000ffffffff] reserved
Jun  9 08:58:11 delorian-pc kernel: [    0.000000] BIOS-e820: [mem 0x0000000100000000-0x000000026effffff] usable
Jun  9 08:58:11 delorian-pc systemd[1]: Started Load/Save Random Seed.
Jun  9 08:58:11 delorian-pc kernel: [    0.000000] NX (Execute Disable) protection: active
Jun  9 08:58:11 delorian-pc kernel: [    0.000000] e820: update [mem 0x83391018-0x833a1057] usable ==> usable
Jun  9 08:58:11 delorian-pc kernel: [    0.000000] e820: update [mem 0x83391018-0x833a1057] usable ==> usable
Jun  9 08:58:11 delorian-pc kernel: [    0.000000] e820: update [mem 0x83364018-0x83390057] usable ==> usable
Jun  9 08:58:11 delorian-pc kernel: [    0.000000] e820: update [mem 0x83364018-0x83390057] usable ==> usable
Jun  9 08:58:11 delorian-pc kernel: [    0.000000] extended physical RAM map:
Jun  9 08:58:11 delorian-pc mtp-probe: bus: 1, device: 3 was not an MTP device
Jun  9 08:58:11 delorian-pc kernel: [    0.000000] reserve setup_data: [mem 0x0000000000000000-0x0000000000057fff] usable
Jun  9 08:58:11 delorian-pc kernel: [    0.000000] reserve setup_data: [mem 0x0000000000058000-0x0000000000058fff] reserved
Jun  9 08:58:11 delorian-pc kernel: [    0.000000] reserve setup_data: [mem 0x0000000000059000-0x000000000009dfff] usable
Jun  9 08:58:11 delorian-pc kernel: [    0.000000] reserve setup_data: [mem 0x000000000009e000-0x00000000000fffff] reserved
Jun  9 08:58:11 delorian-pc systemd[1]: Started Load Kernel Modules.
Jun  9 08:58:11 delorian-pc kernel: [    0.000000] reserve setup_data: [mem 0x0000000000100000-0x0000000083364017] usable
Jun  9 08:58:11 delorian-pc kernel: [    0.000000] reserve setup_data: [mem 0x0000000083364018-0x0000000083390057] usable
Jun  9 08:58:11 delorian-pc kernel: [    0.000000] reserve setup_data: [mem 0x0000000083390058-0x0000000083391017] usable
Jun  9 08:58:11 delorian-pc kernel: [    0.000000] reserve setup_data: [mem 0x0000000083391018-0x00000000833a1057] usable
Jun  9 08:58:11 delorian-pc kernel: [    0.000000] reserve setup_data: [mem 0x00000000833a1058-0x00000000849f0fff] usable
Jun  9 08:58:11 delorian-pc systemd[1]: Starting Apply Kernel Variables...
Jun  9 08:58:11 delorian-pc kernel: [    0.000000] reserve setup_data: [mem 0x00000000849f1000-0x00000000849f1fff] ACPI NVS
Jun  9 08:58:11 delorian-pc kernel: [    0.000000] reserve setup_data: [mem 0x00000000849f2000-0x00000000849f2fff] reserved
Jun  9 08:58:11 delorian-pc kernel: [    0.000000] reserve setup_data: [mem 0x00000000849f3000-0x0000000089e71fff] usable
Jun  9 08:58:11 delorian-pc kernel: [    0.000000] reserve setup_data: [mem 0x0000000089e72000-0x000000008ad1ffff] reserved
Jun  9 08:58:11 delorian-pc kernel: [    0.000000] reserve setup_data: [mem 0x000000008ad20000-0x000000008ad6afff] ACPI data
Jun  9 08:58:11 delorian-pc systemd[1]: Mounting FUSE Control File System...
Jun  9 08:58:11 delorian-pc kernel: [    0.000000] reserve setup_data: [mem 0x000000008ad6b000-0x000000008ae01fff] ACPI NVS
Jun  9 08:58:11 delorian-pc kernel: [    0.000000] reserve setup_data: [mem 0x000000008ae02000-0x000000008b37efff] reserved
Jun  9 08:58:11 delorian-pc kernel: [    0.000000] reserve setup_data: [mem 0x000000008b37f000-0x000000008b3fefff] usable
Jun  9 08:58:11 delorian-pc systemd[1]: Mounting Kernel Configuration File System...
Jun  9 08:58:11 delorian-pc kernel: [    0.000000] reserve setup_data: [mem 0x000000008b3ff000-0x000000008fffffff] reserved
Jun  9 08:58:11 delorian-pc kernel: [    0.000000] reserve setup_data: [mem 0x00000000f0000000-0x00000000f7ffffff] reserved
Jun  9 08:58:11 delorian-pc kernel: [    0.000000] reserve setup_data: [mem 0x00000000fe000000-0x00000000fe010fff] reserved
Jun  9 08:58:11 delorian-pc kernel: [    0.000000] reserve setup_data: [mem 0x00000000fec00000-0x00000000fec00fff] reserved
Jun  9 08:58:11 delorian-pc kernel: [    0.000000] reserve setup_data: [mem 0x00000000fed00000-0x00000000fed00fff] reserved
Jun  9 08:58:11 delorian-pc systemd[1]: Mounted FUSE Control File System.
Jun  9 08:58:11 delorian-pc kernel: [    0.000000] reserve setup_data: [mem 0x00000000fee00000-0x00000000fee00fff] reserved
Jun  9 08:58:11 delorian-pc kernel: [    0.000000] reserve setup_data: [mem 0x00000000ff000000-0x00000000ffffffff] reserved
Jun  9 08:58:11 delorian-pc kernel: [    0.000000] reserve setup_data: [mem 0x0000000100000000-0x000000026effffff] usable
Jun  9 08:58:11 delorian-pc kernel: [    0.000000] efi: EFI v2.60 by American Megatrends
Jun  9 08:58:11 delorian-pc systemd[1]: Mounted Kernel Configuration File System.
Jun  9 08:58:11 delorian-pc kernel: [    0.000000] efi:  TPMFinalLog=0x8add1000  ACPI 2.0=0x8ad2f000  ACPI=0x8ad2f000  SMBIOS=0x8b203000  SMBIOS 3.0=0x8b202000  ESRT=0x8885e898  TPMEventLog=0x84ad2018 
Jun  9 08:58:11 delorian-pc kernel: [    0.000000] secureboot: Secure boot disabled
Jun  9 08:58:11 delorian-pc kernel: [    0.000000] SMBIOS 3.0.0 present.
Jun  9 08:58:11 delorian-pc kernel: [    0.000000] DMI: ASUSTeK COMPUTER INC. X510UNR/X510UNR, BIOS X510UNR.309 05/14/2019
Jun  9 08:58:11 delorian-pc systemd[1]: Started Set the console keyboard layout.
Jun  9 08:58:11 delorian-pc kernel: [    0.000000] tsc: Detected 1800.000 MHz processor
Jun  9 08:58:11 delorian-pc kernel: [    0.000000] [Firmware Bug]: TSC ADJUST: CPU0: -16110630 force to 0
Jun  9 08:58:11 delorian-pc kernel: [    0.001099] e820: update [mem 0x00000000-0x00000fff] usable ==> reserved
Jun  9 08:58:11 delorian-pc kernel: [    0.001102] e820: remove [mem 0x000a0000-0x000fffff] usable
Jun  9 08:58:11 delorian-pc kernel: [    0.001113] last_pfn = 0x26f000 max_arch_pfn = 0x400000000
Jun  9 08:58:11 delorian-pc kernel: [    0.001119] MTRR default type: write-back
Jun  9 08:58:11 delorian-pc kernel: [    0.001120] MTRR fixed ranges enabled:
Jun  9 08:58:11 delorian-pc systemd[1]: Started Monitoring of LVM2 mirrors, snapshots etc. using dmeventd or progress polling.
Jun  9 08:58:11 delorian-pc kernel: [    0.001122]   00000-9FFFF write-back
Jun  9 08:58:11 delorian-pc kernel: [    0.001123]   A0000-BFFFF uncachable
Jun  9 08:58:11 delorian-pc kernel: [    0.001124]   C0000-FFFFF write-protect
Jun  9 08:58:11 delorian-pc kernel: [    0.001125] MTRR variable ranges enabled:
Jun  9 08:58:11 delorian-pc kernel: [    0.001128]   0 base 00C0000000 mask 7FC0000000 uncachable
Jun  9 08:58:11 delorian-pc kernel: [    0.001129]   1 base 00A0000000 mask 7FE0000000 uncachable
Jun  9 08:58:11 delorian-pc systemd[1]: Started Apply Kernel Variables.
Jun  9 08:58:11 delorian-pc kernel: [    0.001130]   2 base 0090000000 mask 7FF0000000 uncachable
Jun  9 08:58:11 delorian-pc kernel: [    0.001132]   3 base 008C000000 mask 7FFC000000 uncachable
Jun  9 08:58:11 delorian-pc kernel: [    0.001133]   4 base 008B800000 mask 7FFF800000 uncachable
Jun  9 08:58:11 delorian-pc kernel: [    0.001134]   5 disabled
Jun  9 08:58:11 delorian-pc kernel: [    0.001135]   6 disabled
Jun  9 08:58:11 delorian-pc systemd[1]: Started Create Static Device Nodes in /dev.
Jun  9 08:58:11 delorian-pc kernel: [    0.001135]   7 disabled
Jun  9 08:58:11 delorian-pc kernel: [    0.001136]   8 disabled
Jun  9 08:58:11 delorian-pc kernel: [    0.001137]   9 disabled
Jun  9 08:58:11 delorian-pc systemd[1]: Reached target Local File Systems (Pre).
Jun  9 08:58:11 delorian-pc kernel: [    0.001919] x86/PAT: Configuration [0-7]: WB  WC  UC- UC  WB  WP  UC- WT  
Jun  9 08:58:11 delorian-pc kernel: [    0.002228] last_pfn = 0x8b3ff max_arch_pfn = 0x400000000
Jun  9 08:58:11 delorian-pc kernel: [    0.021206] esrt: Reserving ESRT space from 0x000000008885e898 to 0x000000008885e8d0.
Jun  9 08:58:11 delorian-pc kernel: [    0.021213] e820: update [mem 0x8885e000-0x8885efff] usable ==> reserved
Jun  9 08:58:11 delorian-pc kernel: [    0.021236] check: Scanning 1 areas for low memory corruption
Jun  9 08:58:11 delorian-pc kernel: [    0.021242] Using GB pages for direct mapping
Jun  9 08:58:11 delorian-pc systemd[1]: Mounting Mount unit for gnome-characters, revision 539...
Jun  9 08:58:11 delorian-pc kernel: [    0.021244] BRK [0x185c01000, 0x185c01fff] PGTABLE
Jun  9 08:58:11 delorian-pc kernel: [    0.021247] BRK [0x185c02000, 0x185c02fff] PGTABLE
Jun  9 08:58:11 delorian-pc kernel: [    0.021249] BRK [0x185c03000, 0x185c03fff] PGTABLE
Jun  9 08:58:11 delorian-pc kernel: [    0.021288] BRK [0x185c04000, 0x185c04fff] PGTABLE
Jun  9 08:58:11 delorian-pc kernel: [    0.021290] BRK [0x185c05000, 0x185c05fff] PGTABLE
Jun  9 08:58:11 delorian-pc systemd[1]: Mounting Mount unit for telegram-desktop, revision 1634...
Jun  9 08:58:11 delorian-pc systemd[1]: Mounting Mount unit for gnome-system-monitor, revision 148...
Jun  9 08:58:11 delorian-pc systemd[1]: Mounting Mount unit for gnome-3-28-1804, revision 110...
Jun  9 08:58:11 delorian-pc systemd[1]: Mounting Mount unit for gnome-system-monitor, revision 145...
Jun  9 08:58:11 delorian-pc systemd[1]: Mounting Mount unit for gtk2-common-themes, revision 9...
Jun  9 08:58:11 delorian-pc systemd[1]: Mounting Mount unit for gnome-characters, revision 550...
Jun  9 08:58:11 delorian-pc systemd[1]: Mounting Mount unit for vlc, revision 1620...
Jun  9 08:58:11 delorian-pc systemd[1]: Mounting Mount unit for sublime-text, revision 85...
Jun  9 08:58:11 delorian-pc kernel: [    0.021456] BRK [0x185c06000, 0x185c06fff] PGTABLE
Jun  9 08:58:11 delorian-pc kernel: [    0.021531] BRK [0x185c07000, 0x185c07fff] PGTABLE
Jun  9 08:58:11 delorian-pc kernel: [    0.021762] BRK [0x185c08000, 0x185c08fff] PGTABLE
Jun  9 08:58:11 delorian-pc systemd[1]: Mounting Mount unit for krita, revision 55...
Jun  9 08:58:11 delorian-pc kernel: [    0.021896] BRK [0x185c09000, 0x185c09fff] PGTABLE
Jun  9 08:58:11 delorian-pc kernel: [    0.021986] RAMDISK: [mem 0x3d674000-0x3fffdfff]
Jun  9 08:58:11 delorian-pc kernel: [    0.022001] ACPI: Early table checksum verification disabled
Jun  9 08:58:11 delorian-pc kernel: [    0.022005] ACPI: RSDP 0x000000008AD2F000 000024 (v02 _ASUS_)
Jun  9 08:58:11 delorian-pc kernel: [    0.022010] ACPI: XSDT 0x000000008AD2F0B8 0000F4 (v01 _ASUS_ Notebook 01072009 AMI  00010013)
Jun  9 08:58:11 delorian-pc systemd[1]: Mounting Mount unit for gimp, revision 252...
Jun  9 08:58:11 delorian-pc kernel: [    0.022018] ACPI: FACP 0x000000008AD5AD30 000114 (v06 _ASUS_ Notebook 01072009 AMI  00010013)
Jun  9 08:58:11 delorian-pc kernel: [    0.022026] ACPI: DSDT 0x000000008AD2F240 02BAEF (v02 _ASUS_ Notebook 01072009 INTL 20160422)
Jun  9 08:58:11 delorian-pc kernel: [    0.022031] ACPI: FACS 0x000000008ADD0F00 000040
Jun  9 08:58:11 delorian-pc kernel: [    0.022034] ACPI: APIC 0x000000008AD5AE48 0000BC (v03 _ASUS_ Notebook 01072009 AMI  00010013)
Jun  9 08:58:11 delorian-pc kernel: [    0.022039] ACPI: FPDT 0x000000008AD5AF08 000044 (v01 _ASUS_ Notebook 01072009 AMI  00010013)
Jun  9 08:58:11 delorian-pc systemd[1]: Mounting Mount unit for gnome-calculator, revision 748...
Jun  9 08:58:11 delorian-pc kernel: [    0.022042] ACPI: FIDT 0x000000008AD5AF50 00009C (v01 _ASUS_ Notebook 01072009 AMI  00010013)
Jun  9 08:58:11 delorian-pc kernel: [    0.022047] ACPI: ECDT 0x000000008AD5AFF0 0000C1 (v01 _ASUS_ Notebook 01072009 AMI. 00000005)
Jun  9 08:58:11 delorian-pc systemd[1]: Mounting Mount unit for gnome-calculator, revision 730...
Jun  9 08:58:11 delorian-pc kernel: [    0.022051] ACPI: MCFG 0x000000008AD5B0B8 00003C (v01 _ASUS_ Notebook 01072009 MSFT 00000097)
Jun  9 08:58:11 delorian-pc kernel: [    0.022055] ACPI: SSDT 0x000000008AD5B0F8 000359 (v01 SataRe SataTabl 00001000 INTL 20160422)
Jun  9 08:58:11 delorian-pc kernel: [    0.022059] ACPI: SSDT 0x000000008AD5B458 007394 (v02 DptfTa DptfTabl 00001000 INTL 20160422)
Jun  9 08:58:11 delorian-pc kernel: [    0.022063] ACPI: MSDM 0x000000008AD627F0 000055 (v03 _ASUS_ Notebook 01072009 ASUS 00000001)
Jun  9 08:58:11 delorian-pc kernel: [    0.022067] ACPI: SSDT 0x000000008AD62848 003147 (v02 SaSsdt SaSsdt   00003000 INTL 20160422)
Jun  9 08:58:11 delorian-pc kernel: [    0.022071] ACPI: HPET 0x000000008AD65990 000038 (v01 INTEL  KBL-ULT  00000001 MSFT 0000005F)
Jun  9 08:58:11 delorian-pc systemd[1]: Mounting Mount unit for gimp, revision 273...
Jun  9 08:58:11 delorian-pc kernel: [    0.022075] ACPI: UEFI 0x000000008AD659C8 000042 (v01 _ASUS_ Notebook 00000002      01000013)
Jun  9 08:58:11 delorian-pc kernel: [    0.022079] ACPI: SSDT 0x000000008AD65A10 0017AE (v02 CpuRef CpuSsdt  00003000 INTL 20160422)
Jun  9 08:58:11 delorian-pc kernel: [    0.022083] ACPI: LPIT 0x000000008AD671C0 000094 (v01 INTEL  KBL-ULT  00000000 MSFT 0000005F)
Jun  9 08:58:11 delorian-pc kernel: [    0.022087] ACPI: SSDT 0x000000008AD67258 000141 (v02 INTEL  HdaDsp   00000000 INTL 20160422)
Jun  9 08:58:11 delorian-pc systemd[1]: Mounting Mount unit for gnome-3-34-1804, revision 33...
Jun  9 08:58:11 delorian-pc kernel: [    0.022091] ACPI: SSDT 0x000000008AD673A0 00029F (v02 INTEL  sensrhub 00000000 INTL 20160422)
Jun  9 08:58:11 delorian-pc kernel: [    0.022095] ACPI: SSDT 0x000000008AD67640 000517 (v02 INTEL  TbtTypeC 00000000 INTL 20160422)
Jun  9 08:58:11 delorian-pc systemd[1]: Mounting Mount unit for gnome-3-34-1804, revision 36...
Jun  9 08:58:11 delorian-pc kernel: [    0.022099] ACPI: DBGP 0x000000008AD67B58 000034 (v01 INTEL           00000002 MSFT 0000005F)
Jun  9 08:58:11 delorian-pc kernel: [    0.022103] ACPI: DBG2 0x000000008AD67B90 000054 (v00 INTEL           00000002 MSFT 0000005F)
Jun  9 08:58:11 delorian-pc kernel: [    0.022106] ACPI: SSDT 0x000000008AD67BE8 000829 (v02 SgRef  SgPch    00001000 INTL 20160422)
Jun  9 08:58:11 delorian-pc kernel: [    0.022111] ACPI: SSDT 0x000000008AD68418 00039B (v02 SgRef  SgUlx    00001000 INTL 20160422)
Jun  9 08:58:11 delorian-pc kernel: [    0.022115] ACPI: DMAR 0x000000008AD687B8 000138 (v01 INTEL  KBL      00000001 INTL 00000001)
Jun  9 08:58:11 delorian-pc systemd[1]: Mounting Mount unit for vlc, revision 1397...
Jun  9 08:58:11 delorian-pc kernel: [    0.022119] ACPI: BGRT 0x000000008AD688F0 000038 (v01 _ASUS_ Notebook 01072009 AMI  00010013)
Jun  9 08:58:11 delorian-pc kernel: [    0.022123] ACPI: TPM2 0x000000008AD68928 000034 (v03 _ASUS_ Notebook 00000001 AMI  00000000)
Jun  9 08:58:11 delorian-pc kernel: [    0.022126] ACPI: SSDT 0x000000008AD68960 001F33 (v01 OptRef OptTabl  00001000 INTL 20160422)
Jun  9 08:58:11 delorian-pc kernel: [    0.022130] ACPI: WSMT 0x000000008AD6A898 000028 (v01 _ASUS_ Notebook 01072009 AMI  00010013)
Jun  9 08:58:11 delorian-pc kernel: [    0.022144] ACPI: Local APIC address 0xfee00000
Jun  9 08:58:11 delorian-pc kernel: [    0.022398] No NUMA configuration found
Jun  9 08:58:11 delorian-pc kernel: [    0.022399] Faking a node at [mem 0x0000000000000000-0x000000026effffff]
Jun  9 08:58:11 delorian-pc systemd[1]: Mounting Mount unit for core, revision 9066...
Jun  9 08:58:11 delorian-pc kernel: [    0.022416] NODE_DATA(0) allocated [mem 0x26efd5000-0x26effffff]
Jun  9 08:58:11 delorian-pc systemd[1]: Mounting Mount unit for kde-frameworks-5-core18, revision 32...
Jun  9 08:58:11 delorian-pc kernel: [    0.022726] Zone ranges:
Jun  9 08:58:11 delorian-pc kernel: [    0.022727]   DMA      [mem 0x0000000000001000-0x0000000000ffffff]
Jun  9 08:58:11 delorian-pc kernel: [    0.022729]   DMA32    [mem 0x0000000001000000-0x00000000ffffffff]
Jun  9 08:58:11 delorian-pc kernel: [    0.022730]   Normal   [mem 0x0000000100000000-0x000000026effffff]
Jun  9 08:58:11 delorian-pc kernel: [    0.022732]   Device   empty
Jun  9 08:58:11 delorian-pc systemd[1]: Mounting Mount unit for core, revision 9289...
Jun  9 08:58:11 delorian-pc kernel: [    0.022733] Movable zone start for each node
Jun  9 08:58:11 delorian-pc kernel: [    0.022738] Early memory node ranges
Jun  9 08:58:11 delorian-pc kernel: [    0.022739]   node   0: [mem 0x0000000000001000-0x0000000000057fff]
Jun  9 08:58:11 delorian-pc systemd[1]: Mounting Mount unit for telegram-desktop, revision 1666...
Jun  9 08:58:11 delorian-pc kernel: [    0.022741]   node   0: [mem 0x0000000000059000-0x000000000009dfff]
Jun  9 08:58:11 delorian-pc kernel: [    0.022742]   node   0: [mem 0x0000000000100000-0x00000000849f0fff]
Jun  9 08:58:11 delorian-pc kernel: [    0.022743]   node   0: [mem 0x00000000849f3000-0x0000000089e71fff]
Jun  9 08:58:11 delorian-pc kernel: [    0.022744]   node   0: [mem 0x000000008b37f000-0x000000008b3fefff]
Jun  9 08:58:11 delorian-pc kernel: [    0.022745]   node   0: [mem 0x0000000100000000-0x000000026effffff]
Jun  9 08:58:11 delorian-pc systemd[1]: Mounting Mount unit for core18, revision 1705...
Jun  9 08:58:11 delorian-pc kernel: [    0.023064] Zeroed struct page in unavailable ranges: 29044 pages
Jun  9 08:58:11 delorian-pc kernel: [    0.023066] Initmem setup node 0 [mem 0x0000000000001000-0x000000026effffff]
Jun  9 08:58:11 delorian-pc kernel: [    0.023068] On node 0 totalpages: 2068108
Jun  9 08:58:11 delorian-pc systemd[1]: Mounting Mount unit for core18, revision 1754...
Jun  9 08:58:11 delorian-pc kernel: [    0.023069]   DMA zone: 64 pages used for memmap
Jun  9 08:58:11 delorian-pc kernel: [    0.023070]   DMA zone: 22 pages reserved
Jun  9 08:58:11 delorian-pc kernel: [    0.023072]   DMA zone: 3996 pages, LIFO batch:0
Jun  9 08:58:11 delorian-pc kernel: [    0.023147]   DMA32 zone: 8764 pages used for memmap
Jun  9 08:58:11 delorian-pc kernel: [    0.023149]   DMA32 zone: 560880 pages, LIFO batch:63
Jun  9 08:58:11 delorian-pc kernel: [    0.037476]   Normal zone: 23488 pages used for memmap
Jun  9 08:58:11 delorian-pc kernel: [    0.037477]   Normal zone: 1503232 pages, LIFO batch:63
Jun  9 08:58:11 delorian-pc kernel: [    0.064689] Reserving Intel graphics memory at [mem 0x8c000000-0x8fffffff]
Jun  9 08:58:11 delorian-pc systemd[1]: Mounting Mount unit for gnome-3-28-1804, revision 116...
Jun  9 08:58:11 delorian-pc kernel: [    0.065017] ACPI: PM-Timer IO Port: 0x1808
Jun  9 08:58:11 delorian-pc kernel: [    0.065019] ACPI: Local APIC address 0xfee00000
Jun  9 08:58:11 delorian-pc kernel: [    0.065029] ACPI: LAPIC_NMI (acpi_id[0x01] high edge lint[0x1])
Jun  9 08:58:11 delorian-pc kernel: [    0.065030] ACPI: LAPIC_NMI (acpi_id[0x02] high edge lint[0x1])
Jun  9 08:58:11 delorian-pc kernel: [    0.065031] ACPI: LAPIC_NMI (acpi_id[0x03] high edge lint[0x1])
Jun  9 08:58:11 delorian-pc systemd[1]: Mounting Mount unit for gtk-common-themes, revision 1506...
Jun  9 08:58:11 delorian-pc kernel: [    0.065032] ACPI: LAPIC_NMI (acpi_id[0x04] high edge lint[0x1])
Jun  9 08:58:11 delorian-pc kernel: [    0.065033] ACPI: LAPIC_NMI (acpi_id[0x05] high edge lint[0x1])
Jun  9 08:58:11 delorian-pc kernel: [    0.065033] ACPI: LAPIC_NMI (acpi_id[0x06] high edge lint[0x1])
Jun  9 08:58:11 delorian-pc kernel: [    0.065034] ACPI: LAPIC_NMI (acpi_id[0x07] high edge lint[0x1])
Jun  9 08:58:11 delorian-pc kernel: [    0.065035] ACPI: LAPIC_NMI (acpi_id[0x08] high edge lint[0x1])
Jun  9 08:58:11 delorian-pc systemd[1]: Mounting Mount unit for chromium-ffmpeg, revision 15...
Jun  9 08:58:11 delorian-pc kernel: [    0.065065] IOAPIC[0]: apic_id 2, version 32, address 0xfec00000, GSI 0-119
Jun  9 08:58:11 delorian-pc kernel: [    0.065067] ACPI: INT_SRC_OVR (bus 0 bus_irq 0 global_irq 2 dfl dfl)
Jun  9 08:58:11 delorian-pc kernel: [    0.065069] ACPI: INT_SRC_OVR (bus 0 bus_irq 9 global_irq 9 high level)
Jun  9 08:58:11 delorian-pc kernel: [    0.065071] ACPI: IRQ0 used by override.
Jun  9 08:58:11 delorian-pc kernel: [    0.065073] ACPI: IRQ9 used by override.
Jun  9 08:58:11 delorian-pc kernel: [    0.065075] Using ACPI (MADT) for SMP configuration information
Jun  9 08:58:11 delorian-pc systemd[1]: Mounting Mount unit for gnome-logs, revision 93...
Jun  9 08:58:11 delorian-pc kernel: [    0.065077] ACPI: HPET id: 0x8086a201 base: 0xfed00000
Jun  9 08:58:11 delorian-pc kernel: [    0.065087] e820: update [mem 0x8868c000-0x886bafff] usable ==> reserved
Jun  9 08:58:11 delorian-pc kernel: [    0.065102] smpboot: Allowing 8 CPUs, 0 hotplug CPUs
Jun  9 08:58:11 delorian-pc kernel: [    0.065133] PM: Registered nosave memory: [mem 0x00000000-0x00000fff]
Jun  9 08:58:11 delorian-pc kernel: [    0.065135] PM: Registered nosave memory: [mem 0x00058000-0x00058fff]
Jun  9 08:58:11 delorian-pc kernel: [    0.065138] PM: Registered nosave memory: [mem 0x0009e000-0x000fffff]
Jun  9 08:58:11 delorian-pc systemd[1]: Mounting Mount unit for gnome-logs, revision 100...
Jun  9 08:58:11 delorian-pc kernel: [    0.065140] PM: Registered nosave memory: [mem 0x83364000-0x83364fff]
Jun  9 08:58:11 delorian-pc kernel: [    0.065142] PM: Registered nosave memory: [mem 0x83390000-0x83390fff]
Jun  9 08:58:11 delorian-pc kernel: [    0.065143] PM: Registered nosave memory: [mem 0x83391000-0x83391fff]
Jun  9 08:58:11 delorian-pc kernel: [    0.065146] PM: Registered nosave memory: [mem 0x833a1000-0x833a1fff]
Jun  9 08:58:11 delorian-pc kernel: [    0.065148] PM: Registered nosave memory: [mem 0x849f1000-0x849f1fff]
Jun  9 08:58:11 delorian-pc kernel: [    0.065149] PM: Registered nosave memory: [mem 0x849f2000-0x849f2fff]
Jun  9 08:58:11 delorian-pc kernel: [    0.065151] PM: Registered nosave memory: [mem 0x8868c000-0x886bafff]
Jun  9 08:58:11 delorian-pc systemd[1]: Mounting Mount unit for gtk-common-themes, revision 1474...
Jun  9 08:58:11 delorian-pc kernel: [    0.065154] PM: Registered nosave memory: [mem 0x8885e000-0x8885efff]
Jun  9 08:58:11 delorian-pc kernel: [    0.065156] PM: Registered nosave memory: [mem 0x89e72000-0x8ad1ffff]
Jun  9 08:58:11 delorian-pc kernel: [    0.065157] PM: Registered nosave memory: [mem 0x8ad20000-0x8ad6afff]
Jun  9 08:58:11 delorian-pc systemd[1]: Starting udev Kernel Device Manager...
Jun  9 08:58:11 delorian-pc kernel: [    0.065158] PM: Registered nosave memory: [mem 0x8ad6b000-0x8ae01fff]
Jun  9 08:58:11 delorian-pc kernel: [    0.065159] PM: Registered nosave memory: [mem 0x8ae02000-0x8b37efff]
Jun  9 08:58:11 delorian-pc kernel: [    0.065161] PM: Registered nosave memory: [mem 0x8b3ff000-0x8fffffff]
Jun  9 08:58:11 delorian-pc kernel: [    0.065162] PM: Registered nosave memory: [mem 0x90000000-0xefffffff]
Jun  9 08:58:11 delorian-pc kernel: [    0.065163] PM: Registered nosave memory: [mem 0xf0000000-0xf7ffffff]
Jun  9 08:58:11 delorian-pc kernel: [    0.065164] PM: Registered nosave memory: [mem 0xf8000000-0xfdffffff]
Jun  9 08:58:11 delorian-pc kernel: [    0.065164] PM: Registered nosave memory: [mem 0xfe000000-0xfe010fff]
Jun  9 08:58:11 delorian-pc systemd[1]: Mounted Mount unit for gnome-characters, revision 539.
Jun  9 08:58:11 delorian-pc kernel: [    0.065165] PM: Registered nosave memory: [mem 0xfe011000-0xfebfffff]
Jun  9 08:58:11 delorian-pc kernel: [    0.065166] PM: Registered nosave memory: [mem 0xfec00000-0xfec00fff]
Jun  9 08:58:11 delorian-pc kernel: [    0.065167] PM: Registered nosave memory: [mem 0xfec01000-0xfecfffff]
Jun  9 08:58:11 delorian-pc systemd[1]: Mounted Mount unit for telegram-desktop, revision 1634.
Jun  9 08:58:11 delorian-pc systemd[1]: Mounted Mount unit for gnome-system-monitor, revision 148.
Jun  9 08:58:11 delorian-pc systemd[1]: Mounted Mount unit for gnome-3-28-1804, revision 110.
Jun  9 08:58:11 delorian-pc systemd[1]: Mounted Mount unit for gnome-system-monitor, revision 145.
Jun  9 08:58:11 delorian-pc systemd[1]: Mounted Mount unit for gtk2-common-themes, revision 9.
Jun  9 08:58:11 delorian-pc systemd[1]: Mounted Mount unit for gnome-characters, revision 550.
Jun  9 08:58:11 delorian-pc systemd[1]: Mounted Mount unit for vlc, revision 1620.
Jun  9 08:58:11 delorian-pc systemd[1]: Mounted Mount unit for sublime-text, revision 85.
Jun  9 08:58:11 delorian-pc kernel: [    0.065168] PM: Registered nosave memory: [mem 0xfed00000-0xfed00fff]
Jun  9 08:58:11 delorian-pc kernel: [    0.065168] PM: Registered nosave memory: [mem 0xfed01000-0xfedfffff]
Jun  9 08:58:11 delorian-pc systemd[1]: Mounted Mount unit for krita, revision 55.
Jun  9 08:58:11 delorian-pc kernel: [    0.065169] PM: Registered nosave memory: [mem 0xfee00000-0xfee00fff]
Jun  9 08:58:11 delorian-pc systemd[1]: Mounted Mount unit for gimp, revision 252.
Jun  9 08:58:11 delorian-pc kernel: [    0.065170] PM: Registered nosave memory: [mem 0xfee01000-0xfeffffff]
Jun  9 08:58:11 delorian-pc kernel: [    0.065171] PM: Registered nosave memory: [mem 0xff000000-0xffffffff]
Jun  9 08:58:11 delorian-pc kernel: [    0.065173] [mem 0x90000000-0xefffffff] available for PCI devices
Jun  9 08:58:11 delorian-pc systemd[1]: Mounted Mount unit for gnome-calculator, revision 748.
Jun  9 08:58:11 delorian-pc systemd[1]: Mounted Mount unit for gnome-calculator, revision 730.
Jun  9 08:58:11 delorian-pc kernel: [    0.065175] Booting paravirtualized kernel on bare hardware
Jun  9 08:58:11 delorian-pc kernel: [    0.065179] clocksource: refined-jiffies: mask: 0xffffffff max_cycles: 0xffffffff, max_idle_ns: 7645519600211568 ns
Jun  9 08:58:11 delorian-pc kernel: [    0.065188] setup_percpu: NR_CPUS:8192 nr_cpumask_bits:8 nr_cpu_ids:8 nr_node_ids:1
Jun  9 08:58:11 delorian-pc kernel: [    0.065535] percpu: Embedded 54 pages/cpu s184320 r8192 d28672 u262144
Jun  9 08:58:11 delorian-pc systemd[1]: Mounted Mount unit for gimp, revision 273.
Jun  9 08:58:11 delorian-pc kernel: [    0.065546] pcpu-alloc: s184320 r8192 d28672 u262144 alloc=1*2097152
Jun  9 08:58:11 delorian-pc kernel: [    0.065547] pcpu-alloc: [0] 0 1 2 3 4 5 6 7 
Jun  9 08:58:11 delorian-pc kernel: [    0.065592] Built 1 zonelists, mobility grouping on.  Total pages: 2035770
Jun  9 08:58:11 delorian-pc systemd[1]: Mounted Mount unit for gnome-3-34-1804, revision 33.
Jun  9 08:58:11 delorian-pc kernel: [    0.065593] Policy zone: Normal
Jun  9 08:58:11 delorian-pc kernel: [    0.065595] Kernel command line: BOOT_IMAGE=/boot/vmlinuz-5.3.0-53-generic root=UUID=7bef8097-d51b-4535-a80c-6e0c2fdae0d6 ro quiet splash vt.handoff=1
Jun  9 08:58:11 delorian-pc systemd[1]: Mounted Mount unit for gnome-3-34-1804, revision 36.
Jun  9 08:58:11 delorian-pc kernel: [    0.066512] Dentry cache hash table entries: 1048576 (order: 11, 8388608 bytes, linear)
Jun  9 08:58:11 delorian-pc kernel: [    0.066938] Inode-cache hash table entries: 524288 (order: 10, 4194304 bytes, linear)
Jun  9 08:58:11 delorian-pc kernel: [    0.067060] mem auto-init: stack:off, heap alloc:on, heap free:off
Jun  9 08:58:11 delorian-pc kernel: [    0.073950] Calgary: detecting Calgary via BIOS EBDA area
Jun  9 08:58:11 delorian-pc systemd[1]: Mounted Mount unit for vlc, revision 1397.
Jun  9 08:58:11 delorian-pc kernel: [    0.073952] Calgary: Unable to locate Rio Grande table in EBDA - bailing!
Jun  9 08:58:11 delorian-pc systemd[1]: Mounted Mount unit for core, revision 9066.
Jun  9 08:58:11 delorian-pc kernel: [    0.111302] Memory: 7879916K/8272432K available (14339K kernel code, 2369K rwdata, 4668K rodata, 2664K init, 5072K bss, 392516K reserved, 0K cma-reserved)
Jun  9 08:58:11 delorian-pc kernel: [    0.111311] random: get_random_u64 called from __kmem_cache_create+0x41/0x550 with crng_init=0
Jun  9 08:58:11 delorian-pc kernel: [    0.111515] SLUB: HWalign=64, Order=0-3, MinObjects=0, CPUs=8, Nodes=1
Jun  9 08:58:11 delorian-pc kernel: [    0.111533] Kernel/User page tables isolation: enabled
Jun  9 08:58:11 delorian-pc kernel: [    0.111552] ftrace: allocating 43313 entries in 170 pages
Jun  9 08:58:11 delorian-pc systemd[1]: Mounted Mount unit for core, revision 9289.
Jun  9 08:58:11 delorian-pc kernel: [    0.138797] rcu: Hierarchical RCU implementation.
Jun  9 08:58:11 delorian-pc kernel: [    0.138799] rcu: 	RCU restricting CPUs from NR_CPUS=8192 to nr_cpu_ids=8.
Jun  9 08:58:11 delorian-pc systemd[1]: Mounted Mount unit for telegram-desktop, revision 1666.
Jun  9 08:58:11 delorian-pc kernel: [    0.138800] 	Tasks RCU enabled.
Jun  9 08:58:11 delorian-pc kernel: [    0.138801] rcu: RCU calculated value of scheduler-enlistment delay is 25 jiffies.
Jun  9 08:58:11 delorian-pc kernel: [    0.138802] rcu: Adjusting geometry for rcu_fanout_leaf=16, nr_cpu_ids=8
Jun  9 08:58:11 delorian-pc kernel: [    0.143940] NR_IRQS: 524544, nr_irqs: 2048, preallocated irqs: 16
Jun  9 08:58:11 delorian-pc kernel: [    0.144339] random: crng done (trusting CPU's manufacturer)
Jun  9 08:58:11 delorian-pc systemd[1]: Mounted Mount unit for gnome-3-28-1804, revision 116.
Jun  9 08:58:11 delorian-pc kernel: [    0.144376] vt handoff: transparent VT on vt#1
Jun  9 08:58:11 delorian-pc kernel: [    0.144390] Console: colour dummy device 80x25
Jun  9 08:58:11 delorian-pc kernel: [    0.144396] printk: console [tty0] enabled
Jun  9 08:58:11 delorian-pc kernel: [    0.144421] ACPI: Core revision 20190703
Jun  9 08:58:11 delorian-pc kernel: [    0.144949] clocksource: hpet: mask: 0xffffffff max_cycles: 0xffffffff, max_idle_ns: 79635855245 ns
Jun  9 08:58:11 delorian-pc systemd[1]: Mounted Mount unit for chromium-ffmpeg, revision 15.
Jun  9 08:58:11 delorian-pc kernel: [    0.145021] APIC: Switch to symmetric I/O mode setup
Jun  9 08:58:11 delorian-pc systemd[1]: Mounted Mount unit for gnome-logs, revision 100.
Jun  9 08:58:11 delorian-pc kernel: [    0.145023] DMAR: Host address width 39
Jun  9 08:58:11 delorian-pc kernel: [    0.145025] DMAR: DRHD base: 0x000000fed90000 flags: 0x0
Jun  9 08:58:11 delorian-pc kernel: [    0.145033] DMAR: dmar0: reg_base_addr fed90000 ver 1:0 cap 1c0000c40660462 ecap 19e2ff0505e
Jun  9 08:58:11 delorian-pc kernel: [    0.145035] DMAR: DRHD base: 0x000000fed91000 flags: 0x1
Jun  9 08:58:11 delorian-pc kernel: [    0.145040] DMAR: dmar1: reg_base_addr fed91000 ver 1:0 cap d2008c40660462 ecap f050da
Jun  9 08:58:11 delorian-pc kernel: [    0.145042] DMAR: RMRR base: 0x0000008a488000 end: 0x0000008a4a7fff
Jun  9 08:58:11 delorian-pc systemd[1]: Mounted Mount unit for gnome-logs, revision 93.
Jun  9 08:58:11 delorian-pc kernel: [    0.145043] DMAR: RMRR base: 0x0000008b800000 end: 0x0000008fffffff
Jun  9 08:58:11 delorian-pc kernel: [    0.145044] DMAR: ANDD device: 1 name: \_SB.PCI0.I2C0
Jun  9 08:58:11 delorian-pc systemd[1]: Mounted Mount unit for core18, revision 1754.
Jun  9 08:58:11 delorian-pc kernel: [    0.145045] DMAR: ANDD device: 2 name: \_SB.PCI0.I2C1
Jun  9 08:58:11 delorian-pc kernel: [    0.145046] DMAR: ANDD device: 7 name: \_SB.PCI0.SPI0
Jun  9 08:58:11 delorian-pc kernel: [    0.145047] DMAR: ANDD device: 9 name: \_SB.PCI0.UA00
Jun  9 08:58:11 delorian-pc kernel: [    0.145049] DMAR-IR: IOAPIC id 2 under DRHD base  0xfed91000 IOMMU 1
Jun  9 08:58:11 delorian-pc kernel: [    0.145050] DMAR-IR: HPET id 0 under DRHD base 0xfed91000
Jun  9 08:58:11 delorian-pc systemd[1]: Mounted Mount unit for gtk-common-themes, revision 1506.
Jun  9 08:58:11 delorian-pc kernel: [    0.145051] DMAR-IR: Queued invalidation will be enabled to support x2apic and Intr-remapping.
Jun  9 08:58:11 delorian-pc kernel: [    0.146965] DMAR-IR: Enabled IRQ remapping in x2apic mode
Jun  9 08:58:11 delorian-pc kernel: [    0.146966] x2apic enabled
Jun  9 08:58:11 delorian-pc kernel: [    0.146981] Switched APIC routing to cluster x2apic.
Jun  9 08:58:11 delorian-pc kernel: [    0.151058] ..TIMER: vector=0x30 apic1=0 pin1=2 apic2=-1 pin2=-1
Jun  9 08:58:11 delorian-pc kernel: [    0.168992] clocksource: tsc-early: mask: 0xffffffffffffffff max_cycles: 0x19f2297dd97, max_idle_ns: 440795236593 ns
Jun  9 08:58:11 delorian-pc kernel: [    0.168998] Calibrating delay loop (skipped), value calculated using timer frequency.. 3600.00 BogoMIPS (lpj=7200000)
Jun  9 08:58:11 delorian-pc systemd[1]: Mounted Mount unit for gtk-common-themes, revision 1474.
Jun  9 08:58:11 delorian-pc kernel: [    0.169002] pid_max: default: 32768 minimum: 301
Jun  9 08:58:11 delorian-pc kernel: [    0.174827] LSM: Security Framework initializing
Jun  9 08:58:11 delorian-pc kernel: [    0.174840] Yama: becoming mindful.
Jun  9 08:58:11 delorian-pc kernel: [    0.174906] AppArmor: AppArmor initialized
Jun  9 08:58:11 delorian-pc systemd[1]: Mounted Mount unit for core18, revision 1705.
Jun  9 08:58:11 delorian-pc kernel: [    0.174981] Mount-cache hash table entries: 16384 (order: 5, 131072 bytes, linear)
Jun  9 08:58:11 delorian-pc kernel: [    0.175007] Mountpoint-cache hash table entries: 16384 (order: 5, 131072 bytes, linear)
Jun  9 08:58:11 delorian-pc systemd[1]: Mounted Mount unit for kde-frameworks-5-core18, revision 32.
Jun  9 08:58:11 delorian-pc kernel: [    0.175252] *** VALIDATE proc ***
Jun  9 08:58:11 delorian-pc systemd[1]: Started udev Kernel Device Manager.
Jun  9 08:58:11 delorian-pc kernel: [    0.175324] *** VALIDATE cgroup1 ***
Jun  9 08:58:11 delorian-pc systemd[1]: Starting Show Plymouth Boot Screen...
Jun  9 08:58:11 delorian-pc kernel: [    0.175326] *** VALIDATE cgroup2 ***
Jun  9 08:58:11 delorian-pc kernel: [    0.175410] mce: CPU0: Thermal monitoring enabled (TM1)
Jun  9 08:58:11 delorian-pc kernel: [    0.175448] process: using mwait in idle threads
Jun  9 08:58:11 delorian-pc kernel: [    0.175452] Last level iTLB entries: 4KB 64, 2MB 8, 4MB 8
Jun  9 08:58:11 delorian-pc systemd[1]: Started Show Plymouth Boot Screen.
Jun  9 08:58:11 delorian-pc kernel: [    0.175453] Last level dTLB entries: 4KB 64, 2MB 0, 4MB 0, 1GB 4
Jun  9 08:58:11 delorian-pc systemd[1]: Reached target Local Encrypted Volumes.
Jun  9 08:58:11 delorian-pc kernel: [    0.175457] Spectre V1 : Mitigation: usercopy/swapgs barriers and __user pointer sanitization
Jun  9 08:58:11 delorian-pc kernel: [    0.175459] Spectre V2 : Mitigation: Full generic retpoline
Jun  9 08:58:11 delorian-pc kernel: [    0.175459] Spectre V2 : Spectre v2 / SpectreRSB mitigation: Filling RSB on context switch
Jun  9 08:58:11 delorian-pc kernel: [    0.175460] Spectre V2 : Enabling Restricted Speculation for firmware calls
Jun  9 08:58:11 delorian-pc kernel: [    0.175462] Spectre V2 : mitigation: Enabling conditional Indirect Branch Prediction Barrier
Jun  9 08:58:11 delorian-pc kernel: [    0.175463] Spectre V2 : User space: Mitigation: STIBP via seccomp and prctl
Jun  9 08:58:11 delorian-pc kernel: [    0.175465] Speculative Store Bypass: Mitigation: Speculative Store Bypass disabled via prctl and seccomp
Jun  9 08:58:11 delorian-pc systemd[1]: Started Forward Password Requests to Plymouth Directory Watch.
Jun  9 08:58:11 delorian-pc kernel: [    0.175469] MDS: Mitigation: Clear CPU buffers
Jun  9 08:58:11 delorian-pc kernel: [    0.175872] Freeing SMP alternatives memory: 40K
Jun  9 08:58:11 delorian-pc kernel: [    0.179677] TSC deadline timer enabled
Jun  9 08:58:11 delorian-pc kernel: [    0.179682] smpboot: CPU0: Intel(R) Core(TM) i5-8250U CPU @ 1.60GHz (family: 0x6, model: 0x8e, stepping: 0xa)
Jun  9 08:58:11 delorian-pc kernel: [    0.179837] Performance Events: PEBS fmt3+, Skylake events, 32-deep LBR, full-width counters, Intel PMU driver.
Jun  9 08:58:11 delorian-pc kernel: [    0.179846] ... version:                4
Jun  9 08:58:11 delorian-pc systemd-udevd[478]: link_config: autonegotiation is unset or enabled, the speed and duplex are not writable.
Jun  9 08:58:11 delorian-pc kernel: [    0.179846] ... bit width:              48
Jun  9 08:58:11 delorian-pc kernel: [    0.179847] ... generic registers:      4
Jun  9 08:58:11 delorian-pc kernel: [    0.179848] ... value mask:             0000ffffffffffff
Jun  9 08:58:11 delorian-pc kernel: [    0.179849] ... max period:             00007fffffffffff
Jun  9 08:58:11 delorian-pc kernel: [    0.179850] ... fixed-purpose events:   3
Jun  9 08:58:11 delorian-pc kernel: [    0.179851] ... event mask:             000000070000000f
Jun  9 08:58:11 delorian-pc systemd[1]: Created slice system-systemd\x2dbacklight.slice.
Jun  9 08:58:11 delorian-pc kernel: [    0.179912] rcu: Hierarchical SRCU implementation.
Jun  9 08:58:11 delorian-pc kernel: [    0.180995] NMI watchdog: Enabled. Permanently consumes one hw-PMU counter.
Jun  9 08:58:11 delorian-pc kernel: [    0.180995] smp: Bringing up secondary CPUs ...
Jun  9 08:58:11 delorian-pc kernel: [    0.180995] x86: Booting SMP configuration:
Jun  9 08:58:11 delorian-pc kernel: [    0.180995] .... node  #0, CPUs:      #1
Jun  9 08:58:11 delorian-pc systemd[1]: Starting Load/Save Screen Backlight Brightness of leds:asus::kbd_backlight...
Jun  9 08:58:11 delorian-pc kernel: [    0.004727] [Firmware Bug]: TSC ADJUST differs within socket(s), fixing all errors
Jun  9 08:58:11 delorian-pc kernel: [    0.183430]  #2 #3 #4
Jun  9 08:58:11 delorian-pc kernel: [    0.190545] MDS CPU bug present and SMT on, data leak possible. See https://www.kernel.org/doc/html/latest/admin-guide/hw-vuln/mds.html for more details.
Jun  9 08:58:11 delorian-pc systemd-udevd[472]: link_config: autonegotiation is unset or enabled, the speed and duplex are not writable.
Jun  9 08:58:11 delorian-pc kernel: [    0.190545]  #5 #6 #7
Jun  9 08:58:11 delorian-pc kernel: [    0.193770] smp: Brought up 1 node, 8 CPUs
Jun  9 08:58:11 delorian-pc kernel: [    0.193770] smpboot: Max logical packages: 1
Jun  9 08:58:11 delorian-pc kernel: [    0.193770] smpboot: Total of 8 processors activated (28800.00 BogoMIPS)
Jun  9 08:58:11 delorian-pc kernel: [    0.197359] devtmpfs: initialized
Jun  9 08:58:11 delorian-pc systemd[1]: Reached target Sound Card.
Jun  9 08:58:11 delorian-pc kernel: [    0.197359] x86/mm: Memory block size: 128MB
Jun  9 08:58:11 delorian-pc kernel: [    0.198233] PM: Registering ACPI NVS region [mem 0x849f1000-0x849f1fff] (4096 bytes)
Jun  9 08:58:11 delorian-pc kernel: [    0.198233] PM: Registering ACPI NVS region [mem 0x8ad6b000-0x8ae01fff] (618496 bytes)
Jun  9 08:58:11 delorian-pc kernel: [    0.198233] clocksource: jiffies: mask: 0xffffffff max_cycles: 0xffffffff, max_idle_ns: 7645041785100000 ns
Jun  9 08:58:11 delorian-pc kernel: [    0.198233] futex hash table entries: 2048 (order: 5, 131072 bytes, linear)
Jun  9 08:58:11 delorian-pc kernel: [    0.198233] pinctrl core: initialized pinctrl subsystem
Jun  9 08:58:11 delorian-pc kernel: [    0.198233] PM: RTC time: 05:57:36, date: 2020-06-09
Jun  9 08:58:11 delorian-pc kernel: [    0.198233] NET: Registered protocol family 16
Jun  9 08:58:11 delorian-pc kernel: [    0.198233] audit: initializing netlink subsys (disabled)
Jun  9 08:58:11 delorian-pc systemd[1]: Started Load/Save Screen Backlight Brightness of leds:asus::kbd_backlight.
Jun  9 08:58:11 delorian-pc systemd[1]: Starting Load/Save Screen Backlight Brightness of backlight:intel_backlight...
Jun  9 08:58:11 delorian-pc systemd[1]: Started Load/Save Screen Backlight Brightness of backlight:intel_backlight.
Jun  9 08:58:11 delorian-pc systemd[1]: Started Flush Journal to Persistent Storage.
Jun  9 08:58:11 delorian-pc systemd[1]: Found device SanDisk_SD8SN8U128G1002 SYSTEM.
Jun  9 08:58:11 delorian-pc systemd[1]: Starting File System Check on /dev/disk/by-uuid/8E0E-B4BE...
Jun  9 08:58:11 delorian-pc systemd[1]: Started File System Check Daemon to report status.
Jun  9 08:58:11 delorian-pc systemd-fsck[898]: fsck.fat 4.1 (2017-01-24)
Jun  9 08:58:11 delorian-pc systemd-fsck[898]: /dev/sdb1: 200 files, 8220/65536 clusters
Jun  9 08:58:11 delorian-pc systemd[1]: Started File System Check on /dev/disk/by-uuid/8E0E-B4BE.
Jun  9 08:58:11 delorian-pc systemd[1]: Mounting /boot/efi...
Jun  9 08:58:11 delorian-pc systemd[1]: Mounted /boot/efi.
Jun  9 08:58:11 delorian-pc kernel: [    0.198233] audit: type=2000 audit(1591682256.052:1): state=initialized audit_enabled=0 res=1
Jun  9 08:58:11 delorian-pc kernel: [    0.198233] EISA bus registered
Jun  9 08:58:11 delorian-pc kernel: [    0.198233] cpuidle: using governor ladder
Jun  9 08:58:11 delorian-pc systemd[1]: Reached target Local File Systems.
Jun  9 08:58:11 delorian-pc kernel: [    0.198233] cpuidle: using governor menu
Jun  9 08:58:11 delorian-pc kernel: [    0.198233] ACPI FADT declares the system doesn't support PCIe ASPM, so disable it
Jun  9 08:58:11 delorian-pc systemd[1]: Starting Set console font and keymap...
Jun  9 08:58:11 delorian-pc kernel: [    0.198233] ACPI: bus type PCI registered
Jun  9 08:58:11 delorian-pc kernel: [    0.198233] acpiphp: ACPI Hot Plug PCI Controller Driver version: 0.5
Jun  9 08:58:11 delorian-pc kernel: [    0.198233] PCI: MMCONFIG for domain 0000 [bus 00-7f] at [mem 0xf0000000-0xf7ffffff] (base 0xf0000000)
Jun  9 08:58:11 delorian-pc systemd[1]: Starting AppArmor initialization...
Jun  9 08:58:11 delorian-pc kernel: [    0.198233] PCI: MMCONFIG at [mem 0xf0000000-0xf7ffffff] reserved in E820
Jun  9 08:58:11 delorian-pc kernel: [    0.198233] PCI: Using configuration type 1 for base access
Jun  9 08:58:11 delorian-pc systemd[1]: Starting ebtables ruleset management...
Jun  9 08:58:11 delorian-pc kernel: [    0.198233] ENERGY_PERF_BIAS: Set to 'normal', was 'performance'
Jun  9 08:58:11 delorian-pc kernel: [    0.202568] HugeTLB registered 1.00 GiB page size, pre-allocated 0 pages
Jun  9 08:58:11 delorian-pc kernel: [    0.202568] HugeTLB registered 2.00 MiB page size, pre-allocated 0 pages
Jun  9 08:58:11 delorian-pc systemd[1]: Starting Tell Plymouth To Write Out Runtime Data...
Jun  9 08:58:11 delorian-pc kernel: [    0.205135] ACPI: Added _OSI(Module Device)
Jun  9 08:58:11 delorian-pc kernel: [    0.205136] ACPI: Added _OSI(Processor Device)
Jun  9 08:58:11 delorian-pc kernel: [    0.205137] ACPI: Added _OSI(3.0 _SCP Extensions)
Jun  9 08:58:11 delorian-pc systemd[1]: Starting QEMU KVM preparation - module, ksm, hugepages...
Jun  9 08:58:11 delorian-pc kernel: [    0.205138] ACPI: Added _OSI(Processor Aggregator Device)
Jun  9 08:58:11 delorian-pc kernel: [    0.205140] ACPI: Added _OSI(Linux-Dell-Video)
Jun  9 08:58:11 delorian-pc kernel: [    0.205141] ACPI: Added _OSI(Linux-Lenovo-NV-HDMI-Audio)
Jun  9 08:58:11 delorian-pc kernel: [    0.205142] ACPI: Added _OSI(Linux-HPI-Hybrid-Graphics)
Jun  9 08:58:11 delorian-pc systemd[1]: Starting Enable support for additional executable binary formats...
Jun  9 08:58:11 delorian-pc kernel: [    0.290301] ACPI: 11 ACPI AML tables successfully acquired and loaded
Jun  9 08:58:11 delorian-pc kernel: [    0.293834] ACPI: EC: EC started
Jun  9 08:58:11 delorian-pc kernel: [    0.293835] ACPI: EC: interrupt blocked
Jun  9 08:58:11 delorian-pc kernel: [    0.297933] ACPI: \: Used as first EC
Jun  9 08:58:11 delorian-pc kernel: [    0.297936] ACPI: \: GPE=0x50, EC_CMD/EC_SC=0x66, EC_DATA=0x62
Jun  9 08:58:11 delorian-pc kernel: [    0.297937] ACPI: EC: Boot ECDT EC used to handle transactions
Jun  9 08:58:11 delorian-pc systemd[1]: Starting Clean up any mess left by 0dns-up...
Jun  9 08:58:11 delorian-pc kernel: [    0.311431] ACPI: Dynamic OEM Table Load:
Jun  9 08:58:11 delorian-pc kernel: [    0.311449] ACPI: SSDT 0xFFFF8F77A53A9000 00058B (v02 PmRef  Cpu0Ist  00003000 INTL 20160422)
Jun  9 08:58:11 delorian-pc kernel: [    0.314658] ACPI: \_PR_.PR00: _OSC native thermal LVT Acked
Jun  9 08:58:11 delorian-pc kernel: [    0.317640] ACPI: Dynamic OEM Table Load:
Jun  9 08:58:11 delorian-pc kernel: [    0.317649] ACPI: SSDT 0xFFFF8F77A4F07000 0003FF (v02 PmRef  Cpu0Cst  00003001 INTL 20160422)
Jun  9 08:58:11 delorian-pc systemd[1]: Starting Create Volatile Files and Directories...
Jun  9 08:58:11 delorian-pc kernel: [    0.320778] ACPI: Dynamic OEM Table Load:
Jun  9 08:58:11 delorian-pc kernel: [    0.320785] ACPI: SSDT 0xFFFF8F77A4CE1B40 0000BA (v02 PmRef  Cpu0Hwp  00003000 INTL 20160422)
Jun  9 08:58:11 delorian-pc kernel: [    0.323754] ACPI: Dynamic OEM Table Load:
Jun  9 08:58:11 delorian-pc kernel: [    0.323762] ACPI: SSDT 0xFFFF8F77A53AD800 000628 (v02 PmRef  HwpLvt   00003000 INTL 20160422)
Jun  9 08:58:11 delorian-pc kernel: [    0.327516] ACPI: Dynamic OEM Table Load:
Jun  9 08:58:11 delorian-pc kernel: [    0.327528] ACPI: SSDT 0xFFFF8F77A4CAE000 000D14 (v02 PmRef  ApIst    00003000 INTL 20160422)
Jun  9 08:58:11 delorian-pc kernel: [    0.332079] ACPI: Dynamic OEM Table Load:
Jun  9 08:58:11 delorian-pc kernel: [    0.332087] ACPI: SSDT 0xFFFF8F77A4F04800 000317 (v02 PmRef  ApHwp    00003000 INTL 20160422)
Jun  9 08:58:11 delorian-pc kernel: [    0.335296] ACPI: Dynamic OEM Table Load:
Jun  9 08:58:11 delorian-pc kernel: [    0.335303] ACPI: SSDT 0xFFFF8F77A4F00800 00030A (v02 PmRef  ApCst    00003000 INTL 20160422)
Jun  9 08:58:11 delorian-pc kernel: [    0.344435] ACPI: Interpreter enabled
Jun  9 08:58:11 delorian-pc kernel: [    0.344511] ACPI: (supports S0 S3 S4 S5)
Jun  9 08:58:11 delorian-pc kernel: [    0.344512] ACPI: Using IOAPIC for interrupt routing
Jun  9 08:58:11 delorian-pc kernel: [    0.344582] PCI: Using host bridge windows from ACPI; if necessary, use "pci=nocrs" and report a bug
Jun  9 08:58:11 delorian-pc kernel: [    0.346832] ACPI: Enabled 6 GPEs in block 00 to 7F
Jun  9 08:58:11 delorian-pc systemd[1]: Started Set console font and keymap.
Jun  9 08:58:11 delorian-pc kernel: [    0.355629] ACPI: Power Resource [WRST] (on)
Jun  9 08:58:11 delorian-pc kernel: [    0.355957] ACPI: Power Resource [WRST] (on)
Jun  9 08:58:11 delorian-pc kernel: [    0.356281] ACPI: Power Resource [WRST] (on)
Jun  9 08:58:11 delorian-pc systemd[1]: Started QEMU KVM preparation - module, ksm, hugepages.
Jun  9 08:58:11 delorian-pc kernel: [    0.356602] ACPI: Power Resource [WRST] (on)
Jun  9 08:58:11 delorian-pc kernel: [    0.356932] ACPI: Power Resource [WRST] (on)
Jun  9 08:58:11 delorian-pc kernel: [    0.357037] ACPI: Power Resource [PC01] (on)
Jun  9 08:58:11 delorian-pc kernel: [    0.359121] ACPI: Power Resource [WRST] (on)
Jun  9 08:58:11 delorian-pc kernel: [    0.359448] ACPI: Power Resource [WRST] (on)
Jun  9 08:58:11 delorian-pc systemd[1]: Started Clean up any mess left by 0dns-up.
Jun  9 08:58:11 delorian-pc kernel: [    0.359771] ACPI: Power Resource [WRST] (on)
Jun  9 08:58:11 delorian-pc kernel: [    0.360092] ACPI: Power Resource [WRST] (on)
Jun  9 08:58:11 delorian-pc systemd[1]: proc-sys-fs-binfmt_misc.automount: Got automount request for /proc/sys/fs/binfmt_misc, triggered by 909 (update-binfmts)
Jun  9 08:58:11 delorian-pc kernel: [    0.360914] ACPI: Power Resource [WRST] (on)
Jun  9 08:58:11 delorian-pc kernel: [    0.361249] ACPI: Power Resource [WRST] (on)
Jun  9 08:58:11 delorian-pc kernel: [    0.361573] ACPI: Power Resource [WRST] (on)
Jun  9 08:58:11 delorian-pc kernel: [    0.361894] ACPI: Power Resource [WRST] (on)
Jun  9 08:58:11 delorian-pc kernel: [    0.362220] ACPI: Power Resource [WRST] (on)
Jun  9 08:58:11 delorian-pc kernel: [    0.362543] ACPI: Power Resource [WRST] (on)
Jun  9 08:58:11 delorian-pc kernel: [    0.362874] ACPI: Power Resource [WRST] (on)
Jun  9 08:58:11 delorian-pc kernel: [    0.363630] ACPI: Power Resource [WRST] (on)
Jun  9 08:58:11 delorian-pc kernel: [    0.363951] ACPI: Power Resource [WRST] (on)
Jun  9 08:58:11 delorian-pc kernel: [    0.364278] ACPI: Power Resource [WRST] (on)
Jun  9 08:58:11 delorian-pc kernel: [    0.391840] ACPI: PCI Root Bridge [PCI0] (domain 0000 [bus 00-7e])
Jun  9 08:58:11 delorian-pc kernel: [    0.391851] acpi PNP0A08:00: _OSC: OS supports [ExtendedConfig ASPM ClockPM Segments MSI HPX-Type3]
Jun  9 08:58:11 delorian-pc systemd[1]: Mounting Arbitrary Executable File Formats File System...
Jun  9 08:58:11 delorian-pc kernel: [    0.394739] acpi PNP0A08:00: _OSC: OS now controls [PCIeHotplug SHPCHotplug PME AER PCIeCapability LTR]
Jun  9 08:58:11 delorian-pc kernel: [    0.394740] acpi PNP0A08:00: FADT indicates ASPM is unsupported, using BIOS configuration
Jun  9 08:58:11 delorian-pc systemd[1]: Mounted Arbitrary Executable File Formats File System.
Jun  9 08:58:11 delorian-pc kernel: [    0.396097] PCI host bridge to bus 0000:00
Jun  9 08:58:11 delorian-pc kernel: [    0.396100] pci_bus 0000:00: root bus resource [io  0x0000-0x0cf7 window]
Jun  9 08:58:11 delorian-pc kernel: [    0.396102] pci_bus 0000:00: root bus resource [io  0x0d00-0xffff window]
Jun  9 08:58:11 delorian-pc kernel: [    0.396104] pci_bus 0000:00: root bus resource [mem 0x000a0000-0x000bffff window]
Jun  9 08:58:11 delorian-pc kernel: [    0.396105] pci_bus 0000:00: root bus resource [mem 0x000c0000-0x000c3fff window]
Jun  9 08:58:11 delorian-pc systemd[1]: Received SIGRTMIN+20 from PID 493 (plymouthd).
Jun  9 08:58:11 delorian-pc kernel: [    0.396107] pci_bus 0000:00: root bus resource [mem 0x000c4000-0x000c7fff window]
Jun  9 08:58:11 delorian-pc kernel: [    0.396108] pci_bus 0000:00: root bus resource [mem 0x000c8000-0x000cbfff window]
Jun  9 08:58:11 delorian-pc kernel: [    0.396110] pci_bus 0000:00: root bus resource [mem 0x000cc000-0x000cffff window]
Jun  9 08:58:11 delorian-pc kernel: [    0.396111] pci_bus 0000:00: root bus resource [mem 0x000d0000-0x000d3fff window]
Jun  9 08:58:11 delorian-pc kernel: [    0.396113] pci_bus 0000:00: root bus resource [mem 0x000d4000-0x000d7fff window]
Jun  9 08:58:11 delorian-pc systemd[1]: Found device TOSHIBA_MQ04ABF100 3.
Jun  9 08:58:11 delorian-pc kernel: [    0.396114] pci_bus 0000:00: root bus resource [mem 0x000d8000-0x000dbfff window]
Jun  9 08:58:11 delorian-pc kernel: [    0.396116] pci_bus 0000:00: root bus resource [mem 0x000dc000-0x000dffff window]
Jun  9 08:58:11 delorian-pc kernel: [    0.396117] pci_bus 0000:00: root bus resource [mem 0x000e0000-0x000e3fff window]
Jun  9 08:58:11 delorian-pc systemd[1]: Activating swap /dev/disk/by-uuid/d4f0eefc-bc4f-4c9c-8a8b-551d8f8eae3f...
Jun  9 08:58:11 delorian-pc kernel: [    0.396118] pci_bus 0000:00: root bus resource [mem 0x000e4000-0x000e7fff window]
Jun  9 08:58:11 delorian-pc kernel: [    0.396120] pci_bus 0000:00: root bus resource [mem 0x000e8000-0x000ebfff window]
Jun  9 08:58:11 delorian-pc kernel: [    0.396121] pci_bus 0000:00: root bus resource [mem 0x000ec000-0x000effff window]
Jun  9 08:58:11 delorian-pc kernel: [    0.396123] pci_bus 0000:00: root bus resource [mem 0x000f0000-0x000fffff window]
Jun  9 08:58:11 delorian-pc kernel: [    0.396124] pci_bus 0000:00: root bus resource [mem 0x90000000-0xefffffff window]
Jun  9 08:58:11 delorian-pc systemd[1]: Activated swap /dev/disk/by-uuid/d4f0eefc-bc4f-4c9c-8a8b-551d8f8eae3f.
Jun  9 08:58:11 delorian-pc kernel: [    0.396126] pci_bus 0000:00: root bus resource [mem 0xfd000000-0xfe7fffff window]
Jun  9 08:58:11 delorian-pc kernel: [    0.396128] pci_bus 0000:00: root bus resource [bus 00-7e]
Jun  9 08:58:11 delorian-pc kernel: [    0.396144] pci 0000:00:00.0: [8086:5914] type 00 class 0x060000
Jun  9 08:58:11 delorian-pc kernel: [    0.396857] pci 0000:00:02.0: [8086:5917] type 00 class 0x030000
Jun  9 08:58:11 delorian-pc kernel: [    0.396876] pci 0000:00:02.0: reg 0x10: [mem 0xed000000-0xedffffff 64bit]
Jun  9 08:58:11 delorian-pc systemd[1]: Reached target Swap.
Jun  9 08:58:11 delorian-pc kernel: [    0.396886] pci 0000:00:02.0: reg 0x18: [mem 0xc0000000-0xcfffffff 64bit pref]
Jun  9 08:58:11 delorian-pc kernel: [    0.396893] pci 0000:00:02.0: reg 0x20: [io  0xf000-0xf03f]
Jun  9 08:58:11 delorian-pc systemd[1]: Started Enable support for additional executable binary formats.
Jun  9 08:58:11 delorian-pc kernel: [    0.396920] pci 0000:00:02.0: BAR 2: assigned to efifb
Jun  9 08:58:11 delorian-pc kernel: [    0.397209] pci 0000:00:04.0: [8086:1903] type 00 class 0x118000
Jun  9 08:58:11 delorian-pc kernel: [    0.397229] pci 0000:00:04.0: reg 0x10: [mem 0xef220000-0xef227fff 64bit]
Jun  9 08:58:11 delorian-pc kernel: [    0.397624] pci 0000:00:14.0: [8086:9d2f] type 00 class 0x0c0330
Jun  9 08:58:11 delorian-pc kernel: [    0.397654] pci 0000:00:14.0: reg 0x10: [mem 0xef210000-0xef21ffff 64bit]
Jun  9 08:58:11 delorian-pc kernel: [    0.397748] pci 0000:00:14.0: PME# supported from D3hot D3cold
Jun  9 08:58:11 delorian-pc systemd[1]: Started Tell Plymouth To Write Out Runtime Data.
Jun  9 08:58:11 delorian-pc kernel: [    0.398183] pci 0000:00:14.2: [8086:9d31] type 00 class 0x118000
Jun  9 08:58:11 delorian-pc kernel: [    0.398212] pci 0000:00:14.2: reg 0x10: [mem 0xef23a000-0xef23afff 64bit]
Jun  9 08:58:11 delorian-pc kernel: [    0.398612] pci 0000:00:15.0: [8086:9d60] type 00 class 0x118000
Jun  9 08:58:11 delorian-pc kernel: [    0.398876] pci 0000:00:15.0: reg 0x10: [mem 0xef239000-0xef239fff 64bit]
Jun  9 08:58:11 delorian-pc apparmor[905]:  * Starting AppArmor profiles
Jun  9 08:58:11 delorian-pc kernel: [    0.400079] pci 0000:00:15.1: [8086:9d61] type 00 class 0x118000
Jun  9 08:58:11 delorian-pc kernel: [    0.400343] pci 0000:00:15.1: reg 0x10: [mem 0xef238000-0xef238fff 64bit]
Jun  9 08:58:11 delorian-pc kernel: [    0.401490] pci 0000:00:16.0: [8086:9d3a] type 00 class 0x078000
Jun  9 08:58:11 delorian-pc systemd[1]: Started ebtables ruleset management.
Jun  9 08:58:11 delorian-pc kernel: [    0.401524] pci 0000:00:16.0: reg 0x10: [mem 0xef237000-0xef237fff 64bit]
Jun  9 08:58:11 delorian-pc kernel: [    0.401621] pci 0000:00:16.0: PME# supported from D3hot
Jun  9 08:58:11 delorian-pc kernel: [    0.402008] pci 0000:00:17.0: [8086:9d03] type 00 class 0x010601
Jun  9 08:58:11 delorian-pc kernel: [    0.402033] pci 0000:00:17.0: reg 0x10: [mem 0xef230000-0xef231fff]
Jun  9 08:58:11 delorian-pc kernel: [    0.402043] pci 0000:00:17.0: reg 0x14: [mem 0xef236000-0xef2360ff]
Jun  9 08:58:11 delorian-pc systemd[1]: Reached target Network (Pre).
Jun  9 08:58:11 delorian-pc kernel: [    0.402054] pci 0000:00:17.0: reg 0x18: [io  0xf090-0xf097]
Jun  9 08:58:11 delorian-pc systemd[1]: Started Create Volatile Files and Directories.
Jun  9 08:58:11 delorian-pc kernel: [    0.402064] pci 0000:00:17.0: reg 0x1c: [io  0xf080-0xf083]
Jun  9 08:58:11 delorian-pc kernel: [    0.402074] pci 0000:00:17.0: reg 0x20: [io  0xf060-0xf07f]
Jun  9 08:58:11 delorian-pc apparmor[905]: Skipping profile in /etc/apparmor.d/disable: usr.bin.firefox
Jun  9 08:58:11 delorian-pc apparmor[905]: Skipping profile in /etc/apparmor.d/disable: usr.sbin.rsyslogd
Jun  9 08:58:11 delorian-pc systemd[1]: Starting Network Name Resolution...
Jun  9 08:58:11 delorian-pc systemd[1]: Starting Update UTMP about System Boot/Shutdown...
Jun  9 08:58:11 delorian-pc systemd[1]: Starting Network Time Synchronization...
Jun  9 08:58:11 delorian-pc systemd-resolved[1054]: Positive Trust Anchors:
Jun  9 08:58:11 delorian-pc systemd-resolved[1054]: . IN DS 19036 8 2 49aac11d7b6f6446702e54a1607371607a1a41855200fd2ce1cdde32f24e8fb5
Jun  9 08:58:11 delorian-pc systemd-resolved[1054]: . IN DS 20326 8 2 e06d44b80b8f1d39a95c0b0d7c65d08458e880409bbc683457104237c7f8ec8d
Jun  9 08:58:11 delorian-pc systemd-resolved[1054]: Negative trust anchors: 10.in-addr.arpa 16.172.in-addr.arpa 17.172.in-addr.arpa 18.172.in-addr.arpa 19.172.in-addr.arpa 20.172.in-addr.arpa 21.172.in-addr.arpa 22.172.in-addr.arpa 23.172.in-addr.arpa 24.172.in-addr.arpa 25.172.in-addr.arpa 26.172.in-addr.arpa 27.172.in-addr.arpa 28.172.in-addr.arpa 29.172.in-addr.arpa 30.172.in-addr.arpa 31.172.in-addr.arpa 168.192.in-addr.arpa d.f.ip6.arpa corp home internal intranet lan local private test
Jun  9 08:58:11 delorian-pc systemd-resolved[1054]: Using system hostname 'delorian-pc'.
Jun  9 08:58:11 delorian-pc kernel: [    0.402084] pci 0000:00:17.0: reg 0x24: [mem 0xef235000-0xef2357ff]
Jun  9 08:58:11 delorian-pc kernel: [    0.402144] pci 0000:00:17.0: PME# supported from D3hot
Jun  9 08:58:11 delorian-pc kernel: [    0.402469] pci 0000:00:1c.0: [8086:9d10] type 01 class 0x060400
Jun  9 08:58:11 delorian-pc kernel: [    0.402586] pci 0000:00:1c.0: PME# supported from D0 D3hot D3cold
Jun  9 08:58:11 delorian-pc systemd[1]: Started Network Name Resolution.
Jun  9 08:58:11 delorian-pc kernel: [    0.402991] pci 0000:00:1c.5: [8086:9d15] type 01 class 0x060400
Jun  9 08:58:11 delorian-pc kernel: [    0.403121] pci 0000:00:1c.5: PME# supported from D0 D3hot D3cold
Jun  9 08:58:11 delorian-pc kernel: [    0.403599] pci 0000:00:1e.0: [8086:9d27] type 00 class 0x118000
Jun  9 08:58:11 delorian-pc systemd[1]: Reached target Host and Network Name Lookups.
Jun  9 08:58:11 delorian-pc kernel: [    0.403863] pci 0000:00:1e.0: reg 0x10: [mem 0xef234000-0xef234fff 64bit]
Jun  9 08:58:11 delorian-pc kernel: [    0.405066] pci 0000:00:1e.2: [8086:9d29] type 00 class 0x118000
Jun  9 08:58:11 delorian-pc kernel: [    0.405330] pci 0000:00:1e.2: reg 0x10: [mem 0xef233000-0xef233fff 64bit]
Jun  9 08:58:11 delorian-pc kernel: [    0.406477] pci 0000:00:1f.0: [8086:9d4e] type 00 class 0x060100
Jun  9 08:58:11 delorian-pc apparmor[905]:    ...done.
Jun  9 08:58:11 delorian-pc kernel: [    0.406891] pci 0000:00:1f.2: [8086:9d21] type 00 class 0x058000
Jun  9 08:58:11 delorian-pc kernel: [    0.406909] pci 0000:00:1f.2: reg 0x10: [mem 0xef22c000-0xef22ffff]
Jun  9 08:58:11 delorian-pc kernel: [    0.407246] pci 0000:00:1f.3: [8086:9d71] type 00 class 0x040300
Jun  9 08:58:11 delorian-pc systemd[1]: Started AppArmor initialization.
Jun  9 08:58:11 delorian-pc kernel: [    0.407279] pci 0000:00:1f.3: reg 0x10: [mem 0xef228000-0xef22bfff 64bit]
Jun  9 08:58:11 delorian-pc kernel: [    0.407310] pci 0000:00:1f.3: reg 0x20: [mem 0xef200000-0xef20ffff 64bit]
Jun  9 08:58:11 delorian-pc kernel: [    0.407374] pci 0000:00:1f.3: PME# supported from D3hot D3cold
Jun  9 08:58:11 delorian-pc kernel: [    0.407876] pci 0000:00:1f.4: [8086:9d23] type 00 class 0x0c0500
Jun  9 08:58:11 delorian-pc systemd[1]: Starting Raise network interfaces...
Jun  9 08:58:11 delorian-pc kernel: [    0.407938] pci 0000:00:1f.4: reg 0x10: [mem 0xef232000-0xef2320ff 64bit]
Jun  9 08:58:11 delorian-pc kernel: [    0.408010] pci 0000:00:1f.4: reg 0x20: [io  0xf040-0xf05f]
Jun  9 08:58:11 delorian-pc kernel: [    0.408460] pci 0000:01:00.0: [10de:1d10] type 00 class 0x030200
Jun  9 08:58:11 delorian-pc kernel: [    0.408492] pci 0000:01:00.0: reg 0x10: [mem 0xee000000-0xeeffffff]
Jun  9 08:58:11 delorian-pc kernel: [    0.408509] pci 0000:01:00.0: reg 0x14: [mem 0xd0000000-0xdfffffff 64bit pref]
Jun  9 08:58:11 delorian-pc kernel: [    0.408524] pci 0000:01:00.0: reg 0x1c: [mem 0xe0000000-0xe1ffffff 64bit pref]
Jun  9 08:58:11 delorian-pc systemd[1]: Started Network Time Synchronization.
Jun  9 08:58:11 delorian-pc kernel: [    0.408535] pci 0000:01:00.0: reg 0x24: [io  0xe000-0xe07f]
Jun  9 08:58:11 delorian-pc systemd[1]: Reached target System Time Synchronized.
Jun  9 08:58:11 delorian-pc kernel: [    0.408546] pci 0000:01:00.0: reg 0x30: [mem 0xef000000-0xef07ffff pref]
Jun  9 08:58:11 delorian-pc kernel: [    0.408573] pci 0000:01:00.0: Enabling HDA controller
Jun  9 08:58:11 delorian-pc kernel: [    0.408881] pci 0000:00:1c.0: PCI bridge to [bus 01]
Jun  9 08:58:11 delorian-pc kernel: [    0.408884] pci 0000:00:1c.0:   bridge window [io  0xe000-0xefff]
Jun  9 08:58:11 delorian-pc kernel: [    0.408888] pci 0000:00:1c.0:   bridge window [mem 0xee000000-0xef0fffff]
Jun  9 08:58:11 delorian-pc systemd[1]: Started Update UTMP about System Boot/Shutdown.
Jun  9 08:58:11 delorian-pc kernel: [    0.408894] pci 0000:00:1c.0:   bridge window [mem 0xd0000000-0xe1ffffff 64bit pref]
Jun  9 08:58:11 delorian-pc kernel: [    0.409371] pci 0000:02:00.0: [8086:24fd] type 00 class 0x028000
Jun  9 08:58:11 delorian-pc kernel: [    0.409522] pci 0000:02:00.0: reg 0x10: [mem 0xef100000-0xef101fff 64bit]
Jun  9 08:58:11 delorian-pc systemd[1]: Reached target System Initialization.
Jun  9 08:58:11 delorian-pc kernel: [    0.410069] pci 0000:02:00.0: PME# supported from D0 D3hot D3cold
Jun  9 08:58:11 delorian-pc kernel: [    0.411050] pci 0000:00:1c.5: PCI bridge to [bus 02]
Jun  9 08:58:11 delorian-pc kernel: [    0.411056] pci 0000:00:1c.5:   bridge window [mem 0xef100000-0xef1fffff]
Jun  9 08:58:11 delorian-pc kernel: [    0.416173] ACPI: PCI Interrupt Link [LNKA] (IRQs 3 4 5 6 10 *11 12 14 15)
Jun  9 08:58:11 delorian-pc kernel: [    0.416280] ACPI: PCI Interrupt Link [LNKB] (IRQs 3 4 5 6 *10 11 12 14 15)
Jun  9 08:58:11 delorian-pc systemd[1]: Started CUPS Scheduler.
Jun  9 08:58:11 delorian-pc kernel: [    0.416383] ACPI: PCI Interrupt Link [LNKC] (IRQs 3 4 5 6 10 *11 12 14 15)
Jun  9 08:58:11 delorian-pc kernel: [    0.416486] ACPI: PCI Interrupt Link [LNKD] (IRQs 3 4 5 6 10 *11 12 14 15)
Jun  9 08:58:11 delorian-pc kernel: [    0.416589] ACPI: PCI Interrupt Link [LNKE] (IRQs 3 4 5 6 10 *11 12 14 15)
Jun  9 08:58:11 delorian-pc systemd[1]: Started ACPI Events Check.
Jun  9 08:58:11 delorian-pc kernel: [    0.416691] ACPI: PCI Interrupt Link [LNKF] (IRQs 3 4 5 6 10 *11 12 14 15)
Jun  9 08:58:11 delorian-pc kernel: [    0.416793] ACPI: PCI Interrupt Link [LNKG] (IRQs 3 4 5 6 10 *11 12 14 15)
Jun  9 08:58:11 delorian-pc kernel: [    0.416896] ACPI: PCI Interrupt Link [LNKH] (IRQs 3 4 5 6 10 *11 12 14 15)
Jun  9 08:58:11 delorian-pc systemd[1]: Listening on CUPS Scheduler.
Jun  9 08:58:11 delorian-pc kernel: [    0.418154] ACPI: EC: interrupt unblocked
Jun  9 08:58:11 delorian-pc kernel: [    0.418177] ACPI: EC: event unblocked
Jun  9 08:58:11 delorian-pc kernel: [    0.418193] ACPI: \_SB_.PCI0.LPCB.EC0_: GPE=0x50, EC_CMD/EC_SC=0x66, EC_DATA=0x62
Jun  9 08:58:11 delorian-pc kernel: [    0.418195] ACPI: \_SB_.PCI0.LPCB.EC0_: Boot DSDT EC used to handle transactions and events
Jun  9 08:58:11 delorian-pc kernel: [    0.418320] SCSI subsystem initialized
Jun  9 08:58:11 delorian-pc kernel: [    0.418320] libata version 3.00 loaded.
Jun  9 08:58:11 delorian-pc systemd[1]: Listening on Virtual machine lock manager socket.
Jun  9 08:58:11 delorian-pc kernel: [    0.418320] pci 0000:00:02.0: vgaarb: setting as boot VGA device
Jun  9 08:58:11 delorian-pc systemd[1]: Started Daily apt download activities.
Jun  9 08:58:11 delorian-pc kernel: [    0.418320] pci 0000:00:02.0: vgaarb: VGA device added: decodes=io+mem,owns=io+mem,locks=none
Jun  9 08:58:11 delorian-pc kernel: [    0.418320] pci 0000:00:02.0: vgaarb: bridge control possible
Jun  9 08:58:11 delorian-pc kernel: [    0.418320] vgaarb: loaded
Jun  9 08:58:11 delorian-pc kernel: [    0.418320] ACPI: bus type USB registered
Jun  9 08:58:11 delorian-pc kernel: [    0.418320] usbcore: registered new interface driver usbfs
Jun  9 08:58:11 delorian-pc kernel: [    0.418320] usbcore: registered new interface driver hub
Jun  9 08:58:11 delorian-pc systemd[1]: Started Daily apt upgrade and clean activities.
Jun  9 08:58:11 delorian-pc kernel: [    0.418320] usbcore: registered new device driver usb
Jun  9 08:58:11 delorian-pc kernel: [    0.418320] pps_core: LinuxPPS API ver. 1 registered
Jun  9 08:58:11 delorian-pc kernel: [    0.418320] pps_core: Software ver. 5.3.6 - Copyright 2005-2007 Rodolfo Giometti <giometti@linux.it>
Jun  9 08:58:11 delorian-pc kernel: [    0.418320] PTP clock support registered
Jun  9 08:58:11 delorian-pc kernel: [    0.418320] EDAC MC: Ver: 3.0.0
Jun  9 08:58:11 delorian-pc kernel: [    0.418320] Registered efivars operations
Jun  9 08:58:11 delorian-pc systemd[1]: Listening on D-Bus System Message Bus Socket.
Jun  9 08:58:11 delorian-pc kernel: [    0.418320] PCI: Using ACPI for IRQ routing
Jun  9 08:58:11 delorian-pc systemd[1]: Started Discard unused blocks once a week.
Jun  9 08:58:11 delorian-pc kernel: [    0.433743] PCI: pci_cache_line_size set to 64 bytes
Jun  9 08:58:11 delorian-pc kernel: [    0.434402] e820: reserve RAM buffer [mem 0x00058000-0x0005ffff]
Jun  9 08:58:11 delorian-pc kernel: [    0.434404] e820: reserve RAM buffer [mem 0x0009e000-0x0009ffff]
Jun  9 08:58:11 delorian-pc kernel: [    0.434405] e820: reserve RAM buffer [mem 0x83364018-0x83ffffff]
Jun  9 08:58:11 delorian-pc kernel: [    0.434406] e820: reserve RAM buffer [mem 0x83391018-0x83ffffff]
Jun  9 08:58:11 delorian-pc kernel: [    0.434408] e820: reserve RAM buffer [mem 0x849f1000-0x87ffffff]
Jun  9 08:58:11 delorian-pc systemd[1]: Started Trigger anacron every hour.
Jun  9 08:58:11 delorian-pc kernel: [    0.434409] e820: reserve RAM buffer [mem 0x8868c000-0x8bffffff]
Jun  9 08:58:11 delorian-pc kernel: [    0.434411] e820: reserve RAM buffer [mem 0x8885e000-0x8bffffff]
