[    0.000000] microcode: microcode updated early to revision 0xca, date = 2019-10-03
[    0.000000] Linux version 5.3.0-53-generic (buildd@lgw01-amd64-016) (gcc version 7.5.0 (Ubuntu 7.5.0-3ubuntu1~18.04)) #47~18.04.1-Ubuntu SMP Thu May 7 13:10:50 UTC 2020 (Ubuntu 5.3.0-53.47~18.04.1-generic 5.3.18)
[    0.000000] Command line: BOOT_IMAGE=/boot/vmlinuz-5.3.0-53-generic root=UUID=7bef8097-d51b-4535-a80c-6e0c2fdae0d6 ro quiet splash vt.handoff=1
[    0.000000] KERNEL supported cpus:
[    0.000000]   Intel GenuineIntel
[    0.000000]   AMD AuthenticAMD
[    0.000000]   Hygon HygonGenuine
[    0.000000]   Centaur CentaurHauls
[    0.000000]   zhaoxin   Shanghai  
[    0.000000] x86/fpu: Supporting XSAVE feature 0x001: 'x87 floating point registers'
[    0.000000] x86/fpu: Supporting XSAVE feature 0x002: 'SSE registers'
[    0.000000] x86/fpu: Supporting XSAVE feature 0x004: 'AVX registers'
[    0.000000] x86/fpu: Supporting XSAVE feature 0x008: 'MPX bounds registers'
[    0.000000] x86/fpu: Supporting XSAVE feature 0x010: 'MPX CSR'
[    0.000000] x86/fpu: xstate_offset[2]:  576, xstate_sizes[2]:  256
[    0.000000] x86/fpu: xstate_offset[3]:  832, xstate_sizes[3]:   64
[    0.000000] x86/fpu: xstate_offset[4]:  896, xstate_sizes[4]:   64
[    0.000000] x86/fpu: Enabled xstate features 0x1f, context size is 960 bytes, using 'compacted' format.
[    0.000000] BIOS-provided physical RAM map:
[    0.000000] BIOS-e820: [mem 0x0000000000000000-0x0000000000057fff] usable
[    0.000000] BIOS-e820: [mem 0x0000000000058000-0x0000000000058fff] reserved
[    0.000000] BIOS-e820: [mem 0x0000000000059000-0x000000000009dfff] usable
[    0.000000] BIOS-e820: [mem 0x000000000009e000-0x00000000000fffff] reserved
[    0.000000] BIOS-e820: [mem 0x0000000000100000-0x00000000849f0fff] usable
[    0.000000] BIOS-e820: [mem 0x00000000849f1000-0x00000000849f1fff] ACPI NVS
[    0.000000] BIOS-e820: [mem 0x00000000849f2000-0x00000000849f2fff] reserved
[    0.000000] BIOS-e820: [mem 0x00000000849f3000-0x0000000089e71fff] usable
[    0.000000] BIOS-e820: [mem 0x0000000089e72000-0x000000008ad1ffff] reserved
[    0.000000] BIOS-e820: [mem 0x000000008ad20000-0x000000008ad6afff] ACPI data
[    0.000000] BIOS-e820: [mem 0x000000008ad6b000-0x000000008ae01fff] ACPI NVS
[    0.000000] BIOS-e820: [mem 0x000000008ae02000-0x000000008b37efff] reserved
[    0.000000] BIOS-e820: [mem 0x000000008b37f000-0x000000008b3fefff] usable
[    0.000000] BIOS-e820: [mem 0x000000008b3ff000-0x000000008fffffff] reserved
[    0.000000] BIOS-e820: [mem 0x00000000f0000000-0x00000000f7ffffff] reserved
[    0.000000] BIOS-e820: [mem 0x00000000fe000000-0x00000000fe010fff] reserved
[    0.000000] BIOS-e820: [mem 0x00000000fec00000-0x00000000fec00fff] reserved
[    0.000000] BIOS-e820: [mem 0x00000000fed00000-0x00000000fed00fff] reserved
[    0.000000] BIOS-e820: [mem 0x00000000fee00000-0x00000000fee00fff] reserved
[    0.000000] BIOS-e820: [mem 0x00000000ff000000-0x00000000ffffffff] reserved
[    0.000000] BIOS-e820: [mem 0x0000000100000000-0x000000026effffff] usable
[    0.000000] NX (Execute Disable) protection: active
[    0.000000] e820: update [mem 0x83391018-0x833a1057] usable ==> usable
[    0.000000] e820: update [mem 0x83391018-0x833a1057] usable ==> usable
[    0.000000] e820: update [mem 0x83364018-0x83390057] usable ==> usable
[    0.000000] e820: update [mem 0x83364018-0x83390057] usable ==> usable
[    0.000000] extended physical RAM map:
[    0.000000] reserve setup_data: [mem 0x0000000000000000-0x0000000000057fff] usable
[    0.000000] reserve setup_data: [mem 0x0000000000058000-0x0000000000058fff] reserved
[    0.000000] reserve setup_data: [mem 0x0000000000059000-0x000000000009dfff] usable
[    0.000000] reserve setup_data: [mem 0x000000000009e000-0x00000000000fffff] reserved
[    0.000000] reserve setup_data: [mem 0x0000000000100000-0x0000000083364017] usable
[    0.000000] reserve setup_data: [mem 0x0000000083364018-0x0000000083390057] usable
[    0.000000] reserve setup_data: [mem 0x0000000083390058-0x0000000083391017] usable
[    0.000000] reserve setup_data: [mem 0x0000000083391018-0x00000000833a1057] usable
[    0.000000] reserve setup_data: [mem 0x00000000833a1058-0x00000000849f0fff] usable
[    0.000000] reserve setup_data: [mem 0x00000000849f1000-0x00000000849f1fff] ACPI NVS
[    0.000000] reserve setup_data: [mem 0x00000000849f2000-0x00000000849f2fff] reserved
[    0.000000] reserve setup_data: [mem 0x00000000849f3000-0x0000000089e71fff] usable
[    0.000000] reserve setup_data: [mem 0x0000000089e72000-0x000000008ad1ffff] reserved
[    0.000000] reserve setup_data: [mem 0x000000008ad20000-0x000000008ad6afff] ACPI data
[    0.000000] reserve setup_data: [mem 0x000000008ad6b000-0x000000008ae01fff] ACPI NVS
[    0.000000] reserve setup_data: [mem 0x000000008ae02000-0x000000008b37efff] reserved
[    0.000000] reserve setup_data: [mem 0x000000008b37f000-0x000000008b3fefff] usable
[    0.000000] reserve setup_data: [mem 0x000000008b3ff000-0x000000008fffffff] reserved
[    0.000000] reserve setup_data: [mem 0x00000000f0000000-0x00000000f7ffffff] reserved
[    0.000000] reserve setup_data: [mem 0x00000000fe000000-0x00000000fe010fff] reserved
[    0.000000] reserve setup_data: [mem 0x00000000fec00000-0x00000000fec00fff] reserved
[    0.000000] reserve setup_data: [mem 0x00000000fed00000-0x00000000fed00fff] reserved
[    0.000000] reserve setup_data: [mem 0x00000000fee00000-0x00000000fee00fff] reserved
[    0.000000] reserve setup_data: [mem 0x00000000ff000000-0x00000000ffffffff] reserved
[    0.000000] reserve setup_data: [mem 0x0000000100000000-0x000000026effffff] usable
[    0.000000] efi: EFI v2.60 by American Megatrends
[    0.000000] efi:  TPMFinalLog=0x8add1000  ACPI 2.0=0x8ad2f000  ACPI=0x8ad2f000  SMBIOS=0x8b203000  SMBIOS 3.0=0x8b202000  ESRT=0x8885e898  TPMEventLog=0x84ad2018 
[    0.000000] secureboot: Secure boot disabled
[    0.000000] SMBIOS 3.0.0 present.
[    0.000000] DMI: ASUSTeK COMPUTER INC. X510UNR/X510UNR, BIOS X510UNR.309 05/14/2019
[    0.000000] tsc: Detected 1800.000 MHz processor
[    0.000000] [Firmware Bug]: TSC ADJUST: CPU0: -16731287 force to 0
[    0.001370] e820: update [mem 0x00000000-0x00000fff] usable ==> reserved
[    0.001378] e820: remove [mem 0x000a0000-0x000fffff] usable
[    0.001421] last_pfn = 0x26f000 max_arch_pfn = 0x400000000
[    0.001440] MTRR default type: write-back
[    0.001444] MTRR fixed ranges enabled:
[    0.001451]   00000-9FFFF write-back
[    0.001455]   A0000-BFFFF uncachable
[    0.001460]   C0000-FFFFF write-protect
[    0.001464] MTRR variable ranges enabled:
[    0.001473]   0 base 00C0000000 mask 7FC0000000 uncachable
[    0.001478]   1 base 00A0000000 mask 7FE0000000 uncachable
[    0.001483]   2 base 0090000000 mask 7FF0000000 uncachable
[    0.001488]   3 base 008C000000 mask 7FFC000000 uncachable
[    0.001492]   4 base 008B800000 mask 7FFF800000 uncachable
[    0.001495]   5 disabled
[    0.001498]   6 disabled
[    0.001501]   7 disabled
[    0.001503]   8 disabled
[    0.001506]   9 disabled
[    0.003817] x86/PAT: Configuration [0-7]: WB  WC  UC- UC  WB  WP  UC- WT  
[    0.004729] last_pfn = 0x8b3ff max_arch_pfn = 0x400000000
[    0.062174] esrt: Reserving ESRT space from 0x000000008885e898 to 0x000000008885e8d0.
[    0.062198] e820: update [mem 0x8885e000-0x8885efff] usable ==> reserved
[    0.062279] check: Scanning 1 areas for low memory corruption
[    0.062298] Using GB pages for direct mapping
[    0.062307] BRK [0x153401000, 0x153401fff] PGTABLE
[    0.062316] BRK [0x153402000, 0x153402fff] PGTABLE
[    0.062321] BRK [0x153403000, 0x153403fff] PGTABLE
[    0.062497] BRK [0x153404000, 0x153404fff] PGTABLE
[    0.062505] BRK [0x153405000, 0x153405fff] PGTABLE
[    0.063351] BRK [0x153406000, 0x153406fff] PGTABLE
[    0.063670] BRK [0x153407000, 0x153407fff] PGTABLE
[    0.064648] BRK [0x153408000, 0x153408fff] PGTABLE
[    0.065205] BRK [0x153409000, 0x153409fff] PGTABLE
[    0.065620] RAMDISK: [mem 0x3d673000-0x3fffdfff]
[    0.065663] ACPI: Early table checksum verification disabled
[    0.065676] ACPI: RSDP 0x000000008AD2F000 000024 (v02 _ASUS_)
[    0.065693] ACPI: XSDT 0x000000008AD2F0B8 0000F4 (v01 _ASUS_ Notebook 01072009 AMI  00010013)
[    0.065721] ACPI: FACP 0x000000008AD5AD30 000114 (v06 _ASUS_ Notebook 01072009 AMI  00010013)
[    0.065750] ACPI: DSDT 0x000000008AD2F240 02BAEF (v02 _ASUS_ Notebook 01072009 INTL 20160422)
[    0.065766] ACPI: FACS 0x000000008ADD0F00 000040
[    0.065779] ACPI: APIC 0x000000008AD5AE48 0000BC (v03 _ASUS_ Notebook 01072009 AMI  00010013)
[    0.065794] ACPI: FPDT 0x000000008AD5AF08 000044 (v01 _ASUS_ Notebook 01072009 AMI  00010013)
[    0.065808] ACPI: FIDT 0x000000008AD5AF50 00009C (v01 _ASUS_ Notebook 01072009 AMI  00010013)
[    0.065825] ACPI: ECDT 0x000000008AD5AFF0 0000C1 (v01 _ASUS_ Notebook 01072009 AMI. 00000005)
[    0.065841] ACPI: MCFG 0x000000008AD5B0B8 00003C (v01 _ASUS_ Notebook 01072009 MSFT 00000097)
[    0.065855] ACPI: SSDT 0x000000008AD5B0F8 000359 (v01 SataRe SataTabl 00001000 INTL 20160422)
[    0.065870] ACPI: SSDT 0x000000008AD5B458 007394 (v02 DptfTa DptfTabl 00001000 INTL 20160422)
[    0.065886] ACPI: MSDM 0x000000008AD627F0 000055 (v03 _ASUS_ Notebook 01072009 ASUS 00000001)
[    0.065900] ACPI: SSDT 0x000000008AD62848 003147 (v02 SaSsdt SaSsdt   00003000 INTL 20160422)
[    0.065915] ACPI: HPET 0x000000008AD65990 000038 (v01 INTEL  KBL-ULT  00000001 MSFT 0000005F)
[    0.065930] ACPI: UEFI 0x000000008AD659C8 000042 (v01 _ASUS_ Notebook 00000002      01000013)
[    0.065945] ACPI: SSDT 0x000000008AD65A10 0017AE (v02 CpuRef CpuSsdt  00003000 INTL 20160422)
[    0.065959] ACPI: LPIT 0x000000008AD671C0 000094 (v01 INTEL  KBL-ULT  00000000 MSFT 0000005F)
[    0.065974] ACPI: SSDT 0x000000008AD67258 000141 (v02 INTEL  HdaDsp   00000000 INTL 20160422)
[    0.065989] ACPI: SSDT 0x000000008AD673A0 00029F (v02 INTEL  sensrhub 00000000 INTL 20160422)
[    0.066003] ACPI: SSDT 0x000000008AD67640 000517 (v02 INTEL  TbtTypeC 00000000 INTL 20160422)
[    0.066018] ACPI: DBGP 0x000000008AD67B58 000034 (v01 INTEL           00000002 MSFT 0000005F)
[    0.066032] ACPI: DBG2 0x000000008AD67B90 000054 (v00 INTEL           00000002 MSFT 0000005F)
[    0.066046] ACPI: SSDT 0x000000008AD67BE8 000829 (v02 SgRef  SgPch    00001000 INTL 20160422)
[    0.066062] ACPI: SSDT 0x000000008AD68418 00039B (v02 SgRef  SgUlx    00001000 INTL 20160422)
[    0.066076] ACPI: DMAR 0x000000008AD687B8 000138 (v01 INTEL  KBL      00000001 INTL 00000001)
[    0.066091] ACPI: BGRT 0x000000008AD688F0 000038 (v01 _ASUS_ Notebook 01072009 AMI  00010013)
[    0.066106] ACPI: TPM2 0x000000008AD68928 000034 (v03 _ASUS_ Notebook 00000001 AMI  00000000)
[    0.066120] ACPI: SSDT 0x000000008AD68960 001F33 (v01 OptRef OptTabl  00001000 INTL 20160422)
[    0.066135] ACPI: WSMT 0x000000008AD6A898 000028 (v01 _ASUS_ Notebook 01072009 AMI  00010013)
[    0.066182] ACPI: Local APIC address 0xfee00000
[    0.066865] No NUMA configuration found
[    0.066869] Faking a node at [mem 0x0000000000000000-0x000000026effffff]
[    0.066932] NODE_DATA(0) allocated [mem 0x26efd5000-0x26effffff]
[    0.068160] Zone ranges:
[    0.068164]   DMA      [mem 0x0000000000001000-0x0000000000ffffff]
[    0.068171]   DMA32    [mem 0x0000000001000000-0x00000000ffffffff]
[    0.068176]   Normal   [mem 0x0000000100000000-0x000000026effffff]
[    0.068181]   Device   empty
[    0.068186] Movable zone start for each node
[    0.068205] Early memory node ranges
[    0.068210]   node   0: [mem 0x0000000000001000-0x0000000000057fff]
[    0.068214]   node   0: [mem 0x0000000000059000-0x000000000009dfff]
[    0.068218]   node   0: [mem 0x0000000000100000-0x00000000849f0fff]
[    0.068223]   node   0: [mem 0x00000000849f3000-0x0000000089e71fff]
[    0.068226]   node   0: [mem 0x000000008b37f000-0x000000008b3fefff]
[    0.068230]   node   0: [mem 0x0000000100000000-0x000000026effffff]
[    0.069327] Zeroed struct page in unavailable ranges: 29044 pages
[    0.069334] Initmem setup node 0 [mem 0x0000000000001000-0x000000026effffff]
[    0.069342] On node 0 totalpages: 2068108
[    0.069347]   DMA zone: 64 pages used for memmap
[    0.069351]   DMA zone: 22 pages reserved
[    0.069356]   DMA zone: 3996 pages, LIFO batch:0
[    0.069645]   DMA32 zone: 8764 pages used for memmap
[    0.069650]   DMA32 zone: 560880 pages, LIFO batch:63
[    0.122256]   Normal zone: 23488 pages used for memmap
[    0.122261]   Normal zone: 1503232 pages, LIFO batch:63
[    0.221124] Reserving Intel graphics memory at [mem 0x8c000000-0x8fffffff]
[    0.221575] ACPI: PM-Timer IO Port: 0x1808
[    0.221584] ACPI: Local APIC address 0xfee00000
[    0.221618] ACPI: LAPIC_NMI (acpi_id[0x01] high edge lint[0x1])
[    0.221622] ACPI: LAPIC_NMI (acpi_id[0x02] high edge lint[0x1])
[    0.221625] ACPI: LAPIC_NMI (acpi_id[0x03] high edge lint[0x1])
[    0.221629] ACPI: LAPIC_NMI (acpi_id[0x04] high edge lint[0x1])
[    0.221632] ACPI: LAPIC_NMI (acpi_id[0x05] high edge lint[0x1])
[    0.221635] ACPI: LAPIC_NMI (acpi_id[0x06] high edge lint[0x1])
[    0.221638] ACPI: LAPIC_NMI (acpi_id[0x07] high edge lint[0x1])
[    0.221642] ACPI: LAPIC_NMI (acpi_id[0x08] high edge lint[0x1])
[    0.221682] IOAPIC[0]: apic_id 2, version 32, address 0xfec00000, GSI 0-119
[    0.221692] ACPI: INT_SRC_OVR (bus 0 bus_irq 0 global_irq 2 dfl dfl)
[    0.221699] ACPI: INT_SRC_OVR (bus 0 bus_irq 9 global_irq 9 high level)
[    0.221707] ACPI: IRQ0 used by override.
[    0.221712] ACPI: IRQ9 used by override.
[    0.221723] Using ACPI (MADT) for SMP configuration information
[    0.221730] ACPI: HPET id: 0x8086a201 base: 0xfed00000
[    0.221765] e820: update [mem 0x8868c000-0x886bafff] usable ==> reserved
[    0.221820] smpboot: Allowing 8 CPUs, 0 hotplug CPUs
[    0.221934] PM: Registered nosave memory: [mem 0x00000000-0x00000fff]
[    0.221944] PM: Registered nosave memory: [mem 0x00058000-0x00058fff]
[    0.221952] PM: Registered nosave memory: [mem 0x0009e000-0x000fffff]
[    0.221962] PM: Registered nosave memory: [mem 0x83364000-0x83364fff]
[    0.221970] PM: Registered nosave memory: [mem 0x83390000-0x83390fff]
[    0.221974] PM: Registered nosave memory: [mem 0x83391000-0x83391fff]
[    0.221983] PM: Registered nosave memory: [mem 0x833a1000-0x833a1fff]
[    0.221992] PM: Registered nosave memory: [mem 0x849f1000-0x849f1fff]
[    0.221996] PM: Registered nosave memory: [mem 0x849f2000-0x849f2fff]
[    0.222005] PM: Registered nosave memory: [mem 0x8868c000-0x886bafff]
[    0.222014] PM: Registered nosave memory: [mem 0x8885e000-0x8885efff]
[    0.222024] PM: Registered nosave memory: [mem 0x89e72000-0x8ad1ffff]
[    0.222027] PM: Registered nosave memory: [mem 0x8ad20000-0x8ad6afff]
[    0.222030] PM: Registered nosave memory: [mem 0x8ad6b000-0x8ae01fff]
[    0.222033] PM: Registered nosave memory: [mem 0x8ae02000-0x8b37efff]
[    0.222042] PM: Registered nosave memory: [mem 0x8b3ff000-0x8fffffff]
[    0.222046] PM: Registered nosave memory: [mem 0x90000000-0xefffffff]
[    0.222049] PM: Registered nosave memory: [mem 0xf0000000-0xf7ffffff]
[    0.222052] PM: Registered nosave memory: [mem 0xf8000000-0xfdffffff]
[    0.222055] PM: Registered nosave memory: [mem 0xfe000000-0xfe010fff]
[    0.222058] PM: Registered nosave memory: [mem 0xfe011000-0xfebfffff]
[    0.222061] PM: Registered nosave memory: [mem 0xfec00000-0xfec00fff]
[    0.222064] PM: Registered nosave memory: [mem 0xfec01000-0xfecfffff]
[    0.222067] PM: Registered nosave memory: [mem 0xfed00000-0xfed00fff]
[    0.222070] PM: Registered nosave memory: [mem 0xfed01000-0xfedfffff]
[    0.222073] PM: Registered nosave memory: [mem 0xfee00000-0xfee00fff]
[    0.222076] PM: Registered nosave memory: [mem 0xfee01000-0xfeffffff]
[    0.222079] PM: Registered nosave memory: [mem 0xff000000-0xffffffff]
[    0.222087] [mem 0x90000000-0xefffffff] available for PCI devices
[    0.222092] Booting paravirtualized kernel on bare hardware
[    0.222104] clocksource: refined-jiffies: mask: 0xffffffff max_cycles: 0xffffffff, max_idle_ns: 7645519600211568 ns
[    0.222136] setup_percpu: NR_CPUS:8192 nr_cpumask_bits:8 nr_cpu_ids:8 nr_node_ids:1
[    0.223115] percpu: Embedded 54 pages/cpu s184320 r8192 d28672 u262144
[    0.223155] pcpu-alloc: s184320 r8192 d28672 u262144 alloc=1*2097152
[    0.223160] pcpu-alloc: [0] 0 1 2 3 4 5 6 7 
[    0.223319] Built 1 zonelists, mobility grouping on.  Total pages: 2035770
[    0.223322] Policy zone: Normal
[    0.223328] Kernel command line: BOOT_IMAGE=/boot/vmlinuz-5.3.0-53-generic root=UUID=7bef8097-d51b-4535-a80c-6e0c2fdae0d6 ro quiet splash vt.handoff=1
[    0.226104] Dentry cache hash table entries: 1048576 (order: 11, 8388608 bytes, linear)
[    0.227297] Inode-cache hash table entries: 524288 (order: 10, 4194304 bytes, linear)
[    0.227726] mem auto-init: stack:off, heap alloc:on, heap free:off
[    0.246534] Calgary: detecting Calgary via BIOS EBDA area
[    0.246540] Calgary: Unable to locate Rio Grande table in EBDA - bailing!
[    0.324269] Memory: 7879912K/8272432K available (14339K kernel code, 2369K rwdata, 4668K rodata, 2664K init, 5072K bss, 392520K reserved, 0K cma-reserved)
[    0.324292] random: get_random_u64 called from __kmem_cache_create+0x41/0x550 with crng_init=0
[    0.324979] SLUB: HWalign=64, Order=0-3, MinObjects=0, CPUs=8, Nodes=1
[    0.325030] Kernel/User page tables isolation: enabled
[    0.325095] ftrace: allocating 43313 entries in 170 pages
[    0.424391] rcu: Hierarchical RCU implementation.
[    0.424397] rcu: 	RCU restricting CPUs from NR_CPUS=8192 to nr_cpu_ids=8.
[    0.424401] 	Tasks RCU enabled.
[    0.424405] rcu: RCU calculated value of scheduler-enlistment delay is 25 jiffies.
[    0.424409] rcu: Adjusting geometry for rcu_fanout_leaf=16, nr_cpu_ids=8
[    0.443446] NR_IRQS: 524544, nr_irqs: 2048, preallocated irqs: 16
[    0.444504] random: crng done (trusting CPU's manufacturer)
[    0.444619] vt handoff: transparent VT on vt#1
[    0.444667] Console: colour dummy device 80x25
[    0.444685] printk: console [tty0] enabled
[    0.444759] ACPI: Core revision 20190703
[    0.446488] clocksource: hpet: mask: 0xffffffff max_cycles: 0xffffffff, max_idle_ns: 79635855245 ns
[    0.446593] APIC: Switch to symmetric I/O mode setup
[    0.446601] DMAR: Host address width 39
[    0.446606] DMAR: DRHD base: 0x000000fed90000 flags: 0x0
[    0.446631] DMAR: dmar0: reg_base_addr fed90000 ver 1:0 cap 1c0000c40660462 ecap 19e2ff0505e
[    0.446636] DMAR: DRHD base: 0x000000fed91000 flags: 0x1
[    0.446653] DMAR: dmar1: reg_base_addr fed91000 ver 1:0 cap d2008c40660462 ecap f050da
[    0.446658] DMAR: RMRR base: 0x0000008a488000 end: 0x0000008a4a7fff
[    0.446662] DMAR: RMRR base: 0x0000008b800000 end: 0x0000008fffffff
[    0.446668] DMAR: ANDD device: 1 name: \_SB.PCI0.I2C0
[    0.446671] DMAR: ANDD device: 2 name: \_SB.PCI0.I2C1
[    0.446674] DMAR: ANDD device: 7 name: \_SB.PCI0.SPI0
[    0.446677] DMAR: ANDD device: 9 name: \_SB.PCI0.UA00
[    0.446684] DMAR-IR: IOAPIC id 2 under DRHD base  0xfed91000 IOMMU 1
[    0.446688] DMAR-IR: HPET id 0 under DRHD base 0xfed91000
[    0.446692] DMAR-IR: Queued invalidation will be enabled to support x2apic and Intr-remapping.
[    0.449316] DMAR-IR: Enabled IRQ remapping in x2apic mode
[    0.449321] x2apic enabled
[    0.449344] Switched APIC routing to cluster x2apic.
[    0.454027] ..TIMER: vector=0x30 apic1=0 pin1=2 apic2=-1 pin2=-1
[    0.470551] clocksource: tsc-early: mask: 0xffffffffffffffff max_cycles: 0x19f2297dd97, max_idle_ns: 440795236593 ns
[    0.470571] Calibrating delay loop (skipped), value calculated using timer frequency.. 3600.00 BogoMIPS (lpj=7200000)
[    0.470582] pid_max: default: 32768 minimum: 301
[    0.490737] LSM: Security Framework initializing
[    0.490785] Yama: becoming mindful.
[    0.490982] AppArmor: AppArmor initialized
[    0.491210] Mount-cache hash table entries: 16384 (order: 5, 131072 bytes, linear)
[    0.491270] Mountpoint-cache hash table entries: 16384 (order: 5, 131072 bytes, linear)
[    0.492122] *** VALIDATE proc ***
[    0.492355] *** VALIDATE cgroup1 ***
[    0.492361] *** VALIDATE cgroup2 ***
[    0.492617] mce: CPU0: Thermal monitoring enabled (TM1)
[    0.492737] process: using mwait in idle threads
[    0.492750] Last level iTLB entries: 4KB 64, 2MB 8, 4MB 8
[    0.492754] Last level dTLB entries: 4KB 64, 2MB 0, 4MB 0, 1GB 4
[    0.492767] Spectre V1 : Mitigation: usercopy/swapgs barriers and __user pointer sanitization
[    0.492775] Spectre V2 : Mitigation: Full generic retpoline
[    0.492778] Spectre V2 : Spectre v2 / SpectreRSB mitigation: Filling RSB on context switch
[    0.492780] Spectre V2 : Enabling Restricted Speculation for firmware calls
[    0.492788] Spectre V2 : mitigation: Enabling conditional Indirect Branch Prediction Barrier
[    0.492791] Spectre V2 : User space: Mitigation: STIBP via seccomp and prctl
[    0.492798] Speculative Store Bypass: Mitigation: Speculative Store Bypass disabled via prctl and seccomp
[    0.492812] MDS: Mitigation: Clear CPU buffers
[    0.494234] Freeing SMP alternatives memory: 40K
[    0.506281] TSC deadline timer enabled
[    0.506293] smpboot: CPU0: Intel(R) Core(TM) i5-8250U CPU @ 1.60GHz (family: 0x6, model: 0x8e, stepping: 0xa)
[    0.506559] Performance Events: PEBS fmt3+, Skylake events, 32-deep LBR, full-width counters, Intel PMU driver.
[    0.506559] ... version:                4
[    0.506559] ... bit width:              48
[    0.506559] ... generic registers:      4
[    0.506559] ... value mask:             0000ffffffffffff
[    0.506559] ... max period:             00007fffffffffff
[    0.506559] ... fixed-purpose events:   3
[    0.506559] ... event mask:             000000070000000f
[    0.506559] rcu: Hierarchical SRCU implementation.
[    0.509929] NMI watchdog: Enabled. Permanently consumes one hw-PMU counter.
[    0.510349] smp: Bringing up secondary CPUs ...
[    0.510821] x86: Booting SMP configuration:
[    0.510825] .... node  #0, CPUs:      #1
[    0.006270] [Firmware Bug]: TSC ADJUST differs within socket(s), fixing all errors
[    0.525349]  #2 #3 #4
[    0.554695] MDS CPU bug present and SMT on, data leak possible. See https://www.kernel.org/doc/html/latest/admin-guide/hw-vuln/mds.html for more details.
[    0.555247]  #5 #6 #7
[    0.563029] smp: Brought up 1 node, 8 CPUs
[    0.563029] smpboot: Max logical packages: 1
[    0.563029] smpboot: Total of 8 processors activated (28800.00 BogoMIPS)
[    0.567617] devtmpfs: initialized
[    0.567617] x86/mm: Memory block size: 128MB
[    0.572678] PM: Registering ACPI NVS region [mem 0x849f1000-0x849f1fff] (4096 bytes)
[    0.572678] PM: Registering ACPI NVS region [mem 0x8ad6b000-0x8ae01fff] (618496 bytes)
[    0.572678] clocksource: jiffies: mask: 0xffffffff max_cycles: 0xffffffff, max_idle_ns: 7645041785100000 ns
[    0.572678] futex hash table entries: 2048 (order: 5, 131072 bytes, linear)
[    0.572678] pinctrl core: initialized pinctrl subsystem
[    0.572678] PM: RTC time: 17:39:49, date: 2020-06-06
[    0.574951] NET: Registered protocol family 16
[    0.575514] audit: initializing netlink subsys (disabled)
[    0.575548] audit: type=2000 audit(1591465189.128:1): state=initialized audit_enabled=0 res=1
[    0.575548] EISA bus registered
[    0.575548] cpuidle: using governor ladder
[    0.575548] cpuidle: using governor menu
[    0.575548] ACPI FADT declares the system doesn't support PCIe ASPM, so disable it
[    0.575548] ACPI: bus type PCI registered
[    0.575548] acpiphp: ACPI Hot Plug PCI Controller Driver version: 0.5
[    0.575548] PCI: MMCONFIG for domain 0000 [bus 00-7f] at [mem 0xf0000000-0xf7ffffff] (base 0xf0000000)
[    0.575548] PCI: MMCONFIG at [mem 0xf0000000-0xf7ffffff] reserved in E820
[    0.575548] PCI: Using configuration type 1 for base access
[    0.580031] ENERGY_PERF_BIAS: Set to 'normal', was 'performance'
[    0.588147] HugeTLB registered 1.00 GiB page size, pre-allocated 0 pages
[    0.588147] HugeTLB registered 2.00 MiB page size, pre-allocated 0 pages
[    0.599045] ACPI: Added _OSI(Module Device)
[    0.599050] ACPI: Added _OSI(Processor Device)
[    0.599054] ACPI: Added _OSI(3.0 _SCP Extensions)
[    0.599059] ACPI: Added _OSI(Processor Aggregator Device)
[    0.599064] ACPI: Added _OSI(Linux-Dell-Video)
[    0.599069] ACPI: Added _OSI(Linux-Lenovo-NV-HDMI-Audio)
[    0.599074] ACPI: Added _OSI(Linux-HPI-Hybrid-Graphics)
[    0.909988] ACPI: 11 ACPI AML tables successfully acquired and loaded
[    0.923207] ACPI: EC: EC started
[    0.923210] ACPI: EC: interrupt blocked
[    0.938634] ACPI: \: Used as first EC
[    0.938643] ACPI: \: GPE=0x50, EC_CMD/EC_SC=0x66, EC_DATA=0x62
[    0.938646] ACPI: EC: Boot ECDT EC used to handle transactions
[    0.984657] ACPI: Dynamic OEM Table Load:
[    0.984694] ACPI: SSDT 0xFFFF9D65E4EC5800 00058B (v02 PmRef  Cpu0Ist  00003000 INTL 20160422)
[    0.996714] ACPI: \_PR_.PR00: _OSC native thermal LVT Acked
[    1.007851] ACPI: Dynamic OEM Table Load:
[    1.007884] ACPI: SSDT 0xFFFF9D65E4F03000 0003FF (v02 PmRef  Cpu0Cst  00003001 INTL 20160422)
[    1.019571] ACPI: Dynamic OEM Table Load:
[    1.019596] ACPI: SSDT 0xFFFF9D65E4A53CC0 0000BA (v02 PmRef  Cpu0Hwp  00003000 INTL 20160422)
[    1.030651] ACPI: Dynamic OEM Table Load:
[    1.030681] ACPI: SSDT 0xFFFF9D65E4EC7800 000628 (v02 PmRef  HwpLvt   00003000 INTL 20160422)
[    1.044646] ACPI: Dynamic OEM Table Load:
[    1.044692] ACPI: SSDT 0xFFFF9D65E4CA5000 000D14 (v02 PmRef  ApIst    00003000 INTL 20160422)
[    1.061727] ACPI: Dynamic OEM Table Load:
[    1.061756] ACPI: SSDT 0xFFFF9D65E4F00800 000317 (v02 PmRef  ApHwp    00003000 INTL 20160422)
[    1.073692] ACPI: Dynamic OEM Table Load:
[    1.073719] ACPI: SSDT 0xFFFF9D65E4F01800 00030A (v02 PmRef  ApCst    00003000 INTL 20160422)
[    1.107772] ACPI: Interpreter enabled
[    1.108043] ACPI: (supports S0 S3 S4 S5)
[    1.108048] ACPI: Using IOAPIC for interrupt routing
[    1.108297] PCI: Using host bridge windows from ACPI; if necessary, use "pci=nocrs" and report a bug
[    1.116627] ACPI: Enabled 6 GPEs in block 00 to 7F
[    1.149102] ACPI: Power Resource [WRST] (on)
[    1.150302] ACPI: Power Resource [WRST] (on)
[    1.151518] ACPI: Power Resource [WRST] (on)
[    1.152707] ACPI: Power Resource [WRST] (on)
[    1.153883] ACPI: Power Resource [WRST] (on)
[    1.154265] ACPI: Power Resource [PC01] (on)
[    1.161879] ACPI: Power Resource [WRST] (on)
[    1.163095] ACPI: Power Resource [WRST] (on)
[    1.164279] ACPI: Power Resource [WRST] (on)
[    1.165459] ACPI: Power Resource [WRST] (on)
[    1.166972] ACPI: Power Resource [WRST] (on)
[    1.168162] ACPI: Power Resource [WRST] (on)
[    1.169338] ACPI: Power Resource [WRST] (on)
[    1.170542] ACPI: Power Resource [WRST] (on)
[    1.171740] ACPI: Power Resource [WRST] (on)
[    1.172932] ACPI: Power Resource [WRST] (on)
[    1.174122] ACPI: Power Resource [WRST] (on)
[    1.176973] ACPI: Power Resource [WRST] (on)
[    1.178169] ACPI: Power Resource [WRST] (on)
[    1.179369] ACPI: Power Resource [WRST] (on)
[    1.281548] ACPI: PCI Root Bridge [PCI0] (domain 0000 [bus 00-7e])
[    1.281584] acpi PNP0A08:00: _OSC: OS supports [ExtendedConfig ASPM ClockPM Segments MSI HPX-Type3]
[    1.290480] acpi PNP0A08:00: _OSC: OS now controls [PCIeHotplug SHPCHotplug PME AER PCIeCapability LTR]
[    1.290486] acpi PNP0A08:00: FADT indicates ASPM is unsupported, using BIOS configuration
[    1.295203] PCI host bridge to bus 0000:00
[    1.295215] pci_bus 0000:00: root bus resource [io  0x0000-0x0cf7 window]
[    1.295223] pci_bus 0000:00: root bus resource [io  0x0d00-0xffff window]
[    1.295229] pci_bus 0000:00: root bus resource [mem 0x000a0000-0x000bffff window]
[    1.295235] pci_bus 0000:00: root bus resource [mem 0x000c0000-0x000c3fff window]
[    1.295240] pci_bus 0000:00: root bus resource [mem 0x000c4000-0x000c7fff window]
[    1.295246] pci_bus 0000:00: root bus resource [mem 0x000c8000-0x000cbfff window]
[    1.295251] pci_bus 0000:00: root bus resource [mem 0x000cc000-0x000cffff window]
[    1.295257] pci_bus 0000:00: root bus resource [mem 0x000d0000-0x000d3fff window]
[    1.295262] pci_bus 0000:00: root bus resource [mem 0x000d4000-0x000d7fff window]
[    1.295267] pci_bus 0000:00: root bus resource [mem 0x000d8000-0x000dbfff window]
[    1.295273] pci_bus 0000:00: root bus resource [mem 0x000dc000-0x000dffff window]
[    1.295278] pci_bus 0000:00: root bus resource [mem 0x000e0000-0x000e3fff window]
[    1.295284] pci_bus 0000:00: root bus resource [mem 0x000e4000-0x000e7fff window]
[    1.295289] pci_bus 0000:00: root bus resource [mem 0x000e8000-0x000ebfff window]
[    1.295294] pci_bus 0000:00: root bus resource [mem 0x000ec000-0x000effff window]
[    1.295300] pci_bus 0000:00: root bus resource [mem 0x000f0000-0x000fffff window]
[    1.295306] pci_bus 0000:00: root bus resource [mem 0x90000000-0xefffffff window]
[    1.295311] pci_bus 0000:00: root bus resource [mem 0xfd000000-0xfe7fffff window]
[    1.295319] pci_bus 0000:00: root bus resource [bus 00-7e]
[    1.295372] pci 0000:00:00.0: [8086:5914] type 00 class 0x060000
[    1.297975] pci 0000:00:02.0: [8086:5917] type 00 class 0x030000
[    1.298037] pci 0000:00:02.0: reg 0x10: [mem 0xed000000-0xedffffff 64bit]
[    1.298070] pci 0000:00:02.0: reg 0x18: [mem 0xc0000000-0xcfffffff 64bit pref]
[    1.298092] pci 0000:00:02.0: reg 0x20: [io  0xf000-0xf03f]
[    1.298182] pci 0000:00:02.0: BAR 2: assigned to efifb
[    1.299220] pci 0000:00:04.0: [8086:1903] type 00 class 0x118000
[    1.299279] pci 0000:00:04.0: reg 0x10: [mem 0xef220000-0xef227fff 64bit]
[    1.300546] pci 0000:00:14.0: [8086:9d2f] type 00 class 0x0c0330
[    1.300617] pci 0000:00:14.0: reg 0x10: [mem 0xef210000-0xef21ffff 64bit]
[    1.300830] pci 0000:00:14.0: PME# supported from D3hot D3cold
[    1.302386] pci 0000:00:14.2: [8086:9d31] type 00 class 0x118000
[    1.302461] pci 0000:00:14.2: reg 0x10: [mem 0xef23a000-0xef23afff 64bit]
[    1.303540] pci 0000:00:15.0: [8086:9d60] type 00 class 0x118000
[    1.303811] pci 0000:00:15.0: reg 0x10: [mem 0xef239000-0xef239fff 64bit]
[    1.305750] pci 0000:00:15.1: [8086:9d61] type 00 class 0x118000
[    1.306021] pci 0000:00:15.1: reg 0x10: [mem 0xef238000-0xef238fff 64bit]
[    1.307922] pci 0000:00:16.0: [8086:9d3a] type 00 class 0x078000
[    1.307991] pci 0000:00:16.0: reg 0x10: [mem 0xef237000-0xef237fff 64bit]
[    1.308193] pci 0000:00:16.0: PME# supported from D3hot
[    1.309535] pci 0000:00:17.0: [8086:9d03] type 00 class 0x010601
[    1.309594] pci 0000:00:17.0: reg 0x10: [mem 0xef230000-0xef231fff]
[    1.309619] pci 0000:00:17.0: reg 0x14: [mem 0xef236000-0xef2360ff]
[    1.309643] pci 0000:00:17.0: reg 0x18: [io  0xf090-0xf097]
[    1.309667] pci 0000:00:17.0: reg 0x1c: [io  0xf080-0xf083]
[    1.309691] pci 0000:00:17.0: reg 0x20: [io  0xf060-0xf07f]
[    1.309715] pci 0000:00:17.0: reg 0x24: [mem 0xef235000-0xef2357ff]
[    1.309860] pci 0000:00:17.0: PME# supported from D3hot
[    1.311008] pci 0000:00:1c.0: [8086:9d10] type 01 class 0x060400
[    1.311293] pci 0000:00:1c.0: PME# supported from D0 D3hot D3cold
[    1.312693] pci 0000:00:1c.5: [8086:9d15] type 01 class 0x060400
[    1.312989] pci 0000:00:1c.5: PME# supported from D0 D3hot D3cold
[    1.314435] pci 0000:00:1e.0: [8086:9d27] type 00 class 0x118000
[    1.314699] pci 0000:00:1e.0: reg 0x10: [mem 0xef234000-0xef234fff 64bit]
[    1.316676] pci 0000:00:1e.2: [8086:9d29] type 00 class 0x118000
[    1.316949] pci 0000:00:1e.2: reg 0x10: [mem 0xef233000-0xef233fff 64bit]
[    1.318871] pci 0000:00:1f.0: [8086:9d4e] type 00 class 0x060100
[    1.320237] pci 0000:00:1f.2: [8086:9d21] type 00 class 0x058000
[    1.320280] pci 0000:00:1f.2: reg 0x10: [mem 0xef22c000-0xef22ffff]
[    1.321407] pci 0000:00:1f.3: [8086:9d71] type 00 class 0x040300
[    1.321474] pci 0000:00:1f.3: reg 0x10: [mem 0xef228000-0xef22bfff 64bit]
[    1.321537] pci 0000:00:1f.3: reg 0x20: [mem 0xef200000-0xef20ffff 64bit]
[    1.321675] pci 0000:00:1f.3: PME# supported from D3hot D3cold
[    1.323489] pci 0000:00:1f.4: [8086:9d23] type 00 class 0x0c0500
[    1.323575] pci 0000:00:1f.4: reg 0x10: [mem 0xef232000-0xef2320ff 64bit]
[    1.323667] pci 0000:00:1f.4: reg 0x20: [io  0xf040-0xf05f]
[    1.325076] pci 0000:01:00.0: [10de:1d10] type 00 class 0x030200
[    1.325142] pci 0000:01:00.0: reg 0x10: [mem 0xee000000-0xeeffffff]
[    1.325179] pci 0000:01:00.0: reg 0x14: [mem 0xd0000000-0xdfffffff 64bit pref]
[    1.325215] pci 0000:01:00.0: reg 0x1c: [mem 0xe0000000-0xe1ffffff 64bit pref]
[    1.325240] pci 0000:01:00.0: reg 0x24: [io  0xe000-0xe07f]
[    1.325265] pci 0000:01:00.0: reg 0x30: [mem 0xef000000-0xef07ffff pref]
[    1.325342] pci 0000:01:00.0: Enabling HDA controller
[    1.326185] pci 0000:00:1c.0: PCI bridge to [bus 01]
[    1.326196] pci 0000:00:1c.0:   bridge window [io  0xe000-0xefff]
[    1.326208] pci 0000:00:1c.0:   bridge window [mem 0xee000000-0xef0fffff]
[    1.326224] pci 0000:00:1c.0:   bridge window [mem 0xd0000000-0xe1ffffff 64bit pref]
[    1.327492] pci 0000:02:00.0: [8086:24fd] type 00 class 0x028000
[    1.328581] pci 0000:02:00.0: reg 0x10: [mem 0xef100000-0xef101fff 64bit]
[    1.332303] pci 0000:02:00.0: PME# supported from D0 D3hot D3cold
[    1.335062] pci 0000:00:1c.5: PCI bridge to [bus 02]
[    1.335080] pci 0000:00:1c.5:   bridge window [mem 0xef100000-0xef1fffff]
[    1.353915] ACPI: PCI Interrupt Link [LNKA] (IRQs 3 4 5 6 10 *11 12 14 15)
[    1.354312] ACPI: PCI Interrupt Link [LNKB] (IRQs 3 4 5 6 *10 11 12 14 15)
[    1.354695] ACPI: PCI Interrupt Link [LNKC] (IRQs 3 4 5 6 10 *11 12 14 15)
[    1.355057] ACPI: PCI Interrupt Link [LNKD] (IRQs 3 4 5 6 10 *11 12 14 15)
[    1.355413] ACPI: PCI Interrupt Link [LNKE] (IRQs 3 4 5 6 10 *11 12 14 15)
[    1.355770] ACPI: PCI Interrupt Link [LNKF] (IRQs 3 4 5 6 10 *11 12 14 15)
[    1.356125] ACPI: PCI Interrupt Link [LNKG] (IRQs 3 4 5 6 10 *11 12 14 15)
[    1.356480] ACPI: PCI Interrupt Link [LNKH] (IRQs 3 4 5 6 10 *11 12 14 15)
[    1.361091] ACPI: EC: interrupt unblocked
[    1.361126] ACPI: EC: event unblocked
[    1.361152] ACPI: \_SB_.PCI0.LPCB.EC0_: GPE=0x50, EC_CMD/EC_SC=0x66, EC_DATA=0x62
[    1.361159] ACPI: \_SB_.PCI0.LPCB.EC0_: Boot DSDT EC used to handle transactions and events
[    1.362609] SCSI subsystem initialized
[    1.362694] libata version 3.00 loaded.
[    1.362694] pci 0000:00:02.0: vgaarb: setting as boot VGA device
[    1.362694] pci 0000:00:02.0: vgaarb: VGA device added: decodes=io+mem,owns=io+mem,locks=none
[    1.362694] pci 0000:00:02.0: vgaarb: bridge control possible
[    1.362694] vgaarb: loaded
[    1.362705] ACPI: bus type USB registered
[    1.362773] usbcore: registered new interface driver usbfs
[    1.362804] usbcore: registered new interface driver hub
[    1.362920] usbcore: registered new device driver usb
[    1.363061] pps_core: LinuxPPS API ver. 1 registered
[    1.363064] pps_core: Software ver. 5.3.6 - Copyright 2005-2007 Rodolfo Giometti <giometti@linux.it>
[    1.363082] PTP clock support registered
[    1.363183] EDAC MC: Ver: 3.0.0
[    1.363283] Registered efivars operations
[    1.363283] PCI: Using ACPI for IRQ routing
[    1.380747] PCI: pci_cache_line_size set to 64 bytes
[    1.381516] e820: reserve RAM buffer [mem 0x00058000-0x0005ffff]
[    1.381522] e820: reserve RAM buffer [mem 0x0009e000-0x0009ffff]
[    1.381526] e820: reserve RAM buffer [mem 0x83364018-0x83ffffff]
[    1.381531] e820: reserve RAM buffer [mem 0x83391018-0x83ffffff]
[    1.381535] e820: reserve RAM buffer [mem 0x849f1000-0x87ffffff]
[    1.381540] e820: reserve RAM buffer [mem 0x8868c000-0x8bffffff]
[    1.381548] e820: reserve RAM buffer [mem 0x8885e000-0x8bffffff]
[    1.381555] e820: reserve RAM buffer [mem 0x89e72000-0x8bffffff]
[    1.381560] e820: reserve RAM buffer [mem 0x8b3ff000-0x8bffffff]
[    1.381565] e820: reserve RAM buffer [mem 0x26f000000-0x26fffffff]
[    1.382018] NetLabel: Initializing
[    1.382022] NetLabel:  domain hash size = 128
[    1.382024] NetLabel:  protocols = UNLABELED CIPSOv4 CALIPSO
[    1.382097] NetLabel:  unlabeled traffic allowed by default
[    1.385457] hpet0: at MMIO 0xfed00000, IRQs 2, 8, 0, 0, 0, 0, 0, 0
[    1.385477] hpet0: 8 comparators, 64-bit 24.000000 MHz counter
[    1.386663] clocksource: Switched to clocksource tsc-early
[    1.448496] VFS: Disk quotas dquot_6.6.0
[    1.448569] VFS: Dquot-cache hash table entries: 512 (order 0, 4096 bytes)
[    1.448703] *** VALIDATE hugetlbfs ***
[    1.449099] AppArmor: AppArmor Filesystem Enabled
[    1.449212] pnp: PnP ACPI init
[    1.451017] system 00:00: [io  0x0680-0x069f] has been reserved
[    1.451027] system 00:00: [io  0xffff] has been reserved
[    1.451034] system 00:00: [io  0xffff] has been reserved
[    1.451040] system 00:00: [io  0xffff] has been reserved
[    1.451047] system 00:00: [io  0x1800-0x18fe] has been reserved
[    1.451054] system 00:00: [io  0x164e-0x164f] has been reserved
[    1.451078] system 00:00: Plug and Play ACPI device, IDs PNP0c02 (active)
[    1.451770] pnp 00:01: Plug and Play ACPI device, IDs PNP0b00 (active)
[    1.452025] system 00:02: [io  0x1854-0x1857] has been reserved
[    1.452043] system 00:02: Plug and Play ACPI device, IDs INT3f0d PNP0c02 (active)
[    1.453192] pnp 00:03: Plug and Play ACPI device, IDs ATK3001 PNP030b (active)
[    1.455028] system 00:04: [mem 0xfed10000-0xfed17fff] has been reserved
[    1.455036] system 00:04: [mem 0xfed18000-0xfed18fff] has been reserved
[    1.455043] system 00:04: [mem 0xfed19000-0xfed19fff] has been reserved
[    1.455051] system 00:04: [mem 0xf0000000-0xf7ffffff] has been reserved
[    1.455058] system 00:04: [mem 0xfed20000-0xfed3ffff] has been reserved
[    1.455065] system 00:04: [mem 0xfed90000-0xfed93fff] could not be reserved
[    1.455072] system 00:04: [mem 0xfed45000-0xfed8ffff] has been reserved
[    1.455080] system 00:04: [mem 0xff000000-0xffffffff] has been reserved
[    1.455088] system 00:04: [mem 0xfee00000-0xfeefffff] could not be reserved
[    1.455096] system 00:04: [mem 0xeffe0000-0xefffffff] has been reserved
[    1.455115] system 00:04: Plug and Play ACPI device, IDs PNP0c02 (active)
[    1.455396] system 00:05: [mem 0xfd000000-0xfdabffff] has been reserved
[    1.455403] system 00:05: [mem 0xfdad0000-0xfdadffff] has been reserved
[    1.455411] system 00:05: [mem 0xfdb00000-0xfdffffff] has been reserved
[    1.455424] system 00:05: [mem 0xfe000000-0xfe01ffff] could not be reserved
[    1.455431] system 00:05: [mem 0xfe036000-0xfe03bfff] has been reserved
[    1.455438] system 00:05: [mem 0xfe03d000-0xfe3fffff] has been reserved
[    1.455445] system 00:05: [mem 0xfe410000-0xfe7fffff] has been reserved
[    1.455461] system 00:05: Plug and Play ACPI device, IDs PNP0c02 (active)
[    1.457691] system 00:06: [io  0xff00-0xfffe] has been reserved
[    1.457708] system 00:06: Plug and Play ACPI device, IDs PNP0c02 (active)
[    1.467243] system 00:07: [mem 0xfe029000-0xfe029fff] has been reserved
[    1.467252] system 00:07: [mem 0xfe028000-0xfe028fff] has been reserved
[    1.467259] system 00:07: [mem 0xfdaf0000-0xfdafffff] has been reserved
[    1.467266] system 00:07: [mem 0xfdae0000-0xfdaeffff] has been reserved
[    1.467273] system 00:07: [mem 0xfdac0000-0xfdacffff] has been reserved
[    1.467291] system 00:07: Plug and Play ACPI device, IDs PNP0c02 (active)
[    1.475689] pnp: PnP ACPI: found 8 devices
[    1.482321] thermal_sys: Registered thermal governor 'fair_share'
[    1.482325] thermal_sys: Registered thermal governor 'bang_bang'
[    1.482329] thermal_sys: Registered thermal governor 'step_wise'
[    1.482333] thermal_sys: Registered thermal governor 'user_space'
[    1.482336] thermal_sys: Registered thermal governor 'power_allocator'
[    1.487000] clocksource: acpi_pm: mask: 0xffffff max_cycles: 0xffffff, max_idle_ns: 2085701024 ns
[    1.487205] pci 0000:00:1c.0: PCI bridge to [bus 01]
[    1.487216] pci 0000:00:1c.0:   bridge window [io  0xe000-0xefff]
[    1.487233] pci 0000:00:1c.0:   bridge window [mem 0xee000000-0xef0fffff]
[    1.487245] pci 0000:00:1c.0:   bridge window [mem 0xd0000000-0xe1ffffff 64bit pref]
[    1.487261] pci 0000:00:1c.5: PCI bridge to [bus 02]
[    1.487277] pci 0000:00:1c.5:   bridge window [mem 0xef100000-0xef1fffff]
[    1.487310] pci_bus 0000:00: resource 4 [io  0x0000-0x0cf7 window]
[    1.487317] pci_bus 0000:00: resource 5 [io  0x0d00-0xffff window]
[    1.487323] pci_bus 0000:00: resource 6 [mem 0x000a0000-0x000bffff window]
[    1.487330] pci_bus 0000:00: resource 7 [mem 0x000c0000-0x000c3fff window]
[    1.487335] pci_bus 0000:00: resource 8 [mem 0x000c4000-0x000c7fff window]
[    1.487341] pci_bus 0000:00: resource 9 [mem 0x000c8000-0x000cbfff window]
[    1.487348] pci_bus 0000:00: resource 10 [mem 0x000cc000-0x000cffff window]
[    1.487353] pci_bus 0000:00: resource 11 [mem 0x000d0000-0x000d3fff window]
[    1.487359] pci_bus 0000:00: resource 12 [mem 0x000d4000-0x000d7fff window]
[    1.487365] pci_bus 0000:00: resource 13 [mem 0x000d8000-0x000dbfff window]
[    1.487370] pci_bus 0000:00: resource 14 [mem 0x000dc000-0x000dffff window]
[    1.487376] pci_bus 0000:00: resource 15 [mem 0x000e0000-0x000e3fff window]
[    1.487382] pci_bus 0000:00: resource 16 [mem 0x000e4000-0x000e7fff window]
[    1.487387] pci_bus 0000:00: resource 17 [mem 0x000e8000-0x000ebfff window]
[    1.487393] pci_bus 0000:00: resource 18 [mem 0x000ec000-0x000effff window]
[    1.487399] pci_bus 0000:00: resource 19 [mem 0x000f0000-0x000fffff window]
[    1.487405] pci_bus 0000:00: resource 20 [mem 0x90000000-0xefffffff window]
[    1.487410] pci_bus 0000:00: resource 21 [mem 0xfd000000-0xfe7fffff window]
[    1.487417] pci_bus 0000:01: resource 0 [io  0xe000-0xefff]
[    1.487423] pci_bus 0000:01: resource 1 [mem 0xee000000-0xef0fffff]
[    1.487429] pci_bus 0000:01: resource 2 [mem 0xd0000000-0xe1ffffff 64bit pref]
[    1.487435] pci_bus 0000:02: resource 1 [mem 0xef100000-0xef1fffff]
[    1.488618] NET: Registered protocol family 2
[    1.489256] tcp_listen_portaddr_hash hash table entries: 4096 (order: 4, 65536 bytes, linear)
[    1.489466] TCP established hash table entries: 65536 (order: 7, 524288 bytes, linear)
[    1.490180] TCP bind hash table entries: 65536 (order: 8, 1048576 bytes, linear)
[    1.490654] TCP: Hash tables configured (established 65536 bind 65536)
[    1.490822] UDP hash table entries: 4096 (order: 5, 131072 bytes, linear)
[    1.490959] UDP-Lite hash table entries: 4096 (order: 5, 131072 bytes, linear)
[    1.491380] NET: Registered protocol family 1
[    1.491401] NET: Registered protocol family 44
[    1.491450] pci 0000:00:02.0: Video device with shadowed ROM at [mem 0x000c0000-0x000dffff]
[    1.493322] PCI: CLS 64 bytes, default 64
[    1.493509] Trying to unpack rootfs image as initramfs...
[    5.268845] Freeing initrd memory: 42540K
[    5.269107] DMAR: ACPI device "device:71" under DMAR at fed91000 as 00:15.0
[    5.269123] DMAR: ACPI device "device:72" under DMAR at fed91000 as 00:15.1
[    5.269136] DMAR: ACPI device "device:73" under DMAR at fed91000 as 00:1e.2
[    5.269148] DMAR: ACPI device "device:74" under DMAR at fed91000 as 00:1e.0
[    5.282646] PCI-DMA: Using software bounce buffering for IO (SWIOTLB)
[    5.282653] software IO TLB: mapped [mem 0x7f364000-0x83364000] (64MB)
[    5.284064] check: Scanning for low memory corruption every 60 seconds
[    5.291609] Initialise system trusted keyrings
[    5.291646] Key type blacklist registered
[    5.291776] workingset: timestamp_bits=36 max_order=21 bucket_order=0
[    5.299055] zbud: loaded
[    5.301022] squashfs: version 4.0 (2009/01/31) Phillip Lougher
[    5.301806] fuse: init (API version 7.31)
[    5.302350] Platform Keyring initialized
[    5.327752] Key type asymmetric registered
[    5.327756] Asymmetric key parser 'x509' registered
[    5.327787] Block layer SCSI generic (bsg) driver version 0.4 loaded (major 244)
[    5.327971] io scheduler mq-deadline registered
[    5.329750] pcieport 0000:00:1c.0: PME: Signaling with IRQ 122
[    5.329996] pcieport 0000:00:1c.0: AER: enabled with IRQ 122
[    5.331141] pcieport 0000:00:1c.5: PME: Signaling with IRQ 123
[    5.331356] pcieport 0000:00:1c.5: AER: enabled with IRQ 123
[    5.331645] shpchp: Standard Hot Plug PCI Controller Driver version: 0.4
[    5.331980] efifb: probing for efifb
[    5.332063] efifb: Ignoring BGRT: unexpected or invalid BMP data
[    5.332069] efifb: framebuffer at 0xc0000000, using 1876k, total 1875k
[    5.332074] efifb: mode is 800x600x32, linelength=3200, pages=1
[    5.332076] efifb: scrolling: redraw
[    5.332084] efifb: Truecolor: size=8:8:8:8, shift=24:16:8:0
[    5.332277] fbcon: Deferring console take-over
[    5.332282] fb0: EFI VGA frame buffer device
[    5.332322] intel_idle: MWAIT substates: 0x11142120
[    5.332326] intel_idle: v0.4.1 model 0x8E
[    5.334810] intel_idle: lapic_timer_reliable_states 0xffffffff
[    5.335899] ACPI: AC Adapter [AC0] (off-line)
[    5.336315] input: Lid Switch as /devices/LNXSYSTM:00/LNXSYBUS:00/PNP0A08:00/device:19/PNP0C09:01/PNP0C0D:00/input/input0
[    5.336342] ACPI: Lid Switch [LID]
[    5.336626] input: Sleep Button as /devices/LNXSYSTM:00/LNXSYBUS:00/PNP0C0E:00/input/input1
[    5.336659] ACPI: Sleep Button [SLPB]
[    5.336792] input: Power Button as /devices/LNXSYSTM:00/LNXSYBUS:00/PNP0C0C:00/input/input2
[    5.336822] ACPI: Power Button [PWRB]
[    5.336971] input: Power Button as /devices/LNXSYSTM:00/LNXPWRBN:00/input/input3
[    5.337035] ACPI: Power Button [PWRF]
[    5.348288] thermal LNXTHERM:00: registered as thermal_zone0
[    5.348295] ACPI: Thermal Zone [THRM] (40 C)
[    5.349445] Serial: 8250/16550 driver, 32 ports, IRQ sharing enabled
[    5.362512] Linux agpgart interface v0.103
[    5.378933] battery: ACPI: Battery Slot [BAT0] (battery present)
[    5.405344] loop: module loaded
[    5.406384] libphy: Fixed MDIO Bus: probed
[    5.406388] tun: Universal TUN/TAP device driver, 1.6
[    5.406655] PPP generic driver version 2.4.2
[    5.407026] ehci_hcd: USB 2.0 'Enhanced' Host Controller (EHCI) Driver
[    5.407044] ehci-pci: EHCI PCI platform driver
[    5.407109] ehci-platform: EHCI generic platform driver
[    5.407162] ohci_hcd: USB 1.1 'Open' Host Controller (OHCI) Driver
[    5.407169] ohci-pci: OHCI PCI platform driver
[    5.407210] ohci-platform: OHCI generic platform driver
[    5.407248] uhci_hcd: USB Universal Host Controller Interface driver
[    5.408162] xhci_hcd 0000:00:14.0: xHCI Host Controller
[    5.408192] xhci_hcd 0000:00:14.0: new USB bus registered, assigned bus number 1
[    5.409408] xhci_hcd 0000:00:14.0: hcc params 0x200077c1 hci version 0x100 quirks 0x0000000081109810
[    5.410473] xhci_hcd 0000:00:14.0: cache line size of 64 is not supported
[    5.411147] usb usb1: New USB device found, idVendor=1d6b, idProduct=0002, bcdDevice= 5.03
[    5.411154] usb usb1: New USB device strings: Mfr=3, Product=2, SerialNumber=1
[    5.411160] usb usb1: Product: xHCI Host Controller
[    5.411166] usb usb1: Manufacturer: Linux 5.3.0-53-generic xhci-hcd
[    5.411171] usb usb1: SerialNumber: 0000:00:14.0
[    5.411856] hub 1-0:1.0: USB hub found
[    5.411901] hub 1-0:1.0: 12 ports detected
[    5.417405] xhci_hcd 0000:00:14.0: xHCI Host Controller
[    5.417422] xhci_hcd 0000:00:14.0: new USB bus registered, assigned bus number 2
[    5.417435] xhci_hcd 0000:00:14.0: Host supports USB 3.0 SuperSpeed
[    5.417608] usb usb2: New USB device found, idVendor=1d6b, idProduct=0003, bcdDevice= 5.03
[    5.417616] usb usb2: New USB device strings: Mfr=3, Product=2, SerialNumber=1
[    5.417622] usb usb2: Product: xHCI Host Controller
[    5.417628] usb usb2: Manufacturer: Linux 5.3.0-53-generic xhci-hcd
[    5.417634] usb usb2: SerialNumber: 0000:00:14.0
[    5.418287] hub 2-0:1.0: USB hub found
[    5.418321] hub 2-0:1.0: 6 ports detected
[    5.419806] usb: port power management may be unreliable
[    5.421407] i8042: PNP: PS/2 Controller [PNP030b:PS2K] at 0x60,0x64 irq 1
[    5.421411] i8042: PNP: PS/2 appears to have AUX port disabled, if this is incorrect please boot with i8042.nopnp
[    5.423512] serio: i8042 KBD port at 0x60,0x64 irq 1
[    5.424267] mousedev: PS/2 mouse device common for all mice
[    5.425872] rtc_cmos 00:01: RTC can wake from S4
[    5.426755] rtc_cmos 00:01: registered as rtc0
[    5.426820] rtc_cmos 00:01: alarms up to one month, y3k, 242 bytes nvram, hpet irqs
[    5.426854] i2c /dev entries driver
[    5.427062] device-mapper: uevent: version 1.0.3
[    5.427421] device-mapper: ioctl: 4.40.0-ioctl (2019-01-18) initialised: dm-devel@redhat.com
[    5.427517] platform eisa.0: Probing EISA bus 0
[    5.427524] platform eisa.0: EISA: Cannot allocate resource for mainboard
[    5.427530] platform eisa.0: Cannot allocate resource for EISA slot 1
[    5.427536] platform eisa.0: Cannot allocate resource for EISA slot 2
[    5.427541] platform eisa.0: Cannot allocate resource for EISA slot 3
[    5.427546] platform eisa.0: Cannot allocate resource for EISA slot 4
[    5.427551] platform eisa.0: Cannot allocate resource for EISA slot 5
[    5.427556] platform eisa.0: Cannot allocate resource for EISA slot 6
[    5.427561] platform eisa.0: Cannot allocate resource for EISA slot 7
[    5.427566] platform eisa.0: Cannot allocate resource for EISA slot 8
[    5.427571] platform eisa.0: EISA: Detected 0 cards
[    5.427583] intel_pstate: Intel P-state driver initializing
[    5.432152] intel_pstate: HWP enabled
[    5.433305] ledtrig-cpu: registered to indicate activity on CPUs
[    5.433321] EFI Variables Facility v0.08 2004-May-17
[    5.466220] input: AT Translated Set 2 keyboard as /devices/platform/i8042/serio0/input/input4
[    5.479500] intel_pmc_core INT33A1:00:  initialized
[    5.480749] NET: Registered protocol family 10
[    5.515578] Segment Routing with IPv6
[    5.515691] NET: Registered protocol family 17
[    5.516071] Key type dns_resolver registered
[    5.519339] RAS: Correctable Errors collector initialized.
[    5.519565] microcode: sig=0x806ea, pf=0x80, revision=0xca
[    5.520265] microcode: Microcode Update Driver: v2.2.
[    5.520307] sched_clock: Marking stable (5517965341, 2270585)->(5538082778, -17846852)
[    5.521220] registered taskstats version 1
[    5.521249] Loading compiled-in X.509 certificates
[    5.531014] Loaded X.509 cert 'Build time autogenerated kernel key: 08838d266c8704d3d582ec0b8cbad5486d1a5fab'
[    5.531199] zswap: loaded using pool lzo/zbud
[    5.564409] Key type big_key registered
[    5.564433] Key type trusted registered
[    5.580628] Key type encrypted registered
[    5.580644] AppArmor: AppArmor sha1 policy hashing enabled
[    5.584635] ima: Allocated hash algorithm: sha1
[    5.621166] No architecture policies found
[    5.621225] evm: Initialising EVM extended attributes:
[    5.621228] evm: security.selinux
[    5.621231] evm: security.SMACK64
[    5.621234] evm: security.SMACK64EXEC
[    5.621236] evm: security.SMACK64TRANSMUTE
[    5.621239] evm: security.SMACK64MMAP
[    5.621241] evm: security.apparmor
[    5.621243] evm: security.ima
[    5.621246] evm: security.capability
[    5.621250] evm: HMAC attrs: 0x1
[    5.629425] PM:   Magic number: 8:386:693
[    5.629872] rtc_cmos 00:01: setting system clock to 2020-06-06T17:39:54 UTC (1591465194)
[    5.636249] Freeing unused decrypted memory: 2040K
[    5.638321] Freeing unused kernel image memory: 2664K
[    5.642682] Write protecting the kernel read-only data: 22528k
[    5.645225] Freeing unused kernel image memory: 2008K
[    5.646783] Freeing unused kernel image memory: 1476K
[    5.703587] x86/mm: Checked W+X mappings: passed, no W+X pages found.
[    5.703592] x86/mm: Checking user space page tables
[    5.750695] usb 1-3: new low-speed USB device number 2 using xhci_hcd
[    5.759405] x86/mm: Checked W+X mappings: passed, no W+X pages found.
[    5.759411] Run /init as init process
[    5.878705] usb 1-3: device descriptor read/64, error -71
[    6.137174] usb 1-3: New USB device found, idVendor=0581, idProduct=0105, bcdDevice= 0.01
[    6.137184] usb 1-3: New USB device strings: Mfr=0, Product=0, SerialNumber=0
[    6.266669] usb 1-6: new high-speed USB device number 3 using xhci_hcd
[    6.302638] tsc: Refined TSC clocksource calibration: 1799.999 MHz
[    6.302680] clocksource: tsc: mask: 0xffffffffffffffff max_cycles: 0x19f228ab7a2, max_idle_ns: 440795289252 ns
[    6.302766] clocksource: Switched to clocksource tsc
[    6.309772] usb 1-6: New USB device found, idVendor=13d3, idProduct=5a07, bcdDevice=16.01
[    6.309789] usb 1-6: New USB device strings: Mfr=3, Product=1, SerialNumber=2
[    6.309800] usb 1-6: Product: USB2.0 VGA UVC WebCam
[    6.309811] usb 1-6: Manufacturer: Azurewave
[    6.309822] usb 1-6: SerialNumber: 0x0001
[    6.344068] hidraw: raw HID events driver (C) Jiri Kosina
[    6.366133] ahci 0000:00:17.0: version 3.0
[    6.367389] ahci 0000:00:17.0: AHCI 0001.0301 32 slots 3 ports 6 Gbps 0x7 impl SATA mode
[    6.367413] ahci 0000:00:17.0: flags: 64bit ncq pm led clo only pio slum part deso sadm sds apst 
[    6.372421] scsi host0: ahci
[    6.373186] scsi host1: ahci
[    6.374600] scsi host2: ahci
[    6.375063] ata1: SATA max UDMA/133 abar m2048@0xef235000 port 0xef235100 irq 125
[    6.375074] ata2: SATA max UDMA/133 abar m2048@0xef235000 port 0xef235180 irq 125
[    6.375082] ata3: SATA max UDMA/133 abar m2048@0xef235000 port 0xef235200 irq 125
[    6.438660] usb 1-8: new full-speed USB device number 4 using xhci_hcd
[    6.588697] usb 1-8: New USB device found, idVendor=8087, idProduct=0a2b, bcdDevice= 0.10
[    6.588706] usb 1-8: New USB device strings: Mfr=0, Product=0, SerialNumber=0
[    6.619611] usbcore: registered new interface driver usbhid
[    6.619616] usbhid: USB HID core driver
[    6.640080] input: HID 0581:0105 as /devices/pci0000:00/0000:00:14.0/usb1/1-3/1-3:1.0/0003:0581:0105.0001/input/input5
[    6.640788] hid-generic 0003:0581:0105.0001: input,hidraw0: USB HID v1.10 Mouse [HID 0581:0105] on usb-0000:00:14.0-3/input0
[    6.686923] ata3: SATA link down (SStatus 4 SControl 300)
[    6.686984] ata2: SATA link up 6.0 Gbps (SStatus 133 SControl 300)
[    6.687039] ata1: SATA link up 6.0 Gbps (SStatus 133 SControl 300)
[    6.694148] ata2.00: ACPI cmd ef/10:06:00:00:00:00 (SET FEATURES) succeeded
[    6.694160] ata2.00: ACPI cmd f5/00:00:00:00:00:00 (SECURITY FREEZE LOCK) filtered out
[    6.694169] ata2.00: ACPI cmd b1/c1:00:00:00:00:00 (DEVICE CONFIGURATION OVERLAY) filtered out
[    6.695151] ata1.00: ACPI cmd ef/10:06:00:00:00:00 (SET FEATURES) succeeded
[    6.695162] ata1.00: ACPI cmd f5/00:00:00:00:00:00 (SECURITY FREEZE LOCK) filtered out
[    6.695171] ata1.00: ACPI cmd b1/c1:00:00:00:00:00 (DEVICE CONFIGURATION OVERLAY) filtered out
[    6.695716] ata2.00: ATA-9: SanDisk SD8SN8U128G1002, X4131002, max UDMA/133
[    6.695725] ata2.00: 250069680 sectors, multi 1: LBA48 NCQ (depth 32), AA
[    6.700589] ata2.00: ACPI cmd ef/10:06:00:00:00:00 (SET FEATURES) succeeded
[    6.700600] ata2.00: ACPI cmd f5/00:00:00:00:00:00 (SECURITY FREEZE LOCK) filtered out
[    6.700609] ata2.00: ACPI cmd b1/c1:00:00:00:00:00 (DEVICE CONFIGURATION OVERLAY) filtered out
[    6.701408] ata1.00: ATA-10: TOSHIBA MQ04ABF100, JU0C0J, max UDMA/100
[    6.701417] ata1.00: 1953525168 sectors, multi 16: LBA48 NCQ (depth 32), AA
[    6.702546] ata2.00: configured for UDMA/133
[    6.709291] ata1.00: ACPI cmd ef/10:06:00:00:00:00 (SET FEATURES) succeeded
[    6.709305] ata1.00: ACPI cmd f5/00:00:00:00:00:00 (SECURITY FREEZE LOCK) filtered out
[    6.709313] ata1.00: ACPI cmd b1/c1:00:00:00:00:00 (DEVICE CONFIGURATION OVERLAY) filtered out
[    6.712695] ata1.00: configured for UDMA/100
[    6.712744] ahci 0000:00:17.0: port does not support device sleep
[    6.714461] scsi 0:0:0:0: Direct-Access     ATA      TOSHIBA MQ04ABF1 0J   PQ: 0 ANSI: 5
[    6.715657] scsi 0:0:0:0: Attached scsi generic sg0 type 0
[    6.716587] scsi 1:0:0:0: Direct-Access     ATA      SanDisk SD8SN8U1 1002 PQ: 0 ANSI: 5
[    6.716943] sd 0:0:0:0: [sda] 1953525168 512-byte logical blocks: (1.00 TB/932 GiB)
[    6.716951] sd 0:0:0:0: [sda] 4096-byte physical blocks
[    6.717124] sd 0:0:0:0: [sda] Write Protect is off
[    6.717135] sd 0:0:0:0: [sda] Mode Sense: 00 3a 00 00
[    6.717430] sd 0:0:0:0: [sda] Write cache: enabled, read cache: enabled, doesn't support DPO or FUA
[    6.717675] sd 1:0:0:0: Attached scsi generic sg1 type 0
[    6.718479] sd 1:0:0:0: [sdb] 250069680 512-byte logical blocks: (128 GB/119 GiB)
[    6.718618] sd 1:0:0:0: [sdb] Write Protect is off
[    6.718633] sd 1:0:0:0: [sdb] Mode Sense: 00 3a 00 00
[    6.718996] sd 1:0:0:0: [sdb] Write cache: enabled, read cache: enabled, doesn't support DPO or FUA
[    6.724568]  sdb: sdb1 sdb2 sdb3 sdb4
[    6.726373] sd 1:0:0:0: [sdb] Attached SCSI disk
[    7.055506]  sda: sda1 sda2 sda3
[    7.057594] sd 0:0:0:0: [sda] Attached SCSI disk
[    7.805145] fbcon: Taking over console
[    7.805547] Console: switching to colour frame buffer device 100x37
[    7.858383] EXT4-fs (sda2): mounted filesystem with ordered data mode. Opts: (null)
[   10.364489] systemd[1]: systemd 237 running in system mode. (+PAM +AUDIT +SELINUX +IMA +APPARMOR +SMACK +SYSVINIT +UTMP +LIBCRYPTSETUP +GCRYPT +GNUTLS +ACL +XZ +LZ4 +SECCOMP +BLKID +ELFUTILS +KMOD -IDN2 +IDN -PCRE2 default-hierarchy=hybrid)
[   10.384415] systemd[1]: Detected architecture x86-64.
[   10.403140] systemd[1]: Set hostname to <delorian-pc>.
[   12.994023] systemd[1]: /lib/systemd/system/bluetooth.service:3: Invalid URL, ignoring: -d
[   12.994059] systemd[1]: /lib/systemd/system/bluetooth.service:3: Invalid URL, ignoring: -d(8)
[   13.650358] systemd[1]: Started Forward Password Requests to Wall Directory Watch.
[   13.650385] systemd[1]: Reached target Libvirt guests shutdown.
[   13.650516] systemd[1]: Created slice User and Session Slice.
[   13.650524] systemd[1]: Reached target User and Group Name Lookups.
[   13.650624] systemd[1]: Created slice System Slice.
[   13.832896] EXT4-fs (sda2): re-mounted. Opts: errors=remount-ro
[   14.259599] lp: driver loaded but no devices found
[   14.283839] ppdev: user-space parallel port driver
[   14.477317] systemd-journald[386]: Received request to flush runtime journal from PID 1
[   22.360309] input: Asus Wireless Radio Control as /devices/LNXSYSTM:00/LNXSYBUS:00/ATK4002:00/input/input6
[   22.440607] intel-lpss 0000:00:15.0: enabling device (0000 -> 0002)
[   22.542249] proc_thermal 0000:00:04.0: enabling device (0000 -> 0002)
[   22.543384] intel_rapl_common: Found RAPL domain package
[   22.543385] intel_rapl_common: Found RAPL domain dram
[   22.543459] proc_thermal 0000:00:04.0: Creating sysfs group for PROC_THERMAL_PCI
[   22.597336] idma64 idma64.0: Found Intel integrated DMA 64-bit
[   22.603921] intel-lpss 0000:00:15.1: enabling device (0000 -> 0002)
[   22.604116] idma64 idma64.1: Found Intel integrated DMA 64-bit
[   22.608774] i2c_hid i2c-ELAN1200:00: i2c-ELAN1200:00 supply vdd not found, using dummy regulator
[   22.608782] i2c_hid i2c-ELAN1200:00: i2c-ELAN1200:00 supply vddl not found, using dummy regulator
[   22.691061] cfg80211: Loading compiled-in X.509 certificates for regulatory database
[   22.818378] input: ELAN1200:00 04F3:303E Mouse as /devices/pci0000:00/0000:00:15.1/i2c_designware.1/i2c-1/i2c-ELAN1200:00/0018:04F3:303E.0002/input/input7
[   22.818531] input: ELAN1200:00 04F3:303E Touchpad as /devices/pci0000:00/0000:00:15.1/i2c_designware.1/i2c-1/i2c-ELAN1200:00/0018:04F3:303E.0002/input/input8
[   22.818740] hid-generic 0018:04F3:303E.0002: input,hidraw1: I2C HID v1.00 Mouse [ELAN1200:00 04F3:303E] on i2c-ELAN1200:00
[   22.819669] intel-lpss 0000:00:1e.0: enabling device (0000 -> 0002)
[   22.819919] idma64 idma64.2: Found Intel integrated DMA 64-bit
[   22.820149] intel-lpss 0000:00:1e.2: enabling device (0000 -> 0002)
[   22.820345] idma64 idma64.3: Found Intel integrated DMA 64-bit
[   22.822394] cfg80211: Loaded X.509 cert 'sforshee: 00b28ddf47aef9cea7'
[   23.062869] asus_wmi: ASUS WMI generic driver loaded
[   23.132820] asus_wmi: Initialization: 0x1
[   23.132892] asus_wmi: BIOS WMI version: 9.0
[   23.132941] asus_wmi: SFUN value: 0x21
[   23.132943] asus-nb-wmi asus-nb-wmi: Detected ATK, not ASUSWMI, use DSTS
[   23.132945] asus-nb-wmi asus-nb-wmi: Detected ATK, enable event queue
[   23.134535] input: Asus WMI hotkeys as /devices/platform/asus-nb-wmi/input/input9
[   23.134702] asus_wmi: Number of fans: 0
[   23.206265] mei_me 0000:00:16.0: enabling device (0000 -> 0002)
[   23.366325] RAPL PMU: API unit is 2^-32 Joules, 4 fixed counters, 655360 ms ovfl timer
[   23.366326] RAPL PMU: hw unit of domain pp0-core 2^-14 Joules
[   23.366327] RAPL PMU: hw unit of domain package 2^-14 Joules
[   23.366328] RAPL PMU: hw unit of domain dram 2^-14 Joules
[   23.366328] RAPL PMU: hw unit of domain pp1-gpu 2^-14 Joules
[   23.525810] Intel(R) Wireless WiFi driver for Linux
[   23.525811] Copyright(c) 2003- 2015 Intel Corporation
[   23.526105] iwlwifi 0000:02:00.0: enabling device (0000 -> 0002)
[   23.607180] cryptd: max_cpu_qlen set to 1000
[   23.980729] iwlwifi 0000:02:00.0: loaded firmware version 36.9f0a2d68.0 op_mode iwlmvm
[   24.359220] AVX2 version of gcm_enc/dec engaged.
[   24.359221] AES CTR mode by8 optimization enabled
[   24.966010] MXM: GUID detected in BIOS
[   24.966075] ACPI Warning: \_SB.PCI0.GFX0._DSM: Argument #4 type mismatch - Found [Buffer], ACPI requires [Package] (20190703/nsarguments-66)
[   24.966142] ACPI Warning: \_SB.PCI0.RP01.PEGP._DSM: Argument #4 type mismatch - Found [Buffer], ACPI requires [Package] (20190703/nsarguments-66)
[   24.966444] pci 0000:01:00.0: optimus capabilities: enabled, status dynamic power, hda bios codec supported
[   24.966446] VGA switcheroo: detected Optimus DSM method \_SB_.PCI0.RP01.PEGP handle
[   24.966446] nouveau: detected PR support, will not use DSM
[   24.966473] nouveau 0000:01:00.0: enabling device (0006 -> 0007)
[   24.966597] checking generic (c0000000 1d5000) vs hw (d0000000 10000000)
[   24.966597] checking generic (c0000000 1d5000) vs hw (e0000000 2000000)
[   24.966650] nouveau 0000:01:00.0: NVIDIA GP108 (138000a1)
[   24.985474] checking generic (c0000000 1d5000) vs hw (c0000000 10000000)
[   24.985476] fb0: switching to inteldrmfb from EFI VGA
[   24.985587] Console: switching to colour dummy device 80x25
[   24.985618] i915 0000:00:02.0: vgaarb: deactivate vga console
[   24.993519] [drm] Supports vblank timestamp caching Rev 2 (21.10.2013).
[   24.993519] [drm] Driver supports precise vblank timestamp query.
[   24.996880] i915 0000:00:02.0: vgaarb: changed VGA decodes: olddecodes=io+mem,decodes=io+mem:owns=io+mem
[   25.024434] [drm] Initialized i915 1.6.0 20190619 for 0000:00:02.0 on minor 0
[   25.037376] nouveau 0000:01:00.0: bios: version 86.08.0e.00.55
[   25.038419] ACPI: Video Device [GFX0] (multi-head: yes  rom: no  post: no)
[   25.038753] input: Video Bus as /devices/LNXSYSTM:00/LNXSYBUS:00/PNP0A08:00/LNXVIDEO:00/input/input10
[   25.038839] ACPI: Video Device [PEGP] (multi-head: no  rom: yes  post: no)
[   25.038868] input: Video Bus as /devices/LNXSYSTM:00/LNXSYBUS:00/PNP0A08:00/device:24/LNXVIDEO:01/input/input11
[   25.044474] fbcon: i915drmfb (fb0) is primary device
[   25.044510] Console: switching to colour frame buffer device 240x67
[   25.044540] i915 0000:00:02.0: fb0: i915drmfb frame buffer device
[   25.098772] snd_hda_intel 0000:00:1f.3: enabling device (0000 -> 0002)
[   25.098939] snd_hda_intel 0000:00:1f.3: bound 0000:00:02.0 (ops i915_audio_component_bind_ops [i915])
[   25.761065] [drm] Finished loading DMC firmware i915/kbl_dmc_ver1_04.bin (v1.4)
[   26.109865] nouveau 0000:01:00.0: fb: 2048 MiB GDDR5
[   26.482569] iwlwifi 0000:02:00.0: Detected Intel(R) Dual Band Wireless AC 8265, REV=0x230
[   26.504313] Bluetooth: Core ver 2.22
[   26.504330] NET: Registered protocol family 31
[   26.504331] Bluetooth: HCI device and connection manager initialized
[   26.504335] Bluetooth: HCI socket layer initialized
[   26.504336] Bluetooth: L2CAP socket layer initialized
[   26.504338] Bluetooth: SCO socket layer initialized
[   26.543641] iwlwifi 0000:02:00.0: base HW address: a0:a4:c5:68:0f:d8
[   26.617095] ieee80211 phy0: Selected rate control algorithm 'iwl-mvm-rs'
[   26.617326] thermal thermal_zone8: failed to read out thermal zone (-61)
[   27.115825] snd_hda_codec_generic hdaudioC0D0: autoconfig for Generic: line_outs=1 (0x17/0x0/0x0/0x0/0x0) type:speaker
[   27.115827] snd_hda_codec_generic hdaudioC0D0:    speaker_outs=0 (0x0/0x0/0x0/0x0/0x0)
[   27.115828] snd_hda_codec_generic hdaudioC0D0:    hp_outs=1 (0x16/0x0/0x0/0x0/0x0)
[   27.115830] snd_hda_codec_generic hdaudioC0D0:    mono: mono_out=0x0
[   27.115831] snd_hda_codec_generic hdaudioC0D0:    inputs:
[   27.115832] snd_hda_codec_generic hdaudioC0D0:      Internal Mic=0x1a
[   27.115833] snd_hda_codec_generic hdaudioC0D0:      Mic=0x19
[   27.233307] input: HDA Intel PCH Mic as /devices/pci0000:00/0000:00:1f.3/sound/card0/input12
[   27.233338] input: HDA Intel PCH Headphone as /devices/pci0000:00/0000:00:1f.3/sound/card0/input13
[   27.233365] input: HDA Intel PCH HDMI/DP,pcm=3 as /devices/pci0000:00/0000:00:1f.3/sound/card0/input14
[   27.233392] input: HDA Intel PCH HDMI/DP,pcm=7 as /devices/pci0000:00/0000:00:1f.3/sound/card0/input15
[   27.233419] input: HDA Intel PCH HDMI/DP,pcm=8 as /devices/pci0000:00/0000:00:1f.3/sound/card0/input16
[   27.233443] input: HDA Intel PCH HDMI/DP,pcm=9 as /devices/pci0000:00/0000:00:1f.3/sound/card0/input17
[   27.233467] input: HDA Intel PCH HDMI/DP,pcm=10 as /devices/pci0000:00/0000:00:1f.3/sound/card0/input18
[   27.438772] usbcore: registered new interface driver btusb
[   27.439522] Bluetooth: hci0: Bootloader revision 0.0 build 26 week 38 2015
[   27.440530] Bluetooth: hci0: Device revision is 16
[   27.440531] Bluetooth: hci0: Secure boot is enabled
[   27.440531] Bluetooth: hci0: OTP lock is enabled
[   27.440531] Bluetooth: hci0: API lock is enabled
[   27.440532] Bluetooth: hci0: Debug lock is disabled
[   27.440532] Bluetooth: hci0: Minimum firmware build 1 week 10 2014
[   27.832049] mc: Linux media interface: v0.10
[   28.119878] ------------[ cut here ]------------
[   28.119880] nouveau 0000:01:00.0: timeout
[   28.119947] WARNING: CPU: 1 PID: 485 at /build/linux-hwe-MKjZIm/linux-hwe-5.3.0/drivers/gpu/drm/nouveau/nvkm/subdev/pmu/base.c:86 nvkm_pmu_reset+0x151/0x170 [nouveau]
[   28.119947] Modules linked in: mc btusb coretemp(+) snd_hda_codec_hdmi btrtl snd_hda_codec_generic ledtrig_audio btbcm btintel bluetooth iwlmvm ecdh_generic ecc mac80211 libarc4 snd_hda_intel snd_intel_dspcfg i915 nouveau(+) kvm_intel snd_hda_codec snd_hda_core kvm snd_hwdep snd_pcm irqbypass snd_seq_midi snd_seq_midi_event snd_rawmidi crct10dif_pclmul crc32_pclmul ghash_clmulni_intel aesni_intel aes_x86_64 snd_seq crypto_simd snd_seq_device cryptd snd_timer iwlwifi glue_helper snd ttm drm_kms_helper intel_cstate intel_rapl_perf drm soundcore mei_me i2c_algo_bit mei input_leds asus_nb_wmi intel_xhci_usb_role_switch wmi_bmof asus_wmi fb_sys_fops serio_raw roles sparse_keymap cfg80211 syscopyarea sysfillrect sysimgblt idma64 virt_dma acpi_pad processor_thermal_device intel_rapl_common intel_soc_dts_iosf int3403_thermal int3400_thermal int340x_thermal_zone acpi_thermal_rel intel_pch_thermal intel_lpss_pci intel_lpss asus_wireless mxm_wmi mac_hid sch_fq_codel parport_pc ppdev lp parport
[   28.119968]  ip_tables x_tables autofs4 hid_generic usbhid ahci libahci i2c_hid hid wmi video
[   28.119972] CPU: 1 PID: 485 Comm: systemd-udevd Not tainted 5.3.0-53-generic #47~18.04.1-Ubuntu
[   28.119973] Hardware name: ASUSTeK COMPUTER INC. X510UNR/X510UNR, BIOS X510UNR.309 05/14/2019
[   28.120003] RIP: 0010:nvkm_pmu_reset+0x151/0x170 [nouveau]
[   28.120004] Code: 45 b8 48 8b 40 10 48 8b 78 10 4c 8b 6f 50 4d 85 ed 74 23 e8 61 01 49 d1 4c 89 ea 48 89 c6 48 c7 c7 f9 89 b5 c0 e8 0f e2 e4 d0 <0f> 0b e9 4e ff ff ff 48 8b 1f eb aa 4c 8b 2f eb d8 e8 d9 e4 e4 d0
[   28.120005] RSP: 0000:ffffc27bc0caf698 EFLAGS: 00010282
[   28.120006] RAX: 0000000000000000 RBX: ffff9d65e38e8c00 RCX: 0000000000000006
[   28.120006] RDX: 0000000000000007 RSI: 0000000000000092 RDI: ffff9d65e6a57440
[   28.120007] RBP: ffffc27bc0caf6e0 R08: 00000000000003ba R09: 0000000000000004
[   28.120007] R10: ffffc27bc0679000 R11: 0000000000000001 R12: ffff9d65dba60300
[   28.120008] R13: ffff9d65e4bc9ea0 R14: 00000006142018a4 R15: 000000060f69ba94
[   28.120009] FS:  00007f249fd0a680(0000) GS:ffff9d65e6a40000(0000) knlGS:0000000000000000
[   28.120009] CS:  0010 DS: 0000 ES: 0000 CR0: 0000000080050033
[   28.120010] CR2: 000055f55540a000 CR3: 000000025cdd0005 CR4: 00000000003606e0
[   28.120010] Call Trace:
[   28.120038]  nvkm_pmu_init+0x1b/0x40 [nouveau]
[   28.120060]  nvkm_subdev_init+0xb3/0x1d0 [nouveau]
[   28.120090]  nvkm_device_init+0x11a/0x250 [nouveau]
[   28.120119]  nvkm_udevice_init+0x48/0x60 [nouveau]
[   28.120140]  nvkm_object_init+0x42/0x190 [nouveau]
[   28.120161]  nvkm_ioctl_new+0x1e5/0x2c0 [nouveau]
[   28.120180]  ? nvkm_client_notify+0x30/0x30 [nouveau]
[   28.120209]  ? nvkm_udevice_rd08+0x30/0x30 [nouveau]
[   28.120229]  nvkm_ioctl+0x11d/0x280 [nouveau]
[   28.120261]  nvkm_client_ioctl+0x12/0x20 [nouveau]
[   28.120280]  nvif_object_ioctl+0x47/0x50 [nouveau]
[   28.120300]  nvif_object_init+0xc8/0x120 [nouveau]
[   28.120318]  nvif_device_init+0x12/0x50 [nouveau]
[   28.120350]  nouveau_cli_init+0x194/0x590 [nouveau]
[   28.120352]  ? _cond_resched+0x19/0x40
[   28.120380]  nouveau_drm_device_init+0x67/0x7e0 [nouveau]
[   28.120382]  ? pci_read_config_word+0x23/0x40
[   28.120384]  ? pci_enable_device_flags+0x108/0x130
[   28.120410]  nouveau_drm_probe+0x215/0x2e0 [nouveau]
[   28.120412]  local_pci_probe+0x47/0xa0
[   28.120413]  pci_device_probe+0x10b/0x1b0
[   28.120415]  really_probe+0xf5/0x3e0
[   28.120416]  driver_probe_device+0x11b/0x130
[   28.120417]  device_driver_attach+0x58/0x60
[   28.120418]  __driver_attach+0xa3/0x140
[   28.120419]  ? device_driver_attach+0x60/0x60
[   28.120419]  ? device_driver_attach+0x60/0x60
[   28.120421]  bus_for_each_dev+0x74/0xb0
[   28.120423]  ? kmem_cache_alloc_trace+0x208/0x220
[   28.120424]  driver_attach+0x1e/0x20
[   28.120425]  bus_add_driver+0x147/0x220
[   28.120425]  ? 0xffffffffc0bbc000
[   28.120426]  driver_register+0x60/0x100
[   28.120427]  ? 0xffffffffc0bbc000
[   28.120428]  __pci_register_driver+0x5a/0x60
[   28.120449]  nouveau_drm_init+0x18d/0x1000 [nouveau]
[   28.120451]  do_one_initcall+0x4a/0x1fa
[   28.120452]  ? kfree+0x201/0x220
[   28.120453]  ? _cond_resched+0x19/0x40
[   28.120453]  ? kmem_cache_alloc_trace+0x208/0x220
[   28.120456]  do_init_module+0x5f/0x227
[   28.120457]  load_module+0x1aa4/0x2140
[   28.120460]  __do_sys_finit_module+0xfc/0x120
[   28.120461]  ? __do_sys_finit_module+0xfc/0x120
[   28.120463]  __x64_sys_finit_module+0x1a/0x20
[   28.120464]  do_syscall_64+0x5a/0x130
[   28.120466]  entry_SYSCALL_64_after_hwframe+0x44/0xa9
[   28.120467] RIP: 0033:0x7f249f82b839
[   28.120468] Code: 00 f3 c3 66 2e 0f 1f 84 00 00 00 00 00 0f 1f 40 00 48 89 f8 48 89 f7 48 89 d6 48 89 ca 4d 89 c2 4d 89 c8 4c 8b 4c 24 08 0f 05 <48> 3d 01 f0 ff ff 73 01 c3 48 8b 0d 1f f6 2c 00 f7 d8 64 89 01 48
[   28.120469] RSP: 002b:00007ffebae26468 EFLAGS: 00000246 ORIG_RAX: 0000000000000139
[   28.120470] RAX: ffffffffffffffda RBX: 000055a1fddbe960 RCX: 00007f249f82b839
[   28.120470] RDX: 0000000000000000 RSI: 00007f249f50a105 RDI: 0000000000000013
[   28.120470] RBP: 00007f249f50a105 R08: 0000000000000000 R09: 00007ffebae26580
[   28.120471] R10: 0000000000000013 R11: 0000000000000246 R12: 0000000000000000
[   28.120471] R13: 000055a1fddbd700 R14: 0000000000020000 R15: 000055a1fddbe960
[   28.120473] ---[ end trace 86b6744940920ad5 ]---
[   28.244799] videodev: Linux video capture interface: v2.00
[   28.596588] Bluetooth: hci0: Found device firmware: intel/ibt-12-16.sfi
[   29.401793] vga_switcheroo: enabled
[   29.401956] [TTM] Zone  kernel: Available graphics memory: 4017934 KiB
[   29.401957] [TTM] Zone   dma32: Available graphics memory: 2097152 KiB
[   29.401957] [TTM] Initializing pool allocator
[   29.401960] [TTM] Initializing DMA pool allocator
[   29.401971] nouveau 0000:01:00.0: DRM: VRAM: 2048 MiB
[   29.401972] nouveau 0000:01:00.0: DRM: GART: 536870912 MiB
[   29.401973] nouveau 0000:01:00.0: DRM: BIT table 'A' not found
[   29.401974] nouveau 0000:01:00.0: DRM: BIT table 'L' not found
[   29.401975] nouveau 0000:01:00.0: DRM: Pointer to TMDS table invalid
[   29.401976] nouveau 0000:01:00.0: DRM: DCB version 4.1
[   29.402464] nouveau 0000:01:00.0: DRM: MM: using COPY for buffer copies
[   29.402597] [drm] Initialized nouveau 1.3.1 20120801 for 0000:01:00.0 on minor 1
[   29.448697] input: ELAN1200:00 04F3:303E Touchpad as /devices/pci0000:00/0000:00:15.1/i2c_designware.1/i2c-1/i2c-ELAN1200:00/0018:04F3:303E.0002/input/input20
[   29.448758] hid-multitouch 0018:04F3:303E.0002: input,hidraw1: I2C HID v1.00 Mouse [ELAN1200:00 04F3:303E] on i2c-ELAN1200:00
[   29.451284] intel_rapl_common: Found RAPL domain package
[   29.451285] intel_rapl_common: Found RAPL domain core
[   29.451286] intel_rapl_common: Found RAPL domain uncore
[   29.451287] intel_rapl_common: Found RAPL domain dram
[   29.960170] Bluetooth: hci0: Waiting for firmware download to complete
[   29.960510] Bluetooth: hci0: Firmware loaded in 2462649 usecs
[   29.960530] Bluetooth: hci0: Waiting for device to boot
[   29.972791] Bluetooth: hci0: Device booted in 11980 usecs
[   30.522932] dw-apb-uart.2: ttyS4 at MMIO 0xef234000 (irq = 20, base_baud = 115200) is a 16550A
[   30.540873] mei_hdcp 0000:00:16.0-b638ab7e-94e2-4ea2-a552-d1c54b627f04: bound 0000:00:02.0 (ops i915_hdcp_component_ops [i915])
[   30.639034] Bluetooth: hci0: Found Intel DDC parameters: intel/ibt-12-16.ddc
[   30.641688] Bluetooth: hci0: Applying Intel DDC parameters completed
[   30.648582] iwlwifi 0000:02:00.0 wlp2s0: renamed from wlan0
[   31.679879] uvcvideo: Found UVC 1.00 device USB2.0 VGA UVC WebCam (13d3:5a07)
[   31.682897] uvcvideo 1-6:1.0: Entity type for entity Extension 4 was not initialized!
[   31.682898] uvcvideo 1-6:1.0: Entity type for entity Processing 2 was not initialized!
[   31.682898] uvcvideo 1-6:1.0: Entity type for entity Camera 1 was not initialized!
[   31.682939] input: USB2.0 VGA UVC WebCam: USB2.0 V as /devices/pci0000:00/0000:00:14.0/usb1/1-6/1-6:1.0/input/input21
[   31.682976] usbcore: registered new interface driver uvcvideo
[   31.682977] USB Video Class driver (1.1.1)
[   37.487252] nouveau 0000:01:00.0: Enabling HDA controller
[   39.580455] ------------[ cut here ]------------
[   39.580456] nouveau 0000:01:00.0: timeout
[   39.580526] WARNING: CPU: 7 PID: 494 at /build/linux-hwe-MKjZIm/linux-hwe-5.3.0/drivers/gpu/drm/nouveau/nvkm/subdev/pmu/base.c:86 nvkm_pmu_reset+0x151/0x170 [nouveau]
[   39.580526] Modules linked in: uvcvideo spi_pxa2xx_platform mei_hdcp 8250_dw v4l2_common dw_dmac dw_dmac_core joydev videobuf2_vmalloc intel_rapl_msr hid_multitouch x86_pkg_temp_thermal videobuf2_memops videobuf2_v4l2 intel_powerclamp videobuf2_common videodev mc btusb coretemp snd_hda_codec_hdmi btrtl snd_hda_codec_generic ledtrig_audio btbcm btintel bluetooth iwlmvm ecdh_generic ecc mac80211 libarc4 snd_hda_intel snd_intel_dspcfg i915 nouveau kvm_intel snd_hda_codec snd_hda_core kvm snd_hwdep snd_pcm irqbypass snd_seq_midi snd_seq_midi_event snd_rawmidi crct10dif_pclmul crc32_pclmul ghash_clmulni_intel aesni_intel aes_x86_64 snd_seq crypto_simd snd_seq_device cryptd snd_timer iwlwifi glue_helper snd ttm drm_kms_helper intel_cstate intel_rapl_perf drm soundcore mei_me i2c_algo_bit mei input_leds asus_nb_wmi intel_xhci_usb_role_switch wmi_bmof asus_wmi fb_sys_fops serio_raw roles sparse_keymap cfg80211 syscopyarea sysfillrect sysimgblt idma64 virt_dma acpi_pad processor_thermal_device
[   39.580548]  intel_rapl_common intel_soc_dts_iosf int3403_thermal int3400_thermal int340x_thermal_zone acpi_thermal_rel intel_pch_thermal intel_lpss_pci intel_lpss asus_wireless mxm_wmi mac_hid sch_fq_codel parport_pc ppdev lp parport ip_tables x_tables autofs4 hid_generic usbhid ahci libahci i2c_hid hid wmi video
[   39.580557] CPU: 7 PID: 494 Comm: plymouthd Tainted: G        W         5.3.0-53-generic #47~18.04.1-Ubuntu
[   39.580558] Hardware name: ASUSTeK COMPUTER INC. X510UNR/X510UNR, BIOS X510UNR.309 05/14/2019
[   39.580583] RIP: 0010:nvkm_pmu_reset+0x151/0x170 [nouveau]
[   39.580585] Code: 45 b8 48 8b 40 10 48 8b 78 10 4c 8b 6f 50 4d 85 ed 74 23 e8 61 01 49 d1 4c 89 ea 48 89 c6 48 c7 c7 f9 89 b5 c0 e8 0f e2 e4 d0 <0f> 0b e9 4e ff ff ff 48 8b 1f eb aa 4c 8b 2f eb d8 e8 d9 e4 e4 d0
[   39.580585] RSP: 0018:ffffc27bc05a37a0 EFLAGS: 00010286
[   39.580586] RAX: 0000000000000000 RBX: ffff9d65e38e8c00 RCX: 0000000000000006
[   39.580587] RDX: 0000000000000007 RSI: 0000000000000082 RDI: ffff9d65e6bd7440
[   39.580587] RBP: ffffc27bc05a37e8 R08: 000000000000042b R09: 0000000000000004
[   39.580588] R10: ffffc27bc05a3788 R11: 0000000000000001 R12: ffff9d65dba60300
[   39.580588] R13: ffff9d65e4bc9ea0 R14: 00000008befded2e R15: 00000008ba47954c
[   39.580589] FS:  00007f760f4f5740(0000) GS:ffff9d65e6bc0000(0000) knlGS:0000000000000000
[   39.580590] CS:  0010 DS: 0000 ES: 0000 CR0: 0000000080050033
[   39.580590] CR2: 00007f3a6f9643ec CR3: 0000000262d10003 CR4: 00000000003606e0
[   39.580591] Call Trace:
[   39.580615]  nvkm_pmu_init+0x1b/0x40 [nouveau]
[   39.580631]  nvkm_subdev_init+0xb3/0x1d0 [nouveau]
[   39.580656]  nvkm_device_init+0x11a/0x250 [nouveau]
[   39.580680]  nvkm_udevice_init+0x48/0x60 [nouveau]
[   39.580695]  nvkm_object_init+0x42/0x190 [nouveau]
[   39.580710]  nvkm_object_init+0xa9/0x190 [nouveau]
[   39.580725]  nvkm_object_init+0xa9/0x190 [nouveau]
[   39.580751]  nvkm_client_resume+0xe/0x10 [nouveau]
[   39.580765]  nvif_client_resume+0x1d/0x20 [nouveau]
[   39.580790]  nouveau_do_resume+0x2f/0x1a0 [nouveau]
[   39.580814]  nouveau_pmops_runtime_resume+0x86/0x180 [nouveau]
[   39.580817]  ? pci_restore_standard_config+0x50/0x50
[   39.580818]  pci_pm_runtime_resume+0x73/0xd0
[   39.580820]  __rpm_callback+0x9b/0x150
[   39.580821]  ? pci_restore_standard_config+0x50/0x50
[   39.580822]  rpm_callback+0x24/0x80
[   39.580823]  ? pci_restore_standard_config+0x50/0x50
[   39.580825]  rpm_resume+0x502/0x780
[   39.580866]  ? intel_atomic_commit_tail+0x7fb/0x1390 [i915]
[   39.580868]  __pm_runtime_resume+0x4e/0x80
[   39.580892]  nouveau_drm_open+0x3d/0x180 [nouveau]
[   39.580894]  ? security_capable+0x3f/0x60
[   39.580911]  drm_file_alloc+0x16c/0x280 [drm]
[   39.580917]  drm_open+0xa1/0x180 [drm]
[   39.580924]  drm_stub_open+0xba/0x100 [drm]
[   39.580926]  chrdev_open+0xc4/0x1b0
[   39.580928]  ? cdev_put.part.2+0x20/0x20
[   39.580929]  do_dentry_open+0x1f8/0x3a0
[   39.580931]  vfs_open+0x2f/0x40
[   39.580932]  path_openat+0x2fb/0x1700
[   39.580934]  do_filp_open+0x9b/0x110
[   39.580935]  ? __check_object_size+0xdb/0x1b0
[   39.580937]  ? __alloc_fd+0x46/0x170
[   39.580938]  do_sys_open+0x1ba/0x2e0
[   39.580939]  ? do_sys_open+0x1ba/0x2e0
[   39.580941]  ? __do_page_fault+0x2be/0x4d0
[   39.580943]  __x64_sys_openat+0x20/0x30
[   39.580945]  do_syscall_64+0x5a/0x130
[   39.580947]  entry_SYSCALL_64_after_hwframe+0x44/0xa9
[   39.580948] RIP: 0033:0x7f760ebdec8e
[   39.580949] Code: 25 00 00 41 00 3d 00 00 41 00 74 48 48 8d 05 81 0c 2e 00 8b 00 85 c0 75 69 89 f2 b8 01 01 00 00 48 89 fe bf 9c ff ff ff 0f 05 <48> 3d 00 f0 ff ff 0f 87 a6 00 00 00 48 8b 4c 24 28 64 48 33 0c 25
[   39.580949] RSP: 002b:00007ffe447d31c0 EFLAGS: 00000246 ORIG_RAX: 0000000000000101
[   39.580950] RAX: ffffffffffffffda RBX: 0000561d6756b750 RCX: 00007f760ebdec8e
[   39.580951] RDX: 0000000000000002 RSI: 0000561d6756b0c0 RDI: 00000000ffffff9c
[   39.580951] RBP: 00007f760f4f56c0 R08: 0000561d67560400 R09: 00007f760eebac40
[   39.580952] R10: 0000000000000000 R11: 0000000000000246 R12: 0000000000000000
[   39.580952] R13: 0000000000000000 R14: 00007f760eed31e0 R15: 00007f760eed3130
[   39.580953] ---[ end trace 86b6744940920ad6 ]---
[   40.918629] Adding 3999740k swap on /dev/sda3.  Priority:-2 extents:1 across:3999740k FS
[   42.927308] audit: type=1400 audit(1591465231.792:2): apparmor="STATUS" operation="profile_load" profile="unconfined" name="libreoffice-xpdfimport" pid=995 comm="apparmor_parser"
[   42.927776] audit: type=1400 audit(1591465231.792:3): apparmor="STATUS" operation="profile_load" profile="unconfined" name="libreoffice-oopslash" pid=992 comm="apparmor_parser"
[   42.928482] audit: type=1400 audit(1591465231.792:4): apparmor="STATUS" operation="profile_load" profile="unconfined" name="/usr/bin/man" pid=991 comm="apparmor_parser"
[   42.928484] audit: type=1400 audit(1591465231.792:5): apparmor="STATUS" operation="profile_load" profile="unconfined" name="man_filter" pid=991 comm="apparmor_parser"
[   42.928486] audit: type=1400 audit(1591465231.792:6): apparmor="STATUS" operation="profile_load" profile="unconfined" name="man_groff" pid=991 comm="apparmor_parser"
[   42.930970] audit: type=1400 audit(1591465231.796:7): apparmor="STATUS" operation="profile_load" profile="unconfined" name="/usr/sbin/cups-browsed" pid=998 comm="apparmor_parser"
[   42.931193] audit: type=1400 audit(1591465231.796:8): apparmor="STATUS" operation="profile_load" profile="unconfined" name="virt-aa-helper" pid=996 comm="apparmor_parser"
[   42.936189] audit: type=1400 audit(1591465231.800:9): apparmor="STATUS" operation="profile_load" profile="unconfined" name="libreoffice-senddoc" pid=993 comm="apparmor_parser"
[   42.952524] audit: type=1400 audit(1591465231.816:10): apparmor="STATUS" operation="profile_load" profile="unconfined" name="/usr/sbin/ippusbxd" pid=1000 comm="apparmor_parser"
[   42.959713] audit: type=1400 audit(1591465231.828:11): apparmor="STATUS" operation="profile_load" profile="unconfined" name="/sbin/dhclient" pid=988 comm="apparmor_parser"
[   50.835496] Bluetooth: BNEP (Ethernet Emulation) ver 1.3
[   50.835497] Bluetooth: BNEP filters: protocol multicast
[   50.835501] Bluetooth: BNEP socket layer initialized
[   53.602995] nouveau 0000:01:00.0: Enabling HDA controller
[   53.808520] vboxdrv: loading out-of-tree module taints kernel.
[   53.808656] vboxdrv: module verification failed: signature and/or required key missing - tainting kernel
[   53.815184] vboxdrv: Found 8 processor cores
[   53.835001] vboxdrv: TSC mode is Invariant, tentative frequency 1799998240 Hz
[   53.835002] vboxdrv: Successfully loaded version 6.0.22 (interface 0x00290008)
[   54.152206] VBoxNetFlt: Successfully started.
[   55.052371] VBoxNetAdp: Successfully started.
[   55.696284] ------------[ cut here ]------------
[   55.696285] nouveau 0000:01:00.0: timeout
[   55.696354] WARNING: CPU: 7 PID: 1175 at /build/linux-hwe-MKjZIm/linux-hwe-5.3.0/drivers/gpu/drm/nouveau/nvkm/subdev/pmu/base.c:86 nvkm_pmu_reset+0x151/0x170 [nouveau]
[   55.696355] Modules linked in: vboxnetadp(OE) vboxnetflt(OE) vboxdrv(OE) cmac bnep binfmt_misc nls_iso8859_1 uvcvideo spi_pxa2xx_platform mei_hdcp 8250_dw v4l2_common dw_dmac dw_dmac_core joydev videobuf2_vmalloc intel_rapl_msr hid_multitouch x86_pkg_temp_thermal videobuf2_memops videobuf2_v4l2 intel_powerclamp videobuf2_common videodev mc btusb coretemp snd_hda_codec_hdmi btrtl snd_hda_codec_generic ledtrig_audio btbcm btintel bluetooth iwlmvm ecdh_generic ecc mac80211 libarc4 snd_hda_intel snd_intel_dspcfg i915 nouveau kvm_intel snd_hda_codec snd_hda_core kvm snd_hwdep snd_pcm irqbypass snd_seq_midi snd_seq_midi_event snd_rawmidi crct10dif_pclmul crc32_pclmul ghash_clmulni_intel aesni_intel aes_x86_64 snd_seq crypto_simd snd_seq_device cryptd snd_timer iwlwifi glue_helper snd ttm drm_kms_helper intel_cstate intel_rapl_perf drm soundcore mei_me i2c_algo_bit mei input_leds asus_nb_wmi intel_xhci_usb_role_switch wmi_bmof asus_wmi fb_sys_fops serio_raw roles sparse_keymap cfg80211
[   55.696376]  syscopyarea sysfillrect sysimgblt idma64 virt_dma acpi_pad processor_thermal_device intel_rapl_common intel_soc_dts_iosf int3403_thermal int3400_thermal int340x_thermal_zone acpi_thermal_rel intel_pch_thermal intel_lpss_pci intel_lpss asus_wireless mxm_wmi mac_hid sch_fq_codel parport_pc ppdev lp parport ip_tables x_tables autofs4 hid_generic usbhid ahci libahci i2c_hid hid wmi video
[   55.696387] CPU: 7 PID: 1175 Comm: gpu-manager Tainted: G        W  OE     5.3.0-53-generic #47~18.04.1-Ubuntu
[   55.696388] Hardware name: ASUSTeK COMPUTER INC. X510UNR/X510UNR, BIOS X510UNR.309 05/14/2019
[   55.696413] RIP: 0010:nvkm_pmu_reset+0x151/0x170 [nouveau]
[   55.696414] Code: 45 b8 48 8b 40 10 48 8b 78 10 4c 8b 6f 50 4d 85 ed 74 23 e8 61 01 49 d1 4c 89 ea 48 89 c6 48 c7 c7 f9 89 b5 c0 e8 0f e2 e4 d0 <0f> 0b e9 4e ff ff ff 48 8b 1f eb aa 4c 8b 2f eb d8 e8 d9 e4 e4 d0
[   55.696415] RSP: 0018:ffffc27bc0daf7a0 EFLAGS: 00010286
[   55.696416] RAX: 0000000000000000 RBX: ffff9d65e38e8c00 RCX: 0000000000000006
[   55.696416] RDX: 0000000000000007 RSI: 0000000000000082 RDI: ffff9d65e6bd7440
[   55.696417] RBP: ffffc27bc0daf7e8 R08: 0000000000000484 R09: 0000000000000004
[   55.696417] R10: ffffc27bc0daf788 R11: 0000000000000001 R12: ffff9d65dba60300
[   55.696418] R13: ffff9d65e4bc9ea0 R14: 0000000c7f90a17c R15: 0000000c7ada4c96
[   55.696419] FS:  00007feb2addd600(0000) GS:ffff9d65e6bc0000(0000) knlGS:0000000000000000
[   55.696419] CS:  0010 DS: 0000 ES: 0000 CR0: 0000000080050033
[   55.696420] CR2: 00007f01ac00a548 CR3: 000000024b19a004 CR4: 00000000003606e0
[   55.696420] Call Trace:
[   55.696446]  nvkm_pmu_init+0x1b/0x40 [nouveau]
[   55.696462]  nvkm_subdev_init+0xb3/0x1d0 [nouveau]
[   55.696486]  nvkm_device_init+0x11a/0x250 [nouveau]
[   55.696511]  nvkm_udevice_init+0x48/0x60 [nouveau]
[   55.696526]  nvkm_object_init+0x42/0x190 [nouveau]
[   55.696541]  nvkm_object_init+0xa9/0x190 [nouveau]
[   55.696556]  nvkm_object_init+0xa9/0x190 [nouveau]
[   55.696581]  nvkm_client_resume+0xe/0x10 [nouveau]
[   55.696596]  nvif_client_resume+0x1d/0x20 [nouveau]
[   55.696620]  nouveau_do_resume+0x2f/0x1a0 [nouveau]
[   55.696644]  nouveau_pmops_runtime_resume+0x86/0x180 [nouveau]
[   55.696647]  ? pci_restore_standard_config+0x50/0x50
[   55.696648]  pci_pm_runtime_resume+0x73/0xd0
[   55.696650]  __rpm_callback+0x9b/0x150
[   55.696651]  ? pci_restore_standard_config+0x50/0x50
[   55.696652]  rpm_callback+0x24/0x80
[   55.696653]  ? pci_restore_standard_config+0x50/0x50
[   55.696654]  rpm_resume+0x502/0x780
[   55.696656]  ? find_get_entry+0x58/0x160
[   55.696657]  __pm_runtime_resume+0x4e/0x80
[   55.696681]  nouveau_drm_open+0x3d/0x180 [nouveau]
[   55.696682]  ? security_capable+0x3f/0x60
[   55.696699]  drm_file_alloc+0x16c/0x280 [drm]
[   55.696705]  drm_open+0xa1/0x180 [drm]
[   55.696712]  drm_stub_open+0xba/0x100 [drm]
[   55.696714]  chrdev_open+0xc4/0x1b0
[   55.696716]  ? cdev_put.part.2+0x20/0x20
[   55.696717]  do_dentry_open+0x1f8/0x3a0
[   55.696719]  vfs_open+0x2f/0x40
[   55.696720]  path_openat+0x2fb/0x1700
[   55.696722]  ? clear_nlink+0x30/0x30
[   55.696723]  do_filp_open+0x9b/0x110
[   55.696725]  ? __check_object_size+0xdb/0x1b0
[   55.696726]  ? __alloc_fd+0x46/0x170
[   55.696727]  do_sys_open+0x1ba/0x2e0
[   55.696728]  ? do_sys_open+0x1ba/0x2e0
[   55.696729]  ? __x64_sys_getdents+0x10a/0x140
[   55.696730]  ? fillonedir+0x120/0x120
[   55.696731]  __x64_sys_openat+0x20/0x30
[   55.696733]  do_syscall_64+0x5a/0x130
[   55.696736]  entry_SYSCALL_64_after_hwframe+0x44/0xa9
[   55.696737] RIP: 0033:0x7feb2a2bfc8e
[   55.696738] Code: 25 00 00 41 00 3d 00 00 41 00 74 48 48 8d 05 81 0c 2e 00 8b 00 85 c0 75 69 89 f2 b8 01 01 00 00 48 89 fe bf 9c ff ff ff 0f 05 <48> 3d 00 f0 ff ff 0f 87 a6 00 00 00 48 8b 4c 24 28 64 48 33 0c 25
[   55.696739] RSP: 002b:00007ffe9366deb0 EFLAGS: 00000246 ORIG_RAX: 0000000000000101
[   55.696740] RAX: ffffffffffffffda RBX: 0000562ef86182e0 RCX: 00007feb2a2bfc8e
[   55.696740] RDX: 0000000000000002 RSI: 00007ffe9366df70 RDI: 00000000ffffff9c
[   55.696741] RBP: 00007ffe9366dfa0 R08: 0000562ef8618ac3 R09: 0000000000000005
[   55.696741] R10: 0000000000000000 R11: 0000000000000246 R12: 0000562ef6449ea0
[   55.696741] R13: 00007ffe9366e220 R14: 0000000000000000 R15: 0000000000000000
[   55.696743] ---[ end trace 86b6744940920ad7 ]---
[   69.164241] wlp2s0: authenticate with 74:da:88:9e:6c:0c
[   69.176777] wlp2s0: send auth to 74:da:88:9e:6c:0c (try 1/3)
[   69.183411] wlp2s0: authenticated
[   69.186776] wlp2s0: associate with 74:da:88:9e:6c:0c (try 1/3)
[   69.197438] wlp2s0: RX AssocResp from 74:da:88:9e:6c:0c (capab=0x411 status=0 aid=2)
[   69.200242] wlp2s0: associated
[   69.388250] IPv6: ADDRCONF(NETDEV_CHANGE): wlp2s0: link becomes ready
[   70.380923] bpfilter: Loaded bpfilter_umh pid 1426
[   70.381111] Started bpfilter
[   70.381113] testing the buffer
[   70.381118] testing the buffer
[   70.381293] testing the buffer
[   70.383396] testing the buffer
[   70.591257] nouveau 0000:01:00.0: Enabling HDA controller
[   72.684682] ------------[ cut here ]------------
[   72.684684] nouveau 0000:01:00.0: timeout
[   72.684747] WARNING: CPU: 4 PID: 165 at /build/linux-hwe-MKjZIm/linux-hwe-5.3.0/drivers/gpu/drm/nouveau/nvkm/subdev/pmu/base.c:86 nvkm_pmu_reset+0x151/0x170 [nouveau]
[   72.684747] Modules linked in: ebtable_filter ebtables ip6table_filter ip6_tables iptable_filter bpfilter ccm vboxnetadp(OE) vboxnetflt(OE) vboxdrv(OE) cmac bnep binfmt_misc nls_iso8859_1 uvcvideo spi_pxa2xx_platform mei_hdcp 8250_dw v4l2_common dw_dmac dw_dmac_core joydev videobuf2_vmalloc intel_rapl_msr hid_multitouch x86_pkg_temp_thermal videobuf2_memops videobuf2_v4l2 intel_powerclamp videobuf2_common videodev mc btusb coretemp snd_hda_codec_hdmi btrtl snd_hda_codec_generic ledtrig_audio btbcm btintel bluetooth iwlmvm ecdh_generic ecc mac80211 libarc4 snd_hda_intel snd_intel_dspcfg i915 nouveau kvm_intel snd_hda_codec snd_hda_core kvm snd_hwdep snd_pcm irqbypass snd_seq_midi snd_seq_midi_event snd_rawmidi crct10dif_pclmul crc32_pclmul ghash_clmulni_intel aesni_intel aes_x86_64 snd_seq crypto_simd snd_seq_device cryptd snd_timer iwlwifi glue_helper snd ttm drm_kms_helper intel_cstate intel_rapl_perf drm soundcore mei_me i2c_algo_bit mei input_leds asus_nb_wmi intel_xhci_usb_role_switch
[   72.684766]  wmi_bmof asus_wmi fb_sys_fops serio_raw roles sparse_keymap cfg80211 syscopyarea sysfillrect sysimgblt idma64 virt_dma acpi_pad processor_thermal_device intel_rapl_common intel_soc_dts_iosf int3403_thermal int3400_thermal int340x_thermal_zone acpi_thermal_rel intel_pch_thermal intel_lpss_pci intel_lpss asus_wireless mxm_wmi mac_hid sch_fq_codel parport_pc ppdev lp parport ip_tables x_tables autofs4 hid_generic usbhid ahci libahci i2c_hid hid wmi video
[   72.684777] CPU: 4 PID: 165 Comm: kworker/4:1 Tainted: G        W  OE     5.3.0-53-generic #47~18.04.1-Ubuntu
[   72.684778] Hardware name: ASUSTeK COMPUTER INC. X510UNR/X510UNR, BIOS X510UNR.309 05/14/2019
[   72.684782] Workqueue: pm pm_runtime_work
[   72.684808] RIP: 0010:nvkm_pmu_reset+0x151/0x170 [nouveau]
[   72.684809] Code: 45 b8 48 8b 40 10 48 8b 78 10 4c 8b 6f 50 4d 85 ed 74 23 e8 61 01 49 d1 4c 89 ea 48 89 c6 48 c7 c7 f9 89 b5 c0 e8 0f e2 e4 d0 <0f> 0b e9 4e ff ff ff 48 8b 1f eb aa 4c 8b 2f eb d8 e8 d9 e4 e4 d0
[   72.684810] RSP: 0018:ffffc27bc042fb40 EFLAGS: 00010286
[   72.684811] RAX: 0000000000000000 RBX: ffff9d65e38e8c00 RCX: 0000000000000006
[   72.684811] RDX: 0000000000000007 RSI: 0000000000000082 RDI: ffff9d65e6b17440
[   72.684812] RBP: ffffc27bc042fb88 R08: 00000000000004d7 R09: 0000000000000004
[   72.684812] R10: ffffc27bc042fb28 R11: 0000000000000001 R12: ffff9d65dba60300
[   72.684813] R13: ffff9d65e4bc9ea0 R14: 000000107425fe1a R15: 000000106f6edbce
[   72.684813] FS:  0000000000000000(0000) GS:ffff9d65e6b00000(0000) knlGS:0000000000000000
[   72.684814] CS:  0010 DS: 0000 ES: 0000 CR0: 0000000080050033
[   72.684814] CR2: 00007f3018006c00 CR3: 0000000152a0a005 CR4: 00000000003606e0
[   72.684815] Call Trace:
[   72.684841]  nvkm_pmu_init+0x1b/0x40 [nouveau]
[   72.684880]  nvkm_subdev_init+0xb3/0x1d0 [nouveau]
[   72.684931]  nvkm_device_init+0x11a/0x250 [nouveau]
[   72.684981]  nvkm_udevice_init+0x48/0x60 [nouveau]
[   72.685019]  nvkm_object_init+0x42/0x190 [nouveau]
[   72.685056]  nvkm_object_init+0xa9/0x190 [nouveau]
[   72.685093]  nvkm_object_init+0xa9/0x190 [nouveau]
[   72.685146]  nvkm_client_resume+0xe/0x10 [nouveau]
[   72.685182]  nvif_client_resume+0x1d/0x20 [nouveau]
[   72.685234]  nouveau_do_resume+0x2f/0x1a0 [nouveau]
[   72.685285]  nouveau_pmops_runtime_resume+0x86/0x180 [nouveau]
[   72.685290]  ? pci_restore_standard_config+0x50/0x50
[   72.685292]  pci_pm_runtime_resume+0x73/0xd0
[   72.685295]  __rpm_callback+0x9b/0x150
[   72.685297]  ? pci_restore_standard_config+0x50/0x50
[   72.685299]  rpm_callback+0x24/0x80
[   72.685301]  ? pci_restore_standard_config+0x50/0x50
[   72.685304]  rpm_resume+0x502/0x780
[   72.685307]  ? __switch_to+0x85/0x480
[   72.685311]  ? __switch_to_asm+0x40/0x70
[   72.685313]  ? __switch_to_asm+0x34/0x70
[   72.685316]  pm_runtime_work+0x58/0xa0
[   72.685319]  process_one_work+0x1fd/0x3f0
[   72.685322]  worker_thread+0x34/0x410
[   72.685325]  kthread+0x121/0x140
[   72.685327]  ? process_one_work+0x3f0/0x3f0
[   72.685329]  ? kthread_park+0xb0/0xb0
[   72.685331]  ret_from_fork+0x35/0x40
[   72.685334] ---[ end trace 86b6744940920ad8 ]---
[   72.889911] bridge: filtering via arp/ip/ip6tables is no longer available by default. Update your scripts to load br_netfilter if you need this.
[   72.892497] virbr0: port 1(virbr0-nic) entered blocking state
[   72.892504] virbr0: port 1(virbr0-nic) entered disabled state
[   72.892701] device virbr0-nic entered promiscuous mode
[   72.916908] testing the buffer
[   72.916956] testing the buffer
[   72.917036] testing the buffer
[   72.922915] testing the buffer
[   72.938402] testing the buffer
[   72.946538] /dev/vmmon[1563]: Module vmmon: registered with major=10 minor=165
[   72.946541] /dev/vmmon[1563]: Using tsc_khz as TSC frequency: 1799999
[   72.946542] /dev/vmmon[1563]: Module vmmon: initialized
[   72.961183] Guest personality initialized and is inactive
[   72.961226] VMCI host device registered (name=vmci, major=10, minor=51)
[   72.961227] Initialized host personality
[   73.053450] virbr0: port 1(virbr0-nic) entered blocking state
[   73.053454] virbr0: port 1(virbr0-nic) entered listening state
[   73.064305] NET: Registered protocol family 40
[   73.261740] virbr0: port 1(virbr0-nic) entered disabled state
[   75.824070] userif-3: sent link down event.
[   75.824074] userif-3: sent link up event.
[   83.083722] nouveau 0000:01:00.0: Enabling HDA controller
[   85.177010] ------------[ cut here ]------------
[   85.177012] nouveau 0000:01:00.0: timeout
[   85.177078] WARNING: CPU: 1 PID: 19 at /build/linux-hwe-MKjZIm/linux-hwe-5.3.0/drivers/gpu/drm/nouveau/nvkm/subdev/pmu/base.c:86 nvkm_pmu_reset+0x151/0x170 [nouveau]
[   85.177078] Modules linked in: vmnet(OE) vmw_vsock_vmci_transport vsock xt_CHECKSUM iptable_mangle xt_MASQUERADE iptable_nat nf_nat xt_conntrack nf_conntrack nf_defrag_ipv6 nf_defrag_ipv4 libcrc32c ipt_REJECT nf_reject_ipv4 vmw_vmci vmmon(OE) xt_tcpudp bridge stp llc ebtable_filter ebtables ip6table_filter ip6_tables iptable_filter bpfilter ccm vboxnetadp(OE) vboxnetflt(OE) vboxdrv(OE) cmac bnep binfmt_misc nls_iso8859_1 uvcvideo spi_pxa2xx_platform mei_hdcp 8250_dw v4l2_common dw_dmac dw_dmac_core joydev videobuf2_vmalloc intel_rapl_msr hid_multitouch x86_pkg_temp_thermal videobuf2_memops videobuf2_v4l2 intel_powerclamp videobuf2_common videodev mc btusb coretemp snd_hda_codec_hdmi btrtl snd_hda_codec_generic ledtrig_audio btbcm btintel bluetooth iwlmvm ecdh_generic ecc mac80211 libarc4 snd_hda_intel snd_intel_dspcfg i915 nouveau kvm_intel snd_hda_codec snd_hda_core kvm snd_hwdep snd_pcm irqbypass snd_seq_midi snd_seq_midi_event snd_rawmidi crct10dif_pclmul crc32_pclmul
[   85.177096]  ghash_clmulni_intel aesni_intel aes_x86_64 snd_seq crypto_simd snd_seq_device cryptd snd_timer iwlwifi glue_helper snd ttm drm_kms_helper intel_cstate intel_rapl_perf drm soundcore mei_me i2c_algo_bit mei input_leds asus_nb_wmi intel_xhci_usb_role_switch wmi_bmof asus_wmi fb_sys_fops serio_raw roles sparse_keymap cfg80211 syscopyarea sysfillrect sysimgblt idma64 virt_dma acpi_pad processor_thermal_device intel_rapl_common intel_soc_dts_iosf int3403_thermal int3400_thermal int340x_thermal_zone acpi_thermal_rel intel_pch_thermal intel_lpss_pci intel_lpss asus_wireless mxm_wmi mac_hid sch_fq_codel parport_pc ppdev lp parport ip_tables x_tables autofs4 hid_generic usbhid ahci libahci i2c_hid hid wmi video
[   85.177113] CPU: 1 PID: 19 Comm: kworker/1:0 Tainted: G        W  OE     5.3.0-53-generic #47~18.04.1-Ubuntu
[   85.177114] Hardware name: ASUSTeK COMPUTER INC. X510UNR/X510UNR, BIOS X510UNR.309 05/14/2019
[   85.177118] Workqueue: pm pm_runtime_work
[   85.177144] RIP: 0010:nvkm_pmu_reset+0x151/0x170 [nouveau]
[   85.177145] Code: 45 b8 48 8b 40 10 48 8b 78 10 4c 8b 6f 50 4d 85 ed 74 23 e8 61 01 49 d1 4c 89 ea 48 89 c6 48 c7 c7 f9 89 b5 c0 e8 0f e2 e4 d0 <0f> 0b e9 4e ff ff ff 48 8b 1f eb aa 4c 8b 2f eb d8 e8 d9 e4 e4 d0
[   85.177145] RSP: 0018:ffffc27bc012bb40 EFLAGS: 00010286
[   85.177146] RAX: 0000000000000000 RBX: ffff9d65e38e8c00 RCX: 0000000000000006
[   85.177147] RDX: 0000000000000007 RSI: 0000000000000082 RDI: ffff9d65e6a57440
[   85.177147] RBP: ffffc27bc012bb88 R08: 000000000000051e R09: 0000000000000004
[   85.177148] R10: ffffc27bc012bb28 R11: 0000000000000001 R12: ffff9d65dba60300
[   85.177148] R13: ffff9d65e4bc9ea0 R14: 00000013669da313 R15: 0000001361cc4607
[   85.177149] FS:  0000000000000000(0000) GS:ffff9d65e6a40000(0000) knlGS:0000000000000000
[   85.177150] CS:  0010 DS: 0000 ES: 0000 CR0: 0000000080050033
[   85.177150] CR2: 0000556eb40c3320 CR3: 0000000152a0a002 CR4: 00000000003606e0
[   85.177150] Call Trace:
[   85.177175]  nvkm_pmu_init+0x1b/0x40 [nouveau]
[   85.177191]  nvkm_subdev_init+0xb3/0x1d0 [nouveau]
[   85.177216]  nvkm_device_init+0x11a/0x250 [nouveau]
[   85.177240]  nvkm_udevice_init+0x48/0x60 [nouveau]
[   85.177255]  nvkm_object_init+0x42/0x190 [nouveau]
[   85.177271]  nvkm_object_init+0xa9/0x190 [nouveau]
[   85.177286]  nvkm_object_init+0xa9/0x190 [nouveau]
[   85.177311]  nvkm_client_resume+0xe/0x10 [nouveau]
[   85.177326]  nvif_client_resume+0x1d/0x20 [nouveau]
[   85.177350]  nouveau_do_resume+0x2f/0x1a0 [nouveau]
[   85.177374]  nouveau_pmops_runtime_resume+0x86/0x180 [nouveau]
[   85.177376]  ? pci_restore_standard_config+0x50/0x50
[   85.177377]  pci_pm_runtime_resume+0x73/0xd0
[   85.177378]  __rpm_callback+0x9b/0x150
[   85.177379]  ? pci_restore_standard_config+0x50/0x50
[   85.177381]  rpm_callback+0x24/0x80
[   85.177381]  ? pci_restore_standard_config+0x50/0x50
[   85.177383]  rpm_resume+0x502/0x780
[   85.177384]  ? __switch_to+0x85/0x480
[   85.177386]  ? __switch_to_asm+0x40/0x70
[   85.177387]  ? __switch_to_asm+0x34/0x70
[   85.177389]  pm_runtime_work+0x58/0xa0
[   85.177391]  process_one_work+0x1fd/0x3f0
[   85.177392]  worker_thread+0x34/0x410
[   85.177393]  kthread+0x121/0x140
[   85.177394]  ? process_one_work+0x3f0/0x3f0
[   85.177395]  ? kthread_park+0xb0/0xb0
[   85.177396]  ret_from_fork+0x35/0x40
[   85.177398] ---[ end trace 86b6744940920ad9 ]---
[   98.565619] Bluetooth: RFCOMM TTY layer initialized
[   98.565623] Bluetooth: RFCOMM socket layer initialized
[   98.565627] Bluetooth: RFCOMM ver 1.11
[  100.690839] rfkill: input handler disabled
[  477.044921] debugfs: File 'le_min_key_size' in directory 'hci0' already present!
[  477.044935] debugfs: File 'le_max_key_size' in directory 'hci0' already present!
